Component: ARM Compiler 5.06 update 7 (build 960) Tool: armlink [4d3601]

==============================================================================

Section Cross References

    startup_stm32f103xb.o(RESET) refers to startup_stm32f103xb.o(STACK) for __initial_sp
    startup_stm32f103xb.o(RESET) refers to startup_stm32f103xb.o(.text) for Reset_Handler
    startup_stm32f103xb.o(RESET) refers to stm32f1xx_it.o(i.NMI_Handler) for NMI_Handler
    startup_stm32f103xb.o(RESET) refers to stm32f1xx_it.o(i.HardFault_Handler) for HardFault_Handler
    startup_stm32f103xb.o(RESET) refers to stm32f1xx_it.o(i.MemManage_Handler) for MemManage_Handler
    startup_stm32f103xb.o(RESET) refers to stm32f1xx_it.o(i.BusFault_Handler) for BusFault_Handler
    startup_stm32f103xb.o(RESET) refers to stm32f1xx_it.o(i.UsageFault_Handler) for UsageFault_Handler
    startup_stm32f103xb.o(RESET) refers to stm32f1xx_it.o(i.SVC_Handler) for SVC_Handler
    startup_stm32f103xb.o(RESET) refers to stm32f1xx_it.o(i.DebugMon_Handler) for DebugMon_Handler
    startup_stm32f103xb.o(RESET) refers to stm32f1xx_it.o(i.PendSV_Handler) for PendSV_Handler
    startup_stm32f103xb.o(RESET) refers to stm32f1xx_it.o(i.SysTick_Handler) for SysTick_Handler
    startup_stm32f103xb.o(RESET) refers to stm32f1xx_it.o(i.ADC1_2_IRQHandler) for ADC1_2_IRQHandler
    startup_stm32f103xb.o(RESET) refers to stm32f1xx_it.o(i.TIM3_IRQHandler) for TIM3_IRQHandler
    startup_stm32f103xb.o(RESET) refers to stm32f1xx_it.o(i.TIM4_IRQHandler) for TIM4_IRQHandler
    startup_stm32f103xb.o(RESET) refers to stm32f1xx_it.o(i.I2C2_EV_IRQHandler) for I2C2_EV_IRQHandler
    startup_stm32f103xb.o(RESET) refers to stm32f1xx_it.o(i.USART2_IRQHandler) for USART2_IRQHandler
    startup_stm32f103xb.o(.text) refers to system_stm32f1xx.o(i.SystemInit) for SystemInit
    startup_stm32f103xb.o(.text) refers to entry.o(.ARM.Collect$$$$00000000) for __main
    main.o(i.MX_ADC1_Init) refers to stm32f1xx_hal_adc.o(i.HAL_ADC_Init) for HAL_ADC_Init
    main.o(i.MX_ADC1_Init) refers to stm32f1xx_hal_adc.o(i.HAL_ADC_ConfigChannel) for HAL_ADC_ConfigChannel
    main.o(i.MX_ADC1_Init) refers to main.o(.bss) for .bss
    main.o(i.MX_TIM3_Init) refers to stm32f1xx_hal_tim.o(i.HAL_TIM_Base_Init) for HAL_TIM_Base_Init
    main.o(i.MX_TIM3_Init) refers to stm32f1xx_hal_tim.o(i.HAL_TIM_ConfigClockSource) for HAL_TIM_ConfigClockSource
    main.o(i.MX_TIM3_Init) refers to stm32f1xx_hal_tim_ex.o(i.HAL_TIMEx_MasterConfigSynchronization) for HAL_TIMEx_MasterConfigSynchronization
    main.o(i.MX_TIM3_Init) refers to main.o(.bss) for .bss
    main.o(i.MX_TIM4_Init) refers to stm32f1xx_hal_tim.o(i.HAL_TIM_Base_Init) for HAL_TIM_Base_Init
    main.o(i.MX_TIM4_Init) refers to stm32f1xx_hal_tim.o(i.HAL_TIM_ConfigClockSource) for HAL_TIM_ConfigClockSource
    main.o(i.MX_TIM4_Init) refers to stm32f1xx_hal_tim_ex.o(i.HAL_TIMEx_MasterConfigSynchronization) for HAL_TIMEx_MasterConfigSynchronization
    main.o(i.MX_TIM4_Init) refers to main.o(.bss) for .bss
    main.o(i.SystemClock_Config) refers to memseta.o(.text) for __aeabi_memclr4
    main.o(i.SystemClock_Config) refers to stm32f1xx_hal_rcc.o(i.HAL_RCC_OscConfig) for HAL_RCC_OscConfig
    main.o(i.SystemClock_Config) refers to stm32f1xx_hal_rcc.o(i.HAL_RCC_ClockConfig) for HAL_RCC_ClockConfig
    main.o(i.SystemClock_Config) refers to stm32f1xx_hal_rcc_ex.o(i.HAL_RCCEx_PeriphCLKConfig) for HAL_RCCEx_PeriphCLKConfig
    main.o(i.main) refers to stm32f1xx_hal.o(i.HAL_Init) for HAL_Init
    main.o(i.main) refers to main.o(i.SystemClock_Config) for SystemClock_Config
    main.o(i.main) refers to stm32f1xx_hal_i2c.o(i.HAL_I2C_Init) for HAL_I2C_Init
    main.o(i.main) refers to main.o(i.MX_TIM3_Init) for MX_TIM3_Init
    main.o(i.main) refers to main.o(i.MX_ADC1_Init) for MX_ADC1_Init
    main.o(i.main) refers to stm32f1xx_hal_uart.o(i.HAL_UART_Init) for HAL_UART_Init
    main.o(i.main) refers to main.o(i.MX_TIM4_Init) for MX_TIM4_Init
    main.o(i.main) refers to stm32f1xx_hal_tim.o(i.HAL_TIM_Base_Start_IT) for HAL_TIM_Base_Start_IT
    main.o(i.main) refers to stm32f1xx_hal_adc.o(i.HAL_ADC_Start_IT) for HAL_ADC_Start_IT
    main.o(i.main) refers to at24c256.o(i._readEEPROMString) for _readEEPROMString
    main.o(i.main) refers to stm32f1xx_hal.o(i.HAL_Delay) for HAL_Delay
    main.o(i.main) refers to main.o(.bss) for .bss
    stm32f1xx_it.o(i.ADC1_2_IRQHandler) refers to stm32f1xx_hal_adc.o(i.HAL_ADC_GetValue) for HAL_ADC_GetValue
    stm32f1xx_it.o(i.ADC1_2_IRQHandler) refers to dfltui.o(.text) for __aeabi_ui2d
    stm32f1xx_it.o(i.ADC1_2_IRQHandler) refers to stm32f1xx_hal_adc.o(i.HAL_ADC_IRQHandler) for HAL_ADC_IRQHandler
    stm32f1xx_it.o(i.ADC1_2_IRQHandler) refers to main.o(.bss) for hadc1
    stm32f1xx_it.o(i.ADC1_2_IRQHandler) refers to stm32f1xx_it.o(.data) for .data
    stm32f1xx_it.o(i.I2C2_EV_IRQHandler) refers to stm32f1xx_hal_i2c.o(i.HAL_I2C_EV_IRQHandler) for HAL_I2C_EV_IRQHandler
[...]
    Removing stm32f1xx_hal_uart.o(i.HAL_MultiProcessor_EnterMuteMode), (46 bytes).
    Removing stm32f1xx_hal_uart.o(i.HAL_MultiProcessor_ExitMuteMode), (46 bytes).
    Removing stm32f1xx_hal_uart.o(i.HAL_MultiProcessor_Init), (142 bytes).
    Removing stm32f1xx_hal_uart.o(i.HAL_UART_Abort), (138 bytes).
    Removing stm32f1xx_hal_uart.o(i.HAL_UART_AbortCpltCallback), (2 bytes).
    Removing stm32f1xx_hal_uart.o(i.HAL_UART_AbortReceive), (88 bytes).
    Removing stm32f1xx_hal_uart.o(i.HAL_UART_AbortReceiveCpltCallback), (2 bytes).
    Removing stm32f1xx_hal_uart.o(i.HAL_UART_AbortReceive_IT), (92 bytes).
    Removing stm32f1xx_hal_uart.o(i.HAL_UART_AbortTransmit), (78 bytes).
    Removing stm32f1xx_hal_uart.o(i.HAL_UART_AbortTransmitCpltCallback), (2 bytes).
    Removing stm32f1xx_hal_uart.o(i.HAL_UART_AbortTransmit_IT), (84 bytes).
    Removing stm32f1xx_hal_uart.o(i.HAL_UART_Abort_IT), (172 bytes).
    Removing stm32f1xx_hal_uart.o(i.HAL_UART_DMAPause), (102 bytes).
    Removing stm32f1xx_hal_uart.o(i.HAL_UART_DMAResume), (94 bytes).
    Removing stm32f1xx_hal_uart.o(i.HAL_UART_DMAStop), (88 bytes).
    Removing stm32f1xx_hal_uart.o(i.HAL_UART_DeInit), (50 bytes).
    Removing stm32f1xx_hal_uart.o(i.HAL_UART_GetError), (4 bytes).
    Removing stm32f1xx_hal_uart.o(i.HAL_UART_GetState), (10 bytes).
    Removing stm32f1xx_hal_uart.o(i.HAL_UART_MspDeInit), (2 bytes).
    Removing stm32f1xx_hal_uart.o(i.HAL_UART_MspInit), (2 bytes).
    Removing stm32f1xx_hal_uart.o(i.HAL_UART_Receive), (188 bytes).
    Removing stm32f1xx_hal_uart.o(i.HAL_UART_Receive_DMA), (152 bytes).
    Removing stm32f1xx_hal_uart.o(i.HAL_UART_Receive_IT), (82 bytes).
    Removing stm32f1xx_hal_uart.o(i.HAL_UART_RxHalfCpltCallback), (2 bytes).
    Removing stm32f1xx_hal_uart.o(i.HAL_UART_Transmit), (178 bytes).
    Removing stm32f1xx_hal_uart.o(i.HAL_UART_Transmit_DMA), (128 bytes).
    Removing stm32f1xx_hal_uart.o(i.HAL_UART_TxHalfCpltCallback), (2 bytes).
    Removing stm32f1xx_hal_uart.o(i.UART_DMAError), (74 bytes).
    Removing stm32f1xx_hal_uart.o(i.UART_DMAReceiveCplt), (60 bytes).
    Removing stm32f1xx_hal_uart.o(i.UART_DMARxAbortCallback), (42 bytes).
    Removing stm32f1xx_hal_uart.o(i.UART_DMARxHalfCplt), (10 bytes).
    Removing stm32f1xx_hal_uart.o(i.UART_DMARxOnlyAbortCallback), (20 bytes).
    Removing stm32f1xx_hal_uart.o(i.UART_DMATransmitCplt), (46 bytes).
    Removing stm32f1xx_hal_uart.o(i.UART_DMATxAbortCallback), (42 bytes).
    Removing stm32f1xx_hal_uart.o(i.UART_DMATxHalfCplt), (10 bytes).
    Removing stm32f1xx_hal_uart.o(i.UART_DMATxOnlyAbortCallback), (20 bytes).
    Removing stm32f1xx_hal_uart.o(i.UART_EndTxTransfer), (18 bytes).
    Removing stm32f1xx_hal_uart.o(i.UART_WaitOnFlagUntilTimeout), (100 bytes).
    Removing system_stm32f1xx.o(.rev16_text), (4 bytes).
    Removing system_stm32f1xx.o(.revsh_text), (4 bytes).
    Removing system_stm32f1xx.o(.rrx_text), (6 bytes).
    Removing system_stm32f1xx.o(i.SystemCoreClockUpdate), (104 bytes).

448 unused section(s) (total 37333 bytes) removed from the image.

==============================================================================

Image Symbol Table

    Local Symbols

    Symbol Name                              Value     Ov Type        Size  Object(Section)

    ../Core/Src/main.c                       0x00000000   Number         0  main.o ABSOLUTE
    ../Core/Src/stm32f1xx_hal_msp.c          0x00000000   Number         0  stm32f1xx_hal_msp.o ABSOLUTE
    ../Core/Src/stm32f1xx_it.c               0x00000000   Number         0  stm32f1xx_it.o ABSOLUTE
    ../Core/Src/system_stm32f1xx.c           0x00000000   Number         0  system_stm32f1xx.o ABSOLUTE
    ../Drivers/STM32F1xx_HAL_Driver/Src/stm32f1xx_hal.c 0x00000000   Number         0  stm32f1xx_hal.o ABSOLUTE
    ../Drivers/STM32F1xx_HAL_Driver/Src/stm32f1xx_hal_adc.c 0x00000000   Number         0  stm32f1xx_hal_adc.o ABSOLUTE
    ../Drivers/STM32F1xx_HAL_Driver/Src/stm32f1xx_hal_adc_ex.c 0x00000000   Number         0  stm32f1xx_hal_adc_ex.o ABSOLUTE
    ../Drivers/STM32F1xx_HAL_Driver/Src/stm32f1xx_hal_cortex.c 0x00000000   Number         0  stm32f1xx_hal_cortex.o ABSOLUTE
    ../Drivers/STM32F1xx_HAL_Driver/Src/stm32f1xx_hal_dma.c 0x00000000   Number         0  stm32f1xx_hal_dma.o ABSOLUTE
    ../Drivers/STM32F1xx_HAL_Driver/Src/stm32f1xx_hal_exti.c 0x00000000   Number         0  stm32f1xx_hal_exti.o ABSOLUTE
    ../Drivers/STM32F1xx_HAL_Driver/Src/stm32f1xx_hal_flash.c 0x00000000   Number         0  stm32f1xx_hal_flash.o ABSOLUTE
    ../Drivers/STM32F1xx_HAL_Driver/Src/stm32f1xx_hal_flash_ex.c 0x00000000   Number         0  stm32f1xx_hal_flash_ex.o ABSOLUTE
    ../Drivers/STM32F1xx_HAL_Driver/Src/stm32f1xx_hal_gpio.c 0x00000000   Number         0  stm32f1xx_hal_gpio.o ABSOLUTE
    ../Drivers/STM32F1xx_HAL_Driver/Src/stm32f1xx_hal_gpio_ex.c 0x00000000   Number         0  stm32f1xx_hal_gpio_ex.o ABSOLUTE
    ../Drivers/STM32F1xx_HAL_Driver/Src/stm32f1xx_hal_i2c.c 0x00000000   Number         0  stm32f1xx_hal_i2c.o ABSOLUTE
    ../Drivers/STM32F1xx_HAL_Driver/Src/stm32f1xx_hal_pwr.c 0x00000000   Number         0  stm32f1xx_hal_pwr.o ABSOLUTE
    ../Drivers/STM32F1xx_HAL_Driver/Src/stm32f1xx_hal_rcc.c 0x00000000   Number         0  stm32f1xx_hal_rcc.o ABSOLUTE
    ../Drivers/STM32F1xx_HAL_Driver/Src/stm32f1xx_hal_rcc_ex.c 0x00000000   Number         0  stm32f1xx_hal_rcc_ex.o ABSOLUTE
    ../Drivers/STM32F1xx_HAL_Driver/Src/stm32f1xx_hal_tim.c 0x00000000   Number         0  stm32f1xx_hal_tim.o ABSOLUTE
    ../Drivers/STM32F1xx_HAL_Driver/Src/stm32f1xx_hal_tim_ex.c 0x00000000   Number         0  stm32f1xx_hal_tim_ex.o ABSOLUTE
    ../Drivers/STM32F1xx_HAL_Driver/Src/stm32f1xx_hal_uart.c 0x00000000   Number         0  stm32f1xx_hal_uart.o ABSOLUTE
    ../clib/microlib/division.c              0x00000000   Number         0  uldiv.o ABSOLUTE
    ../clib/microlib/division.c              0x00000000   Number         0  uidiv.o ABSOLUTE
    ../clib/microlib/init/entry.s            0x00000000   Number         0  entry10b.o ABSOLUTE
    ../clib/microlib/init/entry.s            0x00000000   Number         0  entry10a.o ABSOLUTE
    ../clib/microlib/init/entry.s            0x00000000   Number         0  entry9a.o ABSOLUTE
    ../clib/microlib/init/entry.s            0x00000000   Number         0  entry8a.o ABSOLUTE
    ../clib/microlib/init/entry.s            0x00000000   Number         0  entry7b.o ABSOLUTE
    ../clib/microlib/init/entry.s            0x00000000   Number         0  entry7a.o ABSOLUTE
    ../clib/microlib/init/entry.s            0x00000000   Number         0  entry5.o ABSOLUTE
    ../clib/microlib/init/entry.s            0x00000000   Number         0  entry8b.o ABSOLUTE
    ../clib/microlib/init/entry.s            0x00000000   Number         0  entry.o ABSOLUTE
    ../clib/microlib/init/entry.s            0x00000000   Number         0  entry11a.o ABSOLUTE
    ../clib/microlib/init/entry.s            0x00000000   Number         0  entry9b.o ABSOLUTE
    ../clib/microlib/init/entry.s            0x00000000   Number         0  entry12b.o ABSOLUTE
    ../clib/microlib/init/entry.s            0x00000000   Number         0  entry12a.o ABSOLUTE
    ../clib/microlib/init/entry.s            0x00000000   Number         0  entry2.o ABSOLUTE
    ../clib/microlib/init/entry.s            0x00000000   Number         0  entry11b.o ABSOLUTE
    ../clib/microlib/longlong.c              0x00000000   Number         0  llushr.o ABSOLUTE
    ../clib/microlib/longlong.c              0x00000000   Number         0  llsshr.o ABSOLUTE
    ../clib/microlib/longlong.c              0x00000000   Number         0  llshl.o ABSOLUTE
    ../clib/microlib/printf/printf.c         0x00000000   Number         0  printf3.o ABSOLUTE
    ../clib/microlib/printf/printf.c         0x00000000   Number         0  printf0.o ABSOLUTE
    ../clib/microlib/printf/printf.c         0x00000000   Number         0  printf1.o ABSOLUTE
    ../clib/microlib/printf/printf.c         0x00000000   Number         0  printf2.o ABSOLUTE
    ../clib/microlib/printf/printf.c         0x00000000   Number         0  printf4.o ABSOLUTE
    ../clib/microlib/printf/printf.c         0x00000000   Number         0  printfb.o ABSOLUTE
    ../clib/microlib/printf/printf.c         0x00000000   Number         0  printf8.o ABSOLUTE
    ../clib/microlib/printf/printf.c         0x00000000   Number         0  printf7.o ABSOLUTE
    ../clib/microlib/printf/printf.c         0x00000000   Number         0  printf6.o ABSOLUTE
    ../clib/microlib/printf/printf.c         0x00000000   Number         0  printf5.o ABSOLUTE
    ../clib/microlib/printf/printf.c         0x00000000   Number         0  printfa.o ABSOLUTE
    ../clib/microlib/printf/stubs.s          0x00000000   Number         0  stubs.o ABSOLUTE
    ../clib/microlib/stdio/fputc.c           0x00000000   Number         0  fputc.o ABSOLUTE
    ../clib/microlib/stdio/semi.s            0x00000000   Number         0  semi.o ABSOLUTE
    ../clib/microlib/stdio/streams.c         0x00000000   Number         0  stdout.o ABSOLUTE
    ../clib/microlib/string/memset.c         0x00000000   Number         0  memseta.o ABSOLUTE
    ../clib/microlib/string/strcat.c         0x00000000   Number         0  strcat.o ABSOLUTE
    ../clib/microlib/string/strcpy.c         0x00000000   Number         0  strcpy.o ABSOLUTE
    ../clib/microlib/string/strlen.c         0x00000000   Number         0  strlen.o ABSOLUTE
    ../clib/microlib/stubs.s                 0x00000000   Number         0  iusesemip.o ABSOLUTE
    ../clib/microlib/stubs.s                 0x00000000   Number         0  iusefp.o ABSOLUTE
    ../fplib/microlib/d2f.c                  0x00000000   Number         0  d2f.o ABSOLUTE
    ../fplib/microlib/f2d.c                  0x00000000   Number         0  f2d.o ABSOLUTE
    ../fplib/microlib/fpadd.c                0x00000000   Number         0  dadd.o ABSOLUTE
    ../fplib/microlib/fpdiv.c                0x00000000   Number         0  ddiv.o ABSOLUTE
    ../fplib/microlib/fpepilogue.c           0x00000000   Number         0  fepilogue.o ABSOLUTE
    ../fplib/microlib/fpepilogue.c           0x00000000   Number         0  depilogue.o ABSOLUTE
    ../fplib/microlib/fpfix.c                0x00000000   Number         0  dfixui.o ABSOLUTE
    ../fplib/microlib/fpfix.c                0x00000000   Number         0  dfixul.o ABSOLUTE
    ../fplib/microlib/fpflt.c                0x00000000   Number         0  dfltui.o ABSOLUTE
    ../fplib/microlib/fpflt.c                0x00000000   Number         0  dflti.o ABSOLUTE
    ../fplib/microlib/fpmul.c                0x00000000   Number         0  dmul.o ABSOLUTE
    ../fplib/microlib/fpscalb.c              0x00000000   Number         0  dscalb.o ABSOLUTE
    ..\Core\Src\main.c                       0x00000000   Number         0  main.o ABSOLUTE
    ..\Core\Src\stm32f1xx_hal_msp.c          0x00000000   Number         0  stm32f1xx_hal_msp.o ABSOLUTE
    ..\Core\Src\stm32f1xx_it.c               0x00000000   Number         0  stm32f1xx_it.o ABSOLUTE
    ..\Core\Src\system_stm32f1xx.c           0x00000000   Number         0  system_stm32f1xx.o ABSOLUTE
    ..\Drivers\STM32F1xx_HAL_Driver\Src\stm32f1xx_hal.c 0x00000000   Number         0  stm32f1xx_hal.o ABSOLUTE
    ..\Drivers\STM32F1xx_HAL_Driver\Src\stm32f1xx_hal_adc.c 0x00000000   Number         0  stm32f1xx_hal_adc.o ABSOLUTE
    ..\Drivers\STM32F1xx_HAL_Driver\Src\stm32f1xx_hal_adc_ex.c 0x00000000   Number         0  stm32f1xx_hal_adc_ex.o ABSOLUTE
    ..\Drivers\STM32F1xx_HAL_Driver\Src\stm32f1xx_hal_cortex.c 0x00000000   Number         0  stm32f1xx_hal_cortex.o ABSOLUTE
    ..\Drivers\STM32F1xx_HAL_Driver\Src\stm32f1xx_hal_dma.c 0x00000000   Number         0  stm32f1xx_hal_dma.o ABSOLUTE
    ..\Drivers\STM32F1xx_HAL_Driver\Src\stm32f1xx_hal_exti.c 0x00000000   Number         0  stm32f1xx_hal_exti.o ABSOLUTE
    ..\Drivers\STM32F1xx_HAL_Driver\Src\stm32f1xx_hal_flash.c 0x00000000   Number         0  stm32f1xx_hal_flash.o ABSOLUTE
    ..\Drivers\STM32F1xx_HAL_Driver\Src\stm32f1xx_hal_flash_ex.c 0x00000000   Number         0  stm32f1xx_hal_flash_ex.o ABSOLUTE
    ..\Drivers\STM32F1xx_HAL_Driver\Src\stm32f1xx_hal_gpio.c 0x00000000   Number         0  stm32f1xx_hal_gpio.o ABSOLUTE
    ..\Drivers\STM32F1xx_HAL_Driver\Src\stm32f1xx_hal_gpio_ex.c 0x00000000   Number         0  stm32f1xx_hal_gpio_ex.o ABSOLUTE
    ..\Drivers\STM32F1xx_HAL_Driver\Src\stm32f1xx_hal_i2c.c 0x00000000   Number         0  stm32f1xx_hal_i2c.o ABSOLUTE
    ..\Drivers\STM32F1xx_HAL_Driver\Src\stm32f1xx_hal_pwr.c 0x00000000   Number         0  stm32f1xx_hal_pwr.o ABSOLUTE
    ..\Drivers\STM32F1xx_HAL_Driver\Src\stm32f1xx_hal_rcc.c 0x00000000   Number         0  stm32f1xx_hal_rcc.o ABSOLUTE
    ..\Drivers\STM32F1xx_HAL_Driver\Src\stm32f1xx_hal_rcc_ex.c 0x00000000   Number         0  stm32f1xx_hal_rcc_ex.o ABSOLUTE
    ..\Drivers\STM32F1xx_HAL_Driver\Src\stm32f1xx_hal_tim.c 0x00000000   Number         0  stm32f1xx_hal_tim.o ABSOLUTE
    ..\Drivers\STM32F1xx_HAL_Driver\Src\stm32f1xx_hal_tim_ex.c 0x00000000   Number         0  stm32f1xx_hal_tim_ex.o ABSOLUTE
    ..\Drivers\STM32F1xx_HAL_Driver\Src\stm32f1xx_hal_uart.c 0x00000000   Number         0  stm32f1xx_hal_uart.o ABSOLUTE
    ..\\at24c256.c                           0x00000000   Number         0  at24c256.o ABSOLUTE
    ..\at24c256.c                            0x00000000   Number         0  at24c256.o ABSOLUTE
    cdrcmple.s                               0x00000000   Number         0  cdrcmple.o ABSOLUTE
    dc.s                                     0x00000000   Number         0  dc.o ABSOLUTE
    handlers.s                               0x00000000   Number         0  handlers.o ABSOLUTE
    init.s                                   0x00000000   Number         0  init.o ABSOLUTE
    startup_stm32f103xb.s                    0x00000000   Number         0  startup_stm32f103xb.o ABSOLUTE
    RESET                                    0x08000000   Section      236  startup_stm32f103xb.o(RESET)
    .ARM.Collect$$$$00000000                 0x080000ec   Section        0  entry.o(.ARM.Collect$$$$00000000)
    .ARM.Collect$$$$00000001                 0x080000ec   Section        4  entry2.o(.ARM.Collect$$$$00000001)
    .ARM.Collect$$$$00000004                 0x080000f0   Section        4  entry5.o(.ARM.Collect$$$$00000004)
    .ARM.Collect$$$$00000008                 0x080000f4   Section        0  entry7b.o(.ARM.Collect$$$$00000008)
    .ARM.Collect$$$$0000000A                 0x080000f4   Section        0  entry8b.o(.ARM.Collect$$$$0000000A)
    .ARM.Collect$$$$0000000B                 0x080000f4   Section        8  entry9a.o(.ARM.Collect$$$$0000000B)
    .ARM.Collect$$$$0000000E                 0x080000fc   Section        4  entry12b.o(.ARM.Collect$$$$0000000E)
    .ARM.Collect$$$$0000000F                 0x08000100   Section        0  entry10a.o(.ARM.Collect$$$$0000000F)
    .ARM.Collect$$$$00000011                 0x08000100   Section        0  entry11a.o(.ARM.Collect$$$$00000011)
    .ARM.Collect$$$$00002712                 0x08000100   Section        4  entry2.o(.ARM.Collect$$$$00002712)
    __lit__00000000                          0x08000100   Data           4  entry2.o(.ARM.Collect$$$$00002712)
    .text                                    0x08000104   Section       36  startup_stm32f103xb.o(.text)
    .text                                    0x08000128   Section        0  llushr.o(.text)
    .text                                    0x08000148   Section        0  memseta.o(.text)
    .text                                    0x0800016c   Section        0  strcat.o(.text)
    .text                                    0x08000184   Section        0  strlen.o(.text)
    .text                                    0x08000192   Section        0  strcpy.o(.text)
    .text                                    0x080001a4   Section        0  dmul.o(.text)
    .text                                    0x08000288   Section        0  ddiv.o(.text)
    .text                                    0x08000366   Section        0  dscalb.o(.text)
    .text                                    0x08000394   Section        0  dflti.o(.text)
    .text                                    0x080003b6   Section        0  dfltui.o(.text)
    .text                                    0x080003d0   Section        0  dfixui.o(.text)
    .text                                    0x08000402   Section        0  f2d.o(.text)
    .text                                    0x08000428   Section        0  d2f.o(.text)
    .text                                    0x08000460   Section        0  uidiv.o(.text)
    .text                                    0x0800048c   Section        0  uldiv.o(.text)
    .text                                    0x080004ee   Section        0  iusefp.o(.text)
    .text                                    0x080004ee   Section        0  fepilogue.o(.text)
    .text                                    0x0800055c   Section        0  depilogue.o(.text)
    .text                                    0x08000616   Section        0  dadd.o(.text)
    .text                                    0x08000764   Section        0  dfixul.o(.text)
    .text                                    0x08000794   Section       48  cdrcmple.o(.text)
    .text                                    0x080007c4   Section       36  init.o(.text)
    .text                                    0x080007e8   Section        0  llshl.o(.text)
    .text                                    0x08000806   Section        0  llsshr.o(.text)
    i.ADC1_2_IRQHandler                      0x0800082c   Section        0  stm32f1xx_it.o(i.ADC1_2_IRQHandler)
    i.ADC_ConversionStop_Disable             0x08000850   Section        0  stm32f1xx_hal_adc.o(i.ADC_ConversionStop_Disable)
    i.ADC_Enable                             0x0800089c   Section        0  stm32f1xx_hal_adc.o(i.ADC_Enable)
    i.BusFault_Handler                       0x0800090c   Section        0  stm32f1xx_it.o(i.BusFault_Handler)
    i.DebugMon_Handler                       0x0800090e   Section        0  stm32f1xx_it.o(i.DebugMon_Handler)
    i.HAL_ADCEx_InjectedConvCpltCallback     0x08000910   Section        0  stm32f1xx_hal_adc_ex.o(i.HAL_ADCEx_InjectedConvCpltCallback)
    i.HAL_ADC_ConfigChannel                  0x08000914   Section        0  stm32f1xx_hal_adc.o(i.HAL_ADC_ConfigChannel)
    i.HAL_ADC_ConvCpltCallback               0x08000a10   Section        0  stm32f1xx_hal_adc.o(i.HAL_ADC_ConvCpltCallback)
    i.HAL_ADC_GetValue                       0x08000a12   Section        0  stm32f1xx_hal_adc.o(i.HAL_ADC_GetValue)
    i.HAL_ADC_IRQHandler                     0x08000a18   Section        0  stm32f1xx_hal_adc.o(i.HAL_ADC_IRQHandler)
    i.HAL_ADC_Init                           0x08000b00   Section        0  stm32f1xx_hal_adc.o(i.HAL_ADC_Init)
    i.HAL_ADC_LevelOutOfWindowCallback       0x08000c1c   Section        0  stm32f1xx_hal_adc.o(i.HAL_ADC_LevelOutOfWindowCallback)
    i.HAL_ADC_MspInit                        0x08000c20   Section        0  stm32f1xx_hal_msp.o(i.HAL_ADC_MspInit)
    i.HAL_ADC_Start_IT                       0x08000c88   Section        0  stm32f1xx_hal_adc.o(i.HAL_ADC_Start_IT)
    i.HAL_DMA_Abort_IT                       0x08000d54   Section        0  stm32f1xx_hal_dma.o(i.HAL_DMA_Abort_IT)
    i.HAL_DMA_GetState                       0x08000dec   Section        0  stm32f1xx_hal_dma.o(i.HAL_DMA_GetState)
    i.HAL_Delay                              0x08000df4   Section        0  stm32f1xx_hal.o(i.HAL_Delay)
    i.HAL_GPIO_Init                          0x08000e18   Section        0  stm32f1xx_hal_gpio.o(i.HAL_GPIO_Init)
    i.HAL_GetTick                            0x08000ff8   Section        0  stm32f1xx_hal.o(i.HAL_GetTick)
    i.HAL_I2C_AbortCpltCallback              0x08001004   Section        0  stm32f1xx_hal_i2c.o(i.HAL_I2C_AbortCpltCallback)
    i.HAL_I2C_AddrCallback                   0x08001006   Section        0  stm32f1xx_hal_i2c.o(i.HAL_I2C_AddrCallback)
    i.HAL_I2C_EV_IRQHandler                  0x08001008   Section        0  stm32f1xx_hal_i2c.o(i.HAL_I2C_EV_IRQHandler)
    i.HAL_I2C_ErrorCallback                  0x0800126e   Section        0  stm32f1xx_hal_i2c.o(i.HAL_I2C_ErrorCallback)
    i.HAL_I2C_Init                           0x08001270   Section        0  stm32f1xx_hal_i2c.o(i.HAL_I2C_Init)
    i.HAL_I2C_ListenCpltCallback             0x080013f8   Section        0  stm32f1xx_hal_i2c.o(i.HAL_I2C_ListenCpltCallback)
    i.HAL_I2C_MasterRxCpltCallback           0x080013fa   Section        0  stm32f1xx_hal_i2c.o(i.HAL_I2C_MasterRxCpltCallback)
    i.HAL_I2C_MasterTxCpltCallback           0x080013fc   Section        0  stm32f1xx_hal_i2c.o(i.HAL_I2C_MasterTxCpltCallback)
    i.HAL_I2C_Master_Receive                 0x08001400   Section        0  stm32f1xx_hal_i2c.o(i.HAL_I2C_Master_Receive)
    i.HAL_I2C_Master_Transmit                0x08001644   Section        0  stm32f1xx_hal_i2c.o(i.HAL_I2C_Master_Transmit)
    i.HAL_I2C_MemRxCpltCallback              0x08001770   Section        0  stm32f1xx_hal_i2c.o(i.HAL_I2C_MemRxCpltCallback)
    i.HAL_I2C_MemTxCpltCallback              0x08001772   Section        0  stm32f1xx_hal_i2c.o(i.HAL_I2C_MemTxCpltCallback)
    i.HAL_I2C_Mem_Read                       0x08001774   Section        0  stm32f1xx_hal_i2c.o(i.HAL_I2C_Mem_Read)
    i.HAL_I2C_Mem_Write                      0x080019c4   Section        0  stm32f1xx_hal_i2c.o(i.HAL_I2C_Mem_Write)
    i.HAL_I2C_MspInit                        0x08001af4   Section        0  stm32f1xx_hal_msp.o(i.HAL_I2C_MspInit)
    i.HAL_I2C_SlaveRxCpltCallback            0x08001b64   Section        0  stm32f1xx_hal_i2c.o(i.HAL_I2C_SlaveRxCpltCallback)
    i.HAL_I2C_SlaveTxCpltCallback            0x08001b66   Section        0  stm32f1xx_hal_i2c.o(i.HAL_I2C_SlaveTxCpltCallback)
    i.HAL_IncTick                            0x08001b68   Section        0  stm32f1xx_hal.o(i.HAL_IncTick)
    i.HAL_Init                               0x08001b78   Section        0  stm32f1xx_hal.o(i.HAL_Init)
    i.HAL_InitTick                           0x08001b9c   Section        0  stm32f1xx_hal.o(i.HAL_InitTick)
    i.HAL_MspInit                            0x08001bdc   Section        0  stm32f1xx_hal_msp.o(i.HAL_MspInit)
    i.HAL_NVIC_EnableIRQ                     0x08001c18   Section        0  stm32f1xx_hal_cortex.o(i.HAL_NVIC_EnableIRQ)
    i.HAL_NVIC_SetPriority                   0x08001c34   Section        0  stm32f1xx_hal_cortex.o(i.HAL_NVIC_SetPriority)
    i.HAL_NVIC_SetPriorityGrouping           0x08001c74   Section        0  stm32f1xx_hal_cortex.o(i.HAL_NVIC_SetPriorityGrouping)
    i.HAL_RCCEx_PeriphCLKConfig              0x08001c98   Section        0  stm32f1xx_hal_rcc_ex.o(i.HAL_RCCEx_PeriphCLKConfig)
    i.HAL_RCC_ClockConfig                    0x08001d84   Section        0  stm32f1xx_hal_rcc.o(i.HAL_RCC_ClockConfig)
    i.HAL_RCC_GetPCLK1Freq                   0x08001eb0   Section        0  stm32f1xx_hal_rcc.o(i.HAL_RCC_GetPCLK1Freq)
    i.HAL_RCC_GetPCLK2Freq                   0x08001ed0   Section        0  stm32f1xx_hal_rcc.o(i.HAL_RCC_GetPCLK2Freq)
    i.HAL_RCC_GetSysClockFreq                0x08001ef0   Section        0  stm32f1xx_hal_rcc.o(i.HAL_RCC_GetSysClockFreq)
    i.HAL_RCC_OscConfig                      0x08001f5c   Section        0  stm32f1xx_hal_rcc.o(i.HAL_RCC_OscConfig)
    i.HAL_SYSTICK_Config                     0x0800227c   Section        0  stm32f1xx_hal_cortex.o(i.HAL_SYSTICK_Config)
    i.HAL_TIMEx_BreakCallback                0x080022a4   Section        0  stm32f1xx_hal_tim_ex.o(i.HAL_TIMEx_BreakCallback)
    i.HAL_TIMEx_CommutCallback               0x080022a6   Section        0  stm32f1xx_hal_tim_ex.o(i.HAL_TIMEx_CommutCallback)
    i.HAL_TIMEx_MasterConfigSynchronization  0x080022a8   Section        0  stm32f1xx_hal_tim_ex.o(i.HAL_TIMEx_MasterConfigSynchronization)
    i.HAL_TIM_Base_Init                      0x08002310   Section        0  stm32f1xx_hal_tim.o(i.HAL_TIM_Base_Init)
    i.HAL_TIM_Base_MspInit                   0x0800236c   Section        0  stm32f1xx_hal_msp.o(i.HAL_TIM_Base_MspInit)
    i.HAL_TIM_Base_Start_IT                  0x080023d0   Section        0  stm32f1xx_hal_tim.o(i.HAL_TIM_Base_Start_IT)
    i.HAL_TIM_ConfigClockSource              0x08002428   Section        0  stm32f1xx_hal_tim.o(i.HAL_TIM_ConfigClockSource)
    i.HAL_TIM_IC_CaptureCallback             0x080024fe   Section        0  stm32f1xx_hal_tim.o(i.HAL_TIM_IC_CaptureCallback)
    i.HAL_TIM_IRQHandler                     0x08002500   Section        0  stm32f1xx_hal_tim.o(i.HAL_TIM_IRQHandler)
    i.HAL_TIM_OC_DelayElapsedCallback        0x08002666   Section        0  stm32f1xx_hal_tim.o(i.HAL_TIM_OC_DelayElapsedCallback)
    i.HAL_TIM_PWM_PulseFinishedCallback      0x08002668   Section        0  stm32f1xx_hal_tim.o(i.HAL_TIM_PWM_PulseFinishedCallback)
    i.HAL_TIM_PeriodElapsedCallback          0x0800266a   Section        0  stm32f1xx_hal_tim.o(i.HAL_TIM_PeriodElapsedCallback)
    i.HAL_TIM_TriggerCallback                0x0800266c   Section        0  stm32f1xx_hal_tim.o(i.HAL_TIM_TriggerCallback)
    i.HAL_UART_ErrorCallback                 0x0800266e   Section        0  stm32f1xx_hal_uart.o(i.HAL_UART_ErrorCallback)
    i.HAL_UART_IRQHandler                    0x08002670   Section        0  stm32f1xx_hal_uart.o(i.HAL_UART_IRQHandler)
    i.HAL_UART_Init                          0x080027cc   Section        0  stm32f1xx_hal_uart.o(i.HAL_UART_Init)
    i.HAL_UART_MspInit                       0x08002830   Section        0  stm32f1xx_hal_msp.o(i.HAL_UART_MspInit)
    i.HAL_UART_RxCpltCallback                0x080028b0   Section        0  stm32f1xx_hal_uart.o(i.HAL_UART_RxCpltCallback)
    i.HAL_UART_Transmit_IT                   0x080028b2   Section        0  stm32f1xx_hal_uart.o(i.HAL_UART_Transmit_IT)
    i.HAL_UART_TxCpltCallback                0x080028f0   Section        0  stm32f1xx_hal_uart.o(i.HAL_UART_TxCpltCallback)
    i.HardFault_Handler                      0x080028f2   Section        0  stm32f1xx_it.o(i.HardFault_Handler)
    i.I2C2_EV_IRQHandler                     0x080028f4   Section        0  stm32f1xx_it.o(i.I2C2_EV_IRQHandler)
    i.I2C_DMAAbort                           0x08002900   Section        0  stm32f1xx_hal_i2c.o(i.I2C_DMAAbort)
    I2C_DMAAbort                             0x08002901   Thumb Code   182  stm32f1xx_hal_i2c.o(i.I2C_DMAAbort)
    i.I2C_ITError                            0x080029bc   Section        0  stm32f1xx_hal_i2c.o(i.I2C_ITError)
    I2C_ITError                              0x080029bd   Thumb Code   336  stm32f1xx_hal_i2c.o(i.I2C_ITError)
    i.I2C_IsAcknowledgeFailed                0x08002b14   Section        0  stm32f1xx_hal_i2c.o(i.I2C_IsAcknowledgeFailed)
    I2C_IsAcknowledgeFailed                  0x08002b15   Thumb Code    46  stm32f1xx_hal_i2c.o(i.I2C_IsAcknowledgeFailed)
    i.I2C_MasterReceive_BTF                  0x08002b42   Section        0  stm32f1xx_hal_i2c.o(i.I2C_MasterReceive_BTF)
    I2C_MasterReceive_BTF                    0x08002b43   Thumb Code   210  stm32f1xx_hal_i2c.o(i.I2C_MasterReceive_BTF)
    i.I2C_MasterReceive_RXNE                 0x08002c14   Section        0  stm32f1xx_hal_i2c.o(i.I2C_MasterReceive_RXNE)
    I2C_MasterReceive_RXNE                   0x08002c15   Thumb Code   228  stm32f1xx_hal_i2c.o(i.I2C_MasterReceive_RXNE)
    i.I2C_MasterRequestRead                  0x08002cfc   Section        0  stm32f1xx_hal_i2c.o(i.I2C_MasterRequestRead)
    I2C_MasterRequestRead                    0x08002cfd   Thumb Code   230  stm32f1xx_hal_i2c.o(i.I2C_MasterRequestRead)
    i.I2C_MasterRequestWrite                 0x08002de8   Section        0  stm32f1xx_hal_i2c.o(i.I2C_MasterRequestWrite)
    I2C_MasterRequestWrite                   0x08002de9   Thumb Code   150  stm32f1xx_hal_i2c.o(i.I2C_MasterRequestWrite)
    i.I2C_MasterTransmit_BTF                 0x08002e84   Section        0  stm32f1xx_hal_i2c.o(i.I2C_MasterTransmit_BTF)
    I2C_MasterTransmit_BTF                   0x08002e85   Thumb Code   116  stm32f1xx_hal_i2c.o(i.I2C_MasterTransmit_BTF)
    i.I2C_MasterTransmit_TXE                 0x08002ef8   Section        0  stm32f1xx_hal_i2c.o(i.I2C_MasterTransmit_TXE)
    I2C_MasterTransmit_TXE                   0x08002ef9   Thumb Code   182  stm32f1xx_hal_i2c.o(i.I2C_MasterTransmit_TXE)
    i.I2C_Master_ADDR                        0x08002fb0   Section        0  stm32f1xx_hal_i2c.o(i.I2C_Master_ADDR)
    I2C_Master_ADDR                          0x08002fb1   Thumb Code   340  stm32f1xx_hal_i2c.o(i.I2C_Master_ADDR)
    i.I2C_Master_SB                          0x08003108   Section        0  stm32f1xx_hal_i2c.o(i.I2C_Master_SB)
    I2C_Master_SB                            0x08003109   Thumb Code   140  stm32f1xx_hal_i2c.o(i.I2C_Master_SB)
    i.I2C_MemoryTransmit_TXE_BTF             0x08003194   Section        0  stm32f1xx_hal_i2c.o(i.I2C_MemoryTransmit_TXE_BTF)
    I2C_MemoryTransmit_TXE_BTF               0x08003195   Thumb Code   160  stm32f1xx_hal_i2c.o(i.I2C_MemoryTransmit_TXE_BTF)
    i.I2C_RequestMemoryRead                  0x08003234   Section        0  stm32f1xx_hal_i2c.o(i.I2C_RequestMemoryRead)
    I2C_RequestMemoryRead                    0x08003235   Thumb Code   246  stm32f1xx_hal_i2c.o(i.I2C_RequestMemoryRead)
    i.I2C_RequestMemoryWrite                 0x08003330   Section        0  stm32f1xx_hal_i2c.o(i.I2C_RequestMemoryWrite)
    I2C_RequestMemoryWrite                   0x08003331   Thumb Code   162  stm32f1xx_hal_i2c.o(i.I2C_RequestMemoryWrite)
    i.I2C_Slave_STOPF                        0x080033d8   Section        0  stm32f1xx_hal_i2c.o(i.I2C_Slave_STOPF)
    I2C_Slave_STOPF                          0x080033d9   Thumb Code   338  stm32f1xx_hal_i2c.o(i.I2C_Slave_STOPF)
    i.I2C_WaitOnBTFFlagUntilTimeout          0x08003534   Section        0  stm32f1xx_hal_i2c.o(i.I2C_WaitOnBTFFlagUntilTimeout)
    I2C_WaitOnBTFFlagUntilTimeout            0x08003535   Thumb Code    76  stm32f1xx_hal_i2c.o(i.I2C_WaitOnBTFFlagUntilTimeout)
    i.I2C_WaitOnFlagUntilTimeout             0x08003580   Section        0  stm32f1xx_hal_i2c.o(i.I2C_WaitOnFlagUntilTimeout)
    I2C_WaitOnFlagUntilTimeout               0x08003581   Thumb Code   104  stm32f1xx_hal_i2c.o(i.I2C_WaitOnFlagUntilTimeout)
    i.I2C_WaitOnMasterAddressFlagUntilTimeout 0x080035e8   Section        0  stm32f1xx_hal_i2c.o(i.I2C_WaitOnMasterAddressFlagUntilTimeout)
    I2C_WaitOnMasterAddressFlagUntilTimeout  0x080035e9   Thumb Code   150  stm32f1xx_hal_i2c.o(i.I2C_WaitOnMasterAddressFlagUntilTimeout)
    i.I2C_WaitOnRXNEFlagUntilTimeout         0x0800367e   Section        0  stm32f1xx_hal_i2c.o(i.I2C_WaitOnRXNEFlagUntilTimeout)
    I2C_WaitOnRXNEFlagUntilTimeout           0x0800367f   Thumb Code   102  stm32f1xx_hal_i2c.o(i.I2C_WaitOnRXNEFlagUntilTimeout)
    i.I2C_WaitOnTXEFlagUntilTimeout          0x080036e4   Section        0  stm32f1xx_hal_i2c.o(i.I2C_WaitOnTXEFlagUntilTimeout)
    I2C_WaitOnTXEFlagUntilTimeout            0x080036e5   Thumb Code    76  stm32f1xx_hal_i2c.o(i.I2C_WaitOnTXEFlagUntilTimeout)
    i.MPU6050_Init                           0x08003730   Section        0  stm32f1xx_it.o(i.MPU6050_Init)
    i.MPU6050_Read_Accel                     0x080037bc   Section        0  stm32f1xx_it.o(i.MPU6050_Read_Accel)
    i.MPU6050_Read_Gyro                      0x0800383c   Section        0  stm32f1xx_it.o(i.MPU6050_Read_Gyro)
    i.MX_ADC1_Init                           0x080038c4   Section        0  main.o(i.MX_ADC1_Init)
    MX_ADC1_Init                             0x080038c5   Thumb Code    70  main.o(i.MX_ADC1_Init)
    i.MX_TIM3_Init                           0x08003914   Section        0  main.o(i.MX_TIM3_Init)
    MX_TIM3_Init                             0x08003915   Thumb Code    96  main.o(i.MX_TIM3_Init)
    i.MX_TIM4_Init                           0x0800397c   Section        0  main.o(i.MX_TIM4_Init)
    MX_TIM4_Init                             0x0800397d   Thumb Code    94  main.o(i.MX_TIM4_Init)
    i.MemManage_Handler                      0x080039e4   Section        0  stm32f1xx_it.o(i.MemManage_Handler)
    i.NMI_Handler                            0x080039e6   Section        0  stm32f1xx_it.o(i.NMI_Handler)
    i.PendSV_Handler                         0x080039e8   Section        0  stm32f1xx_it.o(i.PendSV_Handler)
    i.SVC_Handler                            0x080039ea   Section        0  stm32f1xx_it.o(i.SVC_Handler)
    i.SysTick_Handler                        0x080039ec   Section        0  stm32f1xx_it.o(i.SysTick_Handler)
    i.SystemClock_Config                     0x080039f0   Section        0  main.o(i.SystemClock_Config)
    i.SystemInit                             0x08003a58   Section        0  system_stm32f1xx.o(i.SystemInit)
    i.TIM3_IRQHandler                        0x08003a5c   Section        0  stm32f1xx_it.o(i.TIM3_IRQHandler)
    i.TIM4_IRQHandler                        0x08003ae0   Section        0  stm32f1xx_it.o(i.TIM4_IRQHandler)
    i.TIM_Base_SetConfig                     0x08003b10   Section        0  stm32f1xx_hal_tim.o(i.TIM_Base_SetConfig)
    i.TIM_ETR_SetConfig                      0x08003b7c   Section        0  stm32f1xx_hal_tim.o(i.TIM_ETR_SetConfig)
    i.TIM_ITRx_SetConfig                     0x08003b90   Section        0  stm32f1xx_hal_tim.o(i.TIM_ITRx_SetConfig)
    TIM_ITRx_SetConfig                       0x08003b91   Thumb Code    16  stm32f1xx_hal_tim.o(i.TIM_ITRx_SetConfig)
    i.TIM_TI1_ConfigInputStage               0x08003ba0   Section        0  stm32f1xx_hal_tim.o(i.TIM_TI1_ConfigInputStage)
    TIM_TI1_ConfigInputStage                 0x08003ba1   Thumb Code    34  stm32f1xx_hal_tim.o(i.TIM_TI1_ConfigInputStage)
    i.TIM_TI2_ConfigInputStage               0x08003bc2   Section        0  stm32f1xx_hal_tim.o(i.TIM_TI2_ConfigInputStage)
    TIM_TI2_ConfigInputStage                 0x08003bc3   Thumb Code    36  stm32f1xx_hal_tim.o(i.TIM_TI2_ConfigInputStage)
    i.UART_DMAAbortOnError                   0x08003be6   Section        0  stm32f1xx_hal_uart.o(i.UART_DMAAbortOnError)
    UART_DMAAbortOnError                     0x08003be7   Thumb Code    16  stm32f1xx_hal_uart.o(i.UART_DMAAbortOnError)
    i.UART_EndRxTransfer                     0x08003bf6   Section        0  stm32f1xx_hal_uart.o(i.UART_EndRxTransfer)
    UART_EndRxTransfer                       0x08003bf7   Thumb Code    28  stm32f1xx_hal_uart.o(i.UART_EndRxTransfer)
    i.UART_Receive_IT                        0x08003c12   Section        0  stm32f1xx_hal_uart.o(i.UART_Receive_IT)
    UART_Receive_IT                          0x08003c13   Thumb Code   140  stm32f1xx_hal_uart.o(i.UART_Receive_IT)
    i.UART_SetConfig                         0x08003ca0   Section        0  stm32f1xx_hal_uart.o(i.UART_SetConfig)
    UART_SetConfig                           0x08003ca1   Thumb Code   178  stm32f1xx_hal_uart.o(i.UART_SetConfig)
    i.USART2_IRQHandler                      0x08003d58   Section        0  stm32f1xx_it.o(i.USART2_IRQHandler)
    i.UsageFault_Handler                     0x08003d64   Section        0  stm32f1xx_it.o(i.UsageFault_Handler)
    i.__0snprintf                            0x08003d68   Section        0  printfa.o(i.__0snprintf)
    i.__NVIC_SetPriority                     0x08003d9c   Section        0  stm32f1xx_hal_cortex.o(i.__NVIC_SetPriority)
    __NVIC_SetPriority                       0x08003d9d   Thumb Code    32  stm32f1xx_hal_cortex.o(i.__NVIC_SetPriority)
    i.__scatterload_copy                     0x08003dbc   Section       14  handlers.o(i.__scatterload_copy)
    i.__scatterload_null                     0x08003dca   Section        2  handlers.o(i.__scatterload_null)
    i.__scatterload_zeroinit                 0x08003dcc   Section       14  handlers.o(i.__scatterload_zeroinit)
    i._fp_digits                             0x08003ddc   Section        0  printfa.o(i._fp_digits)
    _fp_digits                               0x08003ddd   Thumb Code   366  printfa.o(i._fp_digits)
    i._printf_core                           0x08003f60   Section        0  printfa.o(i._printf_core)
    _printf_core                             0x08003f61   Thumb Code  1704  printfa.o(i._printf_core)
    i._printf_post_padding                   0x08004614   Section        0  printfa.o(i._printf_post_padding)
    _printf_post_padding                     0x08004615   Thumb Code    36  printfa.o(i._printf_post_padding)
    i._printf_pre_padding                    0x08004638   Section        0  printfa.o(i._printf_pre_padding)
    _printf_pre_padding                      0x08004639   Thumb Code    46  printfa.o(i._printf_pre_padding)
    i._readEEPROM                            0x08004668   Section        0  at24c256.o(i._readEEPROM)
    i._readEEPROMString                      0x08004710   Section        0  at24c256.o(i._readEEPROMString)
    i._snputc                                0x0800473a   Section        0  printfa.o(i._snputc)
    _snputc                                  0x0800473b   Thumb Code    22  printfa.o(i._snputc)
    i._writeEEPROMCustom                     0x08004750   Section        0  stm32f1xx_it.o(i._writeEEPROMCustom)
    i.concntWithTransmit                     0x08004790   Section        0  stm32f1xx_it.o(i.concntWithTransmit)
    i.main                                   0x08004808   Section        0  main.o(i.main)
    .constdata                               0x080048e8   Section       16  system_stm32f1xx.o(.constdata)
    .constdata                               0x080048f8   Section        8  system_stm32f1xx.o(.constdata)
    .data                                    0x20000000   Section        1  main.o(.data)
    .data                                    0x20000008   Section       56  stm32f1xx_it.o(.data)
    .data                                    0x20000040   Section       12  stm32f1xx_hal.o(.data)
    .data                                    0x2000004c   Section        4  system_stm32f1xx.o(.data)
    .bss                                     0x20000050   Section      440  main.o(.bss)
    .bss                                     0x20000208   Section     1000  stm32f1xx_it.o(.bss)
    STACK                                    0x200005f0   Section     1024  startup_stm32f103xb.o(STACK)

    Global Symbols

    Symbol Name                              Value     Ov Type        Size  Object(Section)

    BuildAttributes$$THM_ISAv4$P$D$K$B$S$PE$A:L22UL41UL21$X:L11$S22US41US21$IEEE1$IW$USESV6$~STKCKD$USESV7$~SHL$OTIME$ROPI$EBA8$MICROLIB$REQ8$PRES8$EABIv2 0x00000000   Number         0  anon$$obj.o ABSOLUTE
    __ARM_use_no_argv                        0x00000000   Number         0  main.o ABSOLUTE
    _printf_a                                0x00000000   Number         0  stubs.o ABSOLUTE
    _printf_c                                0x00000000   Number         0  stubs.o ABSOLUTE
    _printf_charcount                        0x00000000   Number         0  stubs.o ABSOLUTE
    _printf_d                                0x00000000   Number         0  stubs.o ABSOLUTE
    _printf_e                                0x00000000   Number         0  stubs.o ABSOLUTE
    _printf_f                                0x00000000   Number         0  stubs.o ABSOLUTE
    _printf_flags                            0x00000000   Number         0  stubs.o ABSOLUTE
    _printf_fp_dec                           0x00000000   Number         0  stubs.o ABSOLUTE
    _printf_fp_hex                           0x00000000   Number         0  stubs.o ABSOLUTE
    _printf_g                                0x00000000   Number         0  stubs.o ABSOLUTE
    _printf_i                                0x00000000   Number         0  stubs.o ABSOLUTE
    _printf_int_dec                          0x00000000   Number         0  stubs.o ABSOLUTE
    _printf_l                                0x00000000   Number         0  stubs.o ABSOLUTE
    _printf_lc                               0x00000000   Number         0  stubs.o ABSOLUTE
    _printf_ll                               0x00000000   Number         0  stubs.o ABSOLUTE
    _printf_lld                              0x00000000   Number         0  stubs.o ABSOLUTE
    _printf_lli                              0x00000000   Number         0  stubs.o ABSOLUTE
    _printf_llo                              0x00000000   Number         0  stubs.o ABSOLUTE
    _printf_llu                              0x00000000   Number         0  stubs.o ABSOLUTE
    _printf_llx                              0x00000000   Number         0  stubs.o ABSOLUTE
    _printf_longlong_dec                     0x00000000   Number         0  stubs.o ABSOLUTE
    _printf_longlong_hex                     0x00000000   Number         0  stubs.o ABSOLUTE
    _printf_longlong_oct                     0x00000000   Number         0  stubs.o ABSOLUTE
    _printf_ls                               0x00000000   Number         0  stubs.o ABSOLUTE
    _printf_mbtowc                           0x00000000   Number         0  stubs.o ABSOLUTE
    _printf_n                                0x00000000   Number         0  stubs.o ABSOLUTE
    _printf_o                                0x00000000   Number         0  stubs.o ABSOLUTE
    _printf_p                                0x00000000   Number         0  stubs.o ABSOLUTE
    _printf_percent                          0x00000000   Number         0  stubs.o ABSOLUTE
    _printf_pre_padding                      0x00000000   Number         0  stubs.o ABSOLUTE
    _printf_return_value                     0x00000000   Number         0  stubs.o ABSOLUTE
    _printf_s                                0x00000000   Number         0  stubs.o ABSOLUTE
    _printf_sizespec                         0x00000000   Number         0  stubs.o ABSOLUTE
    _printf_str                              0x00000000   Number         0  stubs.o ABSOLUTE
    _printf_truncate_signed                  0x00000000   Number         0  stubs.o ABSOLUTE
    _printf_truncate_unsigned                0x00000000   Number         0  stubs.o ABSOLUTE
    _printf_u                                0x00000000   Number         0  stubs.o ABSOLUTE
    _printf_wc                               0x00000000   Number         0  stubs.o ABSOLUTE
    _printf_wctomb                           0x00000000   Number         0  stubs.o ABSOLUTE
    _printf_widthprec                        0x00000000   Number         0  stubs.o ABSOLUTE
    _printf_x                                0x00000000   Number         0  stubs.o ABSOLUTE
    __arm_fini_                               - Undefined Weak Reference
    __cpp_initialize__aeabi_                  - Undefined Weak Reference
    __cxa_finalize                            - Undefined Weak Reference
    __decompress                              - Undefined Weak Reference
    _clock_init                               - Undefined Weak Reference
    _microlib_exit                            - Undefined Weak Reference
    __Vectors_Size                           0x000000ec   Number         0  startup_stm32f103xb.o ABSOLUTE
    __Vectors                                0x08000000   Data           4  startup_stm32f103xb.o(RESET)
    __Vectors_End                            0x080000ec   Data           0  startup_stm32f103xb.o(RESET)
    __main                                   0x080000ed   Thumb Code     0  entry.o(.ARM.Collect$$$$00000000)
    _main_stk                                0x080000ed   Thumb Code     0  entry2.o(.ARM.Collect$$$$00000001)
    _main_scatterload                        0x080000f1   Thumb Code     0  entry5.o(.ARM.Collect$$$$00000004)
    __main_after_scatterload                 0x080000f5   Thumb Code     0  entry5.o(.ARM.Collect$$$$00000004)
    _main_clock                              0x080000f5   Thumb Code     0  entry7b.o(.ARM.Collect$$$$00000008)
    _main_cpp_init                           0x080000f5   Thumb Code     0  entry8b.o(.ARM.Collect$$$$0000000A)
    _main_init                               0x080000f5   Thumb Code     0  entry9a.o(.ARM.Collect$$$$0000000B)
    __rt_lib_shutdown_fini                   0x080000fd   Thumb Code     0  entry12b.o(.ARM.Collect$$$$0000000E)
    __rt_final_cpp                           0x08000101   Thumb Code     0  entry10a.o(.ARM.Collect$$$$0000000F)
    __rt_final_exit                          0x08000101   Thumb Code     0  entry11a.o(.ARM.Collect$$$$00000011)
    Reset_Handler                            0x08000105   Thumb Code     8  startup_stm32f103xb.o(.text)
    CAN1_RX1_IRQHandler                      0x0800011f   Thumb Code     0  startup_stm32f103xb.o(.text)
    CAN1_SCE_IRQHandler                      0x0800011f   Thumb Code     0  startup_stm32f103xb.o(.text)
    DMA1_Channel1_IRQHandler                 0x0800011f   Thumb Code     0  startup_stm32f103xb.o(.text)
    DMA1_Channel2_IRQHandler                 0x0800011f   Thumb Code     0  startup_stm32f103xb.o(.text)
    DMA1_Channel3_IRQHandler                 0x0800011f   Thumb Code     0  startup_stm32f103xb.o(.text)
    DMA1_Channel4_IRQHandler                 0x0800011f   Thumb Code     0  startup_stm32f103xb.o(.text)
    DMA1_Channel5_IRQHandler                 0x0800011f   Thumb Code     0  startup_stm32f103xb.o(.text)
    DMA1_Channel6_IRQHandler                 0x0800011f   Thumb Code     0  startup_stm32f103xb.o(.text)
    DMA1_Channel7_IRQHandler                 0x0800011f   Thumb Code     0  startup_stm32f103xb.o(.text)
    EXTI0_IRQHandler                         0x0800011f   Thumb Code     0  startup_stm32f103xb.o(.text)
    EXTI15_10_IRQHandler                     0x0800011f   Thumb Code     0  startup_stm32f103xb.o(.text)
    EXTI1_IRQHandler                         0x0800011f   Thumb Code     0  startup_stm32f103xb.o(.text)
    EXTI2_IRQHandler                         0x0800011f   Thumb Code     0  startup_stm32f103xb.o(.text)
    EXTI3_IRQHandler                         0x0800011f   Thumb Code     0  startup_stm32f103xb.o(.text)
    EXTI4_IRQHandler                         0x0800011f   Thumb Code     0  startup_stm32f103xb.o(.text)
    EXTI9_5_IRQHandler                       0x0800011f   Thumb Code     0  startup_stm32f103xb.o(.text)
    FLASH_IRQHandler                         0x0800011f   Thumb Code     0  startup_stm32f103xb.o(.text)
    I2C1_ER_IRQHandler                       0x0800011f   Thumb Code     0  startup_stm32f103xb.o(.text)
    I2C1_EV_IRQHandler                       0x0800011f   Thumb Code     0  startup_stm32f103xb.o(.text)
    I2C2_ER_IRQHandler                       0x0800011f   Thumb Code     0  startup_stm32f103xb.o(.text)
    PVD_IRQHandler                           0x0800011f   Thumb Code     0  startup_stm32f103xb.o(.text)
    RCC_IRQHandler                           0x0800011f   Thumb Code     0  startup_stm32f103xb.o(.text)
    RTC_Alarm_IRQHandler                     0x0800011f   Thumb Code     0  startup_stm32f103xb.o(.text)
    RTC_IRQHandler                           0x0800011f   Thumb Code     0  startup_stm32f103xb.o(.text)
    SPI1_IRQHandler                          0x0800011f   Thumb Code     0  startup_stm32f103xb.o(.text)
    SPI2_IRQHandler                          0x0800011f   Thumb Code     0  startup_stm32f103xb.o(.text)
    TAMPER_IRQHandler                        0x0800011f   Thumb Code     0  startup_stm32f103xb.o(.text)
    TIM1_BRK_IRQHandler                      0x0800011f   Thumb Code     0  startup_stm32f103xb.o(.text)
    TIM1_CC_IRQHandler                       0x0800011f   Thumb Code     0  startup_stm32f103xb.o(.text)
    TIM1_TRG_COM_IRQHandler                  0x0800011f   Thumb Code     0  startup_stm32f103xb.o(.text)
    TIM1_UP_IRQHandler                       0x0800011f   Thumb Code     0  startup_stm32f103xb.o(.text)
    TIM2_IRQHandler                          0x0800011f   Thumb Code     0  startup_stm32f103xb.o(.text)
    USART1_IRQHandler                        0x0800011f   Thumb Code     0  startup_stm32f103xb.o(.text)
    USART3_IRQHandler                        0x0800011f   Thumb Code     0  startup_stm32f103xb.o(.text)
    USBWakeUp_IRQHandler                     0x0800011f   Thumb Code     0  startup_stm32f103xb.o(.text)
    USB_HP_CAN1_TX_IRQHandler                0x0800011f   Thumb Code     0  startup_stm32f103xb.o(.text)
    USB_LP_CAN1_RX0_IRQHandler               0x0800011f   Thumb Code     0  startup_stm32f103xb.o(.text)
    WWDG_IRQHandler                          0x0800011f   Thumb Code     0  startup_stm32f103xb.o(.text)
    __aeabi_llsr                             0x08000129   Thumb Code    32  llushr.o(.text)
    _ll_ushift_r                             0x08000129   Thumb Code     0  llushr.o(.text)
    __aeabi_memset                           0x08000149   Thumb Code    14  memseta.o(.text)
    __aeabi_memset4                          0x08000149   Thumb Code     0  memseta.o(.text)
    __aeabi_memset8                          0x08000149   Thumb Code     0  memseta.o(.text)
    __aeabi_memclr                           0x08000157   Thumb Code     4  memseta.o(.text)
    __aeabi_memclr4                          0x08000157   Thumb Code     0  memseta.o(.text)
    __aeabi_memclr8                          0x08000157   Thumb Code     0  memseta.o(.text)
    _memset$wrapper                          0x0800015b   Thumb Code    18  memseta.o(.text)
    strcat                                   0x0800016d   Thumb Code    24  strcat.o(.text)
    strlen                                   0x08000185   Thumb Code    14  strlen.o(.text)
    strcpy                                   0x08000193   Thumb Code    18  strcpy.o(.text)
    __aeabi_dmul                             0x080001a5   Thumb Code   228  dmul.o(.text)
    __aeabi_ddiv                             0x08000289   Thumb Code   222  ddiv.o(.text)
    __ARM_scalbn                             0x08000367   Thumb Code    46  dscalb.o(.text)
    scalbn                                   0x08000367   Thumb Code     0  dscalb.o(.text)
    __aeabi_i2d                              0x08000395   Thumb Code    34  dflti.o(.text)
    __aeabi_ui2d                             0x080003b7   Thumb Code    26  dfltui.o(.text)
    __aeabi_d2uiz                            0x080003d1   Thumb Code    50  dfixui.o(.text)
    __aeabi_f2d                              0x08000403   Thumb Code    38  f2d.o(.text)
    __aeabi_d2f                              0x08000429   Thumb Code    56  d2f.o(.text)
    __aeabi_uidiv                            0x08000461   Thumb Code     0  uidiv.o(.text)
    __aeabi_uidivmod                         0x08000461   Thumb Code    44  uidiv.o(.text)
    __aeabi_uldivmod                         0x0800048d   Thumb Code    98  uldiv.o(.text)
    __I$use$fp                               0x080004ef   Thumb Code     0  iusefp.o(.text)
    _float_round                             0x080004ef   Thumb Code    18  fepilogue.o(.text)
    _float_epilogue                          0x08000501   Thumb Code    92  fepilogue.o(.text)
    _double_round                            0x0800055d   Thumb Code    30  depilogue.o(.text)
    _double_epilogue                         0x0800057b   Thumb Code   156  depilogue.o(.text)
    __aeabi_dadd                             0x08000617   Thumb Code   322  dadd.o(.text)
    __aeabi_dsub                             0x08000759   Thumb Code     6  dadd.o(.text)
    __aeabi_drsub                            0x0800075f   Thumb Code     6  dadd.o(.text)
    __aeabi_d2ulz                            0x08000765   Thumb Code    48  dfixul.o(.text)
    __aeabi_cdrcmple                         0x08000795   Thumb Code    48  cdrcmple.o(.text)
    __scatterload                            0x080007c5   Thumb Code    28  init.o(.text)
    __scatterload_rt2                        0x080007c5   Thumb Code     0  init.o(.text)
    __aeabi_llsl                             0x080007e9   Thumb Code    30  llshl.o(.text)
    _ll_shift_l                              0x080007e9   Thumb Code     0  llshl.o(.text)
    __aeabi_lasr                             0x08000807   Thumb Code    36  llsshr.o(.text)
    _ll_sshift_r                             0x08000807   Thumb Code     0  llsshr.o(.text)
    ADC1_2_IRQHandler                        0x0800082d   Thumb Code    28  stm32f1xx_it.o(i.ADC1_2_IRQHandler)
    ADC_ConversionStop_Disable               0x08000851   Thumb Code    76  stm32f1xx_hal_adc.o(i.ADC_ConversionStop_Disable)
    ADC_Enable                               0x0800089d   Thumb Code   104  stm32f1xx_hal_adc.o(i.ADC_Enable)
    BusFault_Handler                         0x0800090d   Thumb Code     2  stm32f1xx_it.o(i.BusFault_Handler)
    DebugMon_Handler                         0x0800090f   Thumb Code     2  stm32f1xx_it.o(i.DebugMon_Handler)
    HAL_ADCEx_InjectedConvCpltCallback       0x08000911   Thumb Code     2  stm32f1xx_hal_adc_ex.o(i.HAL_ADCEx_InjectedConvCpltCallback)
    HAL_ADC_ConfigChannel                    0x08000915   Thumb Code   240  stm32f1xx_hal_adc.o(i.HAL_ADC_ConfigChannel)
    HAL_ADC_ConvCpltCallback                 0x08000a11   Thumb Code     2  stm32f1xx_hal_adc.o(i.HAL_ADC_ConvCpltCallback)
    HAL_ADC_GetValue                         0x08000a13   Thumb Code     6  stm32f1xx_hal_adc.o(i.HAL_ADC_GetValue)
    HAL_ADC_IRQHandler                       0x08000a19   Thumb Code   230  stm32f1xx_hal_adc.o(i.HAL_ADC_IRQHandler)
    HAL_ADC_Init                             0x08000b01   Thumb Code   272  stm32f1xx_hal_adc.o(i.HAL_ADC_Init)
    HAL_ADC_LevelOutOfWindowCallback         0x08000c1d   Thumb Code     2  stm32f1xx_hal_adc.o(i.HAL_ADC_LevelOutOfWindowCallback)
    HAL_ADC_MspInit                          0x08000c21   Thumb Code    92  stm32f1xx_hal_msp.o(i.HAL_ADC_MspInit)
    HAL_ADC_Start_IT                         0x08000c89   Thumb Code   194  stm32f1xx_hal_adc.o(i.HAL_ADC_Start_IT)
    HAL_DMA_Abort_IT                         0x08000d55   Thumb Code   148  stm32f1xx_hal_dma.o(i.HAL_DMA_Abort_IT)
    HAL_DMA_GetState                         0x08000ded   Thumb Code     6  stm32f1xx_hal_dma.o(i.HAL_DMA_GetState)
    HAL_Delay                                0x08000df5   Thumb Code    32  stm32f1xx_hal.o(i.HAL_Delay)
    HAL_GPIO_Init                            0x08000e19   Thumb Code   446  stm32f1xx_hal_gpio.o(i.HAL_GPIO_Init)
    HAL_GetTick                              0x08000ff9   Thumb Code     6  stm32f1xx_hal.o(i.HAL_GetTick)
    HAL_I2C_AbortCpltCallback                0x08001005   Thumb Code     2  stm32f1xx_hal_i2c.o(i.HAL_I2C_AbortCpltCallback)
    HAL_I2C_AddrCallback                     0x08001007   Thumb Code     2  stm32f1xx_hal_i2c.o(i.HAL_I2C_AddrCallback)
    HAL_I2C_EV_IRQHandler                    0x08001009   Thumb Code   614  stm32f1xx_hal_i2c.o(i.HAL_I2C_EV_IRQHandler)
    HAL_I2C_ErrorCallback                    0x0800126f   Thumb Code     2  stm32f1xx_hal_i2c.o(i.HAL_I2C_ErrorCallback)
    HAL_I2C_Init                             0x08001271   Thumb Code   376  stm32f1xx_hal_i2c.o(i.HAL_I2C_Init)
    HAL_I2C_ListenCpltCallback               0x080013f9   Thumb Code     2  stm32f1xx_hal_i2c.o(i.HAL_I2C_ListenCpltCallback)
    HAL_I2C_MasterRxCpltCallback             0x080013fb   Thumb Code     2  stm32f1xx_hal_i2c.o(i.HAL_I2C_MasterRxCpltCallback)
    HAL_I2C_MasterTxCpltCallback             0x080013fd   Thumb Code     2  stm32f1xx_hal_i2c.o(i.HAL_I2C_MasterTxCpltCallback)
    HAL_I2C_Master_Receive                   0x08001401   Thumb Code   564  stm32f1xx_hal_i2c.o(i.HAL_I2C_Master_Receive)
    HAL_I2C_Master_Transmit                  0x08001645   Thumb Code   290  stm32f1xx_hal_i2c.o(i.HAL_I2C_Master_Transmit)
    HAL_I2C_MemRxCpltCallback                0x08001771   Thumb Code     2  stm32f1xx_hal_i2c.o(i.HAL_I2C_MemRxCpltCallback)
    HAL_I2C_MemTxCpltCallback                0x08001773   Thumb Code     2  stm32f1xx_hal_i2c.o(i.HAL_I2C_MemTxCpltCallback)
    HAL_I2C_Mem_Read                         0x08001775   Thumb Code   574  stm32f1xx_hal_i2c.o(i.HAL_I2C_Mem_Read)
    HAL_I2C_Mem_Write                        0x080019c5   Thumb Code   294  stm32f1xx_hal_i2c.o(i.HAL_I2C_Mem_Write)
    HAL_I2C_MspInit                          0x08001af5   Thumb Code    98  stm32f1xx_hal_msp.o(i.HAL_I2C_MspInit)
    HAL_I2C_SlaveRxCpltCallback              0x08001b65   Thumb Code     2  stm32f1xx_hal_i2c.o(i.HAL_I2C_SlaveRxCpltCallback)
    HAL_I2C_SlaveTxCpltCallback              0x08001b67   Thumb Code     2  stm32f1xx_hal_i2c.o(i.HAL_I2C_SlaveTxCpltCallback)
    HAL_IncTick                              0x08001b69   Thumb Code    12  stm32f1xx_hal.o(i.HAL_IncTick)
    HAL_Init                                 0x08001b79   Thumb Code    32  stm32f1xx_hal.o(i.HAL_Init)
    HAL_InitTick                             0x08001b9d   Thumb Code    54  stm32f1xx_hal.o(i.HAL_InitTick)
    HAL_MspInit                              0x08001bdd   Thumb Code    52  stm32f1xx_hal_msp.o(i.HAL_MspInit)
    HAL_NVIC_EnableIRQ                       0x08001c19   Thumb Code    26  stm32f1xx_hal_cortex.o(i.HAL_NVIC_EnableIRQ)
    HAL_NVIC_SetPriority                     0x08001c35   Thumb Code    60  stm32f1xx_hal_cortex.o(i.HAL_NVIC_SetPriority)
    HAL_NVIC_SetPriorityGrouping             0x08001c75   Thumb Code    26  stm32f1xx_hal_cortex.o(i.HAL_NVIC_SetPriorityGrouping)
    HAL_RCCEx_PeriphCLKConfig                0x08001c99   Thumb Code   224  stm32f1xx_hal_rcc_ex.o(i.HAL_RCCEx_PeriphCLKConfig)
    HAL_RCC_ClockConfig                      0x08001d85   Thumb Code   280  stm32f1xx_hal_rcc.o(i.HAL_RCC_ClockConfig)
    HAL_RCC_GetPCLK1Freq                     0x08001eb1   Thumb Code    20  stm32f1xx_hal_rcc.o(i.HAL_RCC_GetPCLK1Freq)
    HAL_RCC_GetPCLK2Freq                     0x08001ed1   Thumb Code    20  stm32f1xx_hal_rcc.o(i.HAL_RCC_GetPCLK2Freq)
    HAL_RCC_GetSysClockFreq                  0x08001ef1   Thumb Code    74  stm32f1xx_hal_rcc.o(i.HAL_RCC_GetSysClockFreq)
    HAL_RCC_OscConfig                        0x08001f5d   Thumb Code   778  stm32f1xx_hal_rcc.o(i.HAL_RCC_OscConfig)
    HAL_SYSTICK_Config                       0x0800227d   Thumb Code    40  stm32f1xx_hal_cortex.o(i.HAL_SYSTICK_Config)
    HAL_TIMEx_BreakCallback                  0x080022a5   Thumb Code     2  stm32f1xx_hal_tim_ex.o(i.HAL_TIMEx_BreakCallback)
    HAL_TIMEx_CommutCallback                 0x080022a7   Thumb Code     2  stm32f1xx_hal_tim_ex.o(i.HAL_TIMEx_CommutCallback)
    HAL_TIMEx_MasterConfigSynchronization    0x080022a9   Thumb Code    92  stm32f1xx_hal_tim_ex.o(i.HAL_TIMEx_MasterConfigSynchronization)
    HAL_TIM_Base_Init                        0x08002311   Thumb Code    90  stm32f1xx_hal_tim.o(i.HAL_TIM_Base_Init)
    HAL_TIM_Base_MspInit                     0x0800236d   Thumb Code    86  stm32f1xx_hal_msp.o(i.HAL_TIM_Base_MspInit)
    HAL_TIM_Base_Start_IT                    0x080023d1   Thumb Code    76  stm32f1xx_hal_tim.o(i.HAL_TIM_Base_Start_IT)
    HAL_TIM_ConfigClockSource                0x08002429   Thumb Code   214  stm32f1xx_hal_tim.o(i.HAL_TIM_ConfigClockSource)
    HAL_TIM_IC_CaptureCallback               0x080024ff   Thumb Code     2  stm32f1xx_hal_tim.o(i.HAL_TIM_IC_CaptureCallback)
    HAL_TIM_IRQHandler                       0x08002501   Thumb Code   358  stm32f1xx_hal_tim.o(i.HAL_TIM_IRQHandler)
    HAL_TIM_OC_DelayElapsedCallback          0x08002667   Thumb Code     2  stm32f1xx_hal_tim.o(i.HAL_TIM_OC_DelayElapsedCallback)
    HAL_TIM_PWM_PulseFinishedCallback        0x08002669   Thumb Code     2  stm32f1xx_hal_tim.o(i.HAL_TIM_PWM_PulseFinishedCallback)
    HAL_TIM_PeriodElapsedCallback            0x0800266b   Thumb Code     2  stm32f1xx_hal_tim.o(i.HAL_TIM_PeriodElapsedCallback)
    HAL_TIM_TriggerCallback                  0x0800266d   Thumb Code     2  stm32f1xx_hal_tim.o(i.HAL_TIM_TriggerCallback)
    HAL_UART_ErrorCallback                   0x0800266f   Thumb Code     2  stm32f1xx_hal_uart.o(i.HAL_UART_ErrorCallback)
    HAL_UART_IRQHandler                      0x08002671   Thumb Code   344  stm32f1xx_hal_uart.o(i.HAL_UART_IRQHandler)
    HAL_UART_Init                            0x080027cd   Thumb Code    98  stm32f1xx_hal_uart.o(i.HAL_UART_Init)
    HAL_UART_MspInit                         0x08002831   Thumb Code   114  stm32f1xx_hal_msp.o(i.HAL_UART_MspInit)
    HAL_UART_RxCpltCallback                  0x080028b1   Thumb Code     2  stm32f1xx_hal_uart.o(i.HAL_UART_RxCpltCallback)
    HAL_UART_Transmit_IT                     0x080028b3   Thumb Code    62  stm32f1xx_hal_uart.o(i.HAL_UART_Transmit_IT)
    HAL_UART_TxCpltCallback                  0x080028f1   Thumb Code     2  stm32f1xx_hal_uart.o(i.HAL_UART_TxCpltCallback)
    HardFault_Handler                        0x080028f3   Thumb Code     2  stm32f1xx_it.o(i.HardFault_Handler)
    I2C2_EV_IRQHandler                       0x080028f5   Thumb Code     6  stm32f1xx_it.o(i.I2C2_EV_IRQHandler)
    MPU6050_Init                             0x08003731   Thumb Code   136  stm32f1xx_it.o(i.MPU6050_Init)
    MPU6050_Read_Accel                       0x080037bd   Thumb Code   120  stm32f1xx_it.o(i.MPU6050_Read_Accel)
    MPU6050_Read_Gyro                        0x0800383d   Thumb Code   124  stm32f1xx_it.o(i.MPU6050_Read_Gyro)
    MemManage_Handler                        0x080039e5   Thumb Code     2  stm32f1xx_it.o(i.MemManage_Handler)
    NMI_Handler                              0x080039e7   Thumb Code     2  stm32f1xx_it.o(i.NMI_Handler)
    PendSV_Handler                           0x080039e9   Thumb Code     2  stm32f1xx_it.o(i.PendSV_Handler)
    SVC_Handler                              0x080039eb   Thumb Code     2  stm32f1xx_it.o(i.SVC_Handler)
    SysTick_Handler                          0x080039ed   Thumb Code     4  stm32f1xx_it.o(i.SysTick_Handler)
    SystemClock_Config                       0x080039f1   Thumb Code   104  main.o(i.SystemClock_Config)
    SystemInit                               0x08003a59   Thumb Code     2  system_stm32f1xx.o(i.SystemInit)
    TIM3_IRQHandler                          0x08003a5d   Thumb Code   110  stm32f1xx_it.o(i.TIM3_IRQHandler)
    TIM4_IRQHandler                          0x08003ae1   Thumb Code    34  stm32f1xx_it.o(i.TIM4_IRQHandler)
    TIM_Base_SetConfig                       0x08003b11   Thumb Code    94  stm32f1xx_hal_tim.o(i.TIM_Base_SetConfig)
    TIM_ETR_SetConfig                        0x08003b7d   Thumb Code    20  stm32f1xx_hal_tim.o(i.TIM_ETR_SetConfig)
    USART2_IRQHandler                        0x08003d59   Thumb Code     6  stm32f1xx_it.o(i.USART2_IRQHandler)
    UsageFault_Handler                       0x08003d65   Thumb Code     2  stm32f1xx_it.o(i.UsageFault_Handler)
    __0snprintf                              0x08003d69   Thumb Code    48  printfa.o(i.__0snprintf)
    __1snprintf                              0x08003d69   Thumb Code     0  printfa.o(i.__0snprintf)
    __2snprintf                              0x08003d69   Thumb Code     0  printfa.o(i.__0snprintf)
    __c89snprintf                            0x08003d69   Thumb Code     0  printfa.o(i.__0snprintf)
    snprintf                                 0x08003d69   Thumb Code     0  printfa.o(i.__0snprintf)
    __scatterload_copy                       0x08003dbd   Thumb Code    14  handlers.o(i.__scatterload_copy)
    __scatterload_null                       0x08003dcb   Thumb Code     2  handlers.o(i.__scatterload_null)
    __scatterload_zeroinit                   0x08003dcd   Thumb Code    14  handlers.o(i.__scatterload_zeroinit)
    _readEEPROM                              0x08004669   Thumb Code   108  at24c256.o(i._readEEPROM)
    _readEEPROMString                        0x08004711   Thumb Code    42  at24c256.o(i._readEEPROMString)
    _writeEEPROMCustom                       0x08004751   Thumb Code    58  stm32f1xx_it.o(i._writeEEPROMCustom)
    concntWithTransmit                       0x08004791   Thumb Code    82  stm32f1xx_it.o(i.concntWithTransmit)
    main                                     0x08004809   Thumb Code   198  main.o(i.main)
    AHBPrescTable                            0x080048e8   Data          16  system_stm32f1xx.o(.constdata)
    APBPrescTable                            0x080048f8   Data           8  system_stm32f1xx.o(.constdata)
    Region$$Table$$Base                      0x08004900   Number         0  anon$$obj.o(Region$$Table)
    Region$$Table$$Limit                     0x08004920   Number         0  anon$$obj.o(Region$$Table)
    ret                                      0x20000000   Data           1  main.o(.data)
    MPUtest                                  0x20000008   Data           1  stm32f1xx_it.o(.data)
    normalized_adc_value                     0x20000009   Data           1  stm32f1xx_it.o(.data)
    Accel_X_RAW                              0x2000000a   Data           2  stm32f1xx_it.o(.data)
    Accel_Y_RAW                              0x2000000c   Data           2  stm32f1xx_it.o(.data)
    Accel_Z_RAW                              0x2000000e   Data           2  stm32f1xx_it.o(.data)
    Gyro_X_RAW                               0x20000010   Data           2  stm32f1xx_it.o(.data)
    Gyro_Y_RAW                               0x20000012   Data           2  stm32f1xx_it.o(.data)
    Gyro_Z_RAW                               0x20000014   Data           2  stm32f1xx_it.o(.data)
    pointerOfEeprom                          0x20000016   Data           2  stm32f1xx_it.o(.data)
    counter                                  0x20000018   Data           4  stm32f1xx_it.o(.data)
    Ax                                       0x2000001c   Data           4  stm32f1xx_it.o(.data)
    Ay                                       0x20000020   Data           4  stm32f1xx_it.o(.data)
    Az                                       0x20000024   Data           4  stm32f1xx_it.o(.data)
    Gx                                       0x20000028   Data           4  stm32f1xx_it.o(.data)
    Gy                                       0x2000002c   Data           4  stm32f1xx_it.o(.data)
    Gz                                       0x20000030   Data           4  stm32f1xx_it.o(.data)
    adc_value                                0x20000038   Data           8  stm32f1xx_it.o(.data)
    uwTickFreq                               0x20000040   Data           1  stm32f1xx_hal.o(.data)
    uwTickPrio                               0x20000044   Data           4  stm32f1xx_hal.o(.data)
    uwTick                                   0x20000048   Data           4  stm32f1xx_hal.o(.data)
    SystemCoreClock                          0x2000004c   Data           4  system_stm32f1xx.o(.data)
    hadc1                                    0x20000050   Data          48  main.o(.bss)
    hi2c2                                    0x20000080   Data          84  main.o(.bss)
    htim3                                    0x200000d4   Data          72  main.o(.bss)
    htim4                                    0x2000011c   Data          72  main.o(.bss)
    huart2                                   0x20000164   Data          64  main.o(.bss)
    retval                                   0x200001a4   Data         100  main.o(.bss)
    transmitData                             0x20000208   Data        1000  stm32f1xx_it.o(.bss)
    __initial_sp                             0x200009f0   Data           0  startup_stm32f103xb.o(STACK)



==============================================================================

Memory Map of the image

  Image Entry point : 0x080000ed

  Load Region LR_IROM1 (Base: 0x08000000, Size: 0x00004970, Max: 0x00010000, ABSOLUTE)

    Execution Region ER_IROM1 (Exec base: 0x08000000, Load base: 0x08000000, Size: 0x00004920, Max: 0x00010000, ABSOLUTE)

    Exec Addr    Load Addr    Size         Type   Attr      Idx    E Section Name        Object

    0x08000000   0x08000000   0x000000ec   Data   RO            3    RESET               startup_stm32f103xb.o
    0x080000ec   0x080000ec   0x00000000   Code   RO         3503  * .ARM.Collect$$$$00000000  mc_w.l(entry.o)
    0x080000ec   0x080000ec   0x00000004   Code   RO         3793    .ARM.Collect$$$$00000001  mc_w.l(entry2.o)
    0x080000f0   0x080000f0   0x00000004   Code   RO         3796    .ARM.Collect$$$$00000004  mc_w.l(entry5.o)
    0x080000f4   0x080000f4   0x00000000   Code   RO         3798    .ARM.Collect$$$$00000008  mc_w.l(entry7b.o)
    0x080000f4   0x080000f4   0x00000000   Code   RO         3800    .ARM.Collect$$$$0000000A  mc_w.l(entry8b.o)
    0x080000f4   0x080000f4   0x00000008   Code   RO         3801    .ARM.Collect$$$$0000000B  mc_w.l(entry9a.o)
    0x080000fc   0x080000fc   0x00000004   Code   RO         3808    .ARM.Collect$$$$0000000E  mc_w.l(entry12b.o)
    0x08000100   0x08000100   0x00000000   Code   RO         3803    .ARM.Collect$$$$0000000F  mc_w.l(entry10a.o)
    0x08000100   0x08000100   0x00000000   Code   RO         3805    .ARM.Collect$$$$00000011  mc_w.l(entry11a.o)
    0x08000100   0x08000100   0x00000004   Code   RO         3794    .ARM.Collect$$$$00002712  mc_w.l(entry2.o)
    0x08000104   0x08000104   0x00000024   Code   RO            4    .text               startup_stm32f103xb.o
    0x08000128   0x08000128   0x00000020   Code   RO         3506    .text               mc_w.l(llushr.o)
    0x08000148   0x08000148   0x00000024   Code   RO         3508    .text               mc_w.l(memseta.o)
    0x0800016c   0x0800016c   0x00000018   Code   RO         3510    .text               mc_w.l(strcat.o)
    0x08000184   0x08000184   0x0000000e   Code   RO         3512    .text               mc_w.l(strlen.o)
    0x08000192   0x08000192   0x00000012   Code   RO         3514    .text               mc_w.l(strcpy.o)
    0x080001a4   0x080001a4   0x000000e4   Code   RO         3777    .text               mf_w.l(dmul.o)
    0x08000288   0x08000288   0x000000de   Code   RO         3779    .text               mf_w.l(ddiv.o)
    0x08000366   0x08000366   0x0000002e   Code   RO         3781    .text               mf_w.l(dscalb.o)
    0x08000394   0x08000394   0x00000022   Code   RO         3783    .text               mf_w.l(dflti.o)
    0x080003b6   0x080003b6   0x0000001a   Code   RO         3785    .text               mf_w.l(dfltui.o)
    0x080003d0   0x080003d0   0x00000032   Code   RO         3787    .text               mf_w.l(dfixui.o)
    0x08000402   0x08000402   0x00000026   Code   RO         3789    .text               mf_w.l(f2d.o)
    0x08000428   0x08000428   0x00000038   Code   RO         3791    .text               mf_w.l(d2f.o)
    0x08000460   0x08000460   0x0000002c   Code   RO         3812    .text               mc_w.l(uidiv.o)
    0x0800048c   0x0800048c   0x00000062   Code   RO         3814    .text               mc_w.l(uldiv.o)
    0x080004ee   0x080004ee   0x00000000   Code   RO         3816    .text               mc_w.l(iusefp.o)
    0x080004ee   0x080004ee   0x0000006e   Code   RO         3817    .text               mf_w.l(fepilogue.o)
    0x0800055c   0x0800055c   0x000000ba   Code   RO         3819    .text               mf_w.l(depilogue.o)
    0x08000616   0x08000616   0x0000014e   Code   RO         3821    .text               mf_w.l(dadd.o)
    0x08000764   0x08000764   0x00000030   Code   RO         3823    .text               mf_w.l(dfixul.o)
    0x08000794   0x08000794   0x00000030   Code   RO         3825    .text               mf_w.l(cdrcmple.o)
    0x080007c4   0x080007c4   0x00000024   Code   RO         3827    .text               mc_w.l(init.o)
    0x080007e8   0x080007e8   0x0000001e   Code   RO         3830    .text               mc_w.l(llshl.o)
    0x08000806   0x08000806   0x00000024   Code   RO         3832    .text               mc_w.l(llsshr.o)
    0x0800082a   0x0800082a   0x00000002   PAD
    0x0800082c   0x0800082c   0x00000024   Code   RO          178    i.ADC1_2_IRQHandler  stm32f1xx_it.o
    0x08000850   0x08000850   0x0000004c   Code   RO          496    i.ADC_ConversionStop_Disable  stm32f1xx_hal_adc.o
    0x0800089c   0x0800089c   0x00000070   Code   RO          500    i.ADC_Enable        stm32f1xx_hal_adc.o
    0x0800090c   0x0800090c   0x00000002   Code   RO          179    i.BusFault_Handler  stm32f1xx_it.o
    0x0800090e   0x0800090e   0x00000002   Code   RO          180    i.DebugMon_Handler  stm32f1xx_it.o
    0x08000910   0x08000910   0x00000002   Code   RO          678    i.HAL_ADCEx_InjectedConvCpltCallback  stm32f1xx_hal_adc_ex.o
    0x08000912   0x08000912   0x00000002   PAD
    0x08000914   0x08000914   0x000000fc   Code   RO          502    i.HAL_ADC_ConfigChannel  stm32f1xx_hal_adc.o
    0x08000a10   0x08000a10   0x00000002   Code   RO          503    i.HAL_ADC_ConvCpltCallback  stm32f1xx_hal_adc.o
    0x08000a12   0x08000a12   0x00000006   Code   RO          509    i.HAL_ADC_GetValue  stm32f1xx_hal_adc.o
    0x08000a18   0x08000a18   0x000000e6   Code   RO          510    i.HAL_ADC_IRQHandler  stm32f1xx_hal_adc.o
    0x08000afe   0x08000afe   0x00000002   PAD
    0x08000b00   0x08000b00   0x0000011c   Code   RO          511    i.HAL_ADC_Init      stm32f1xx_hal_adc.o
    0x08000c1c   0x08000c1c   0x00000002   Code   RO          512    i.HAL_ADC_LevelOutOfWindowCallback  stm32f1xx_hal_adc.o
    0x08000c1e   0x08000c1e   0x00000002   PAD
    0x08000c20   0x08000c20   0x00000068   Code   RO          325    i.HAL_ADC_MspInit   stm32f1xx_hal_msp.o
    0x08000c88   0x08000c88   0x000000cc   Code   RO          519    i.HAL_ADC_Start_IT  stm32f1xx_hal_adc.o
    0x08000d54   0x08000d54   0x00000098   Code   RO         1152    i.HAL_DMA_Abort_IT  stm32f1xx_hal_dma.o
    0x08000dec   0x08000dec   0x00000006   Code   RO         1155    i.HAL_DMA_GetState  stm32f1xx_hal_dma.o
    0x08000df2   0x08000df2   0x00000002   PAD
    0x08000df4   0x08000df4   0x00000024   Code   RO          779    i.HAL_Delay         stm32f1xx_hal.o
    0x08000e18   0x08000e18   0x000001e0   Code   RO         1087    i.HAL_GPIO_Init     stm32f1xx_hal_gpio.o
    0x08000ff8   0x08000ff8   0x0000000c   Code   RO          783    i.HAL_GetTick       stm32f1xx_hal.o
    0x08001004   0x08001004   0x00000002   Code   RO         1747    i.HAL_I2C_AbortCpltCallback  stm32f1xx_hal_i2c.o
    0x08001006   0x08001006   0x00000002   Code   RO         1748    i.HAL_I2C_AddrCallback  stm32f1xx_hal_i2c.o
    0x08001008   0x08001008   0x00000266   Code   RO         1752    i.HAL_I2C_EV_IRQHandler  stm32f1xx_hal_i2c.o
    0x0800126e   0x0800126e   0x00000002   Code   RO         1754    i.HAL_I2C_ErrorCallback  stm32f1xx_hal_i2c.o
    0x08001270   0x08001270   0x00000188   Code   RO         1758    i.HAL_I2C_Init      stm32f1xx_hal_i2c.o
    0x080013f8   0x080013f8   0x00000002   Code   RO         1760    i.HAL_I2C_ListenCpltCallback  stm32f1xx_hal_i2c.o
    0x080013fa   0x080013fa   0x00000002   Code   RO         1761    i.HAL_I2C_MasterRxCpltCallback  stm32f1xx_hal_i2c.o
    0x080013fc   0x080013fc   0x00000002   Code   RO         1762    i.HAL_I2C_MasterTxCpltCallback  stm32f1xx_hal_i2c.o
    0x080013fe   0x080013fe   0x00000002   PAD
    0x08001400   0x08001400   0x00000244   Code   RO         1764    i.HAL_I2C_Master_Receive  stm32f1xx_hal_i2c.o
    0x08001644   0x08001644   0x0000012c   Code   RO         1771    i.HAL_I2C_Master_Transmit  stm32f1xx_hal_i2c.o
    0x08001770   0x08001770   0x00000002   Code   RO         1774    i.HAL_I2C_MemRxCpltCallback  stm32f1xx_hal_i2c.o
    0x08001772   0x08001772   0x00000002   Code   RO         1775    i.HAL_I2C_MemTxCpltCallback  stm32f1xx_hal_i2c.o
    0x08001774   0x08001774   0x00000250   Code   RO         1776    i.HAL_I2C_Mem_Read  stm32f1xx_hal_i2c.o
    0x080019c4   0x080019c4   0x00000130   Code   RO         1779    i.HAL_I2C_Mem_Write  stm32f1xx_hal_i2c.o
    0x08001af4   0x08001af4   0x00000070   Code   RO          327    i.HAL_I2C_MspInit   stm32f1xx_hal_msp.o
    0x08001b64   0x08001b64   0x00000002   Code   RO         1784    i.HAL_I2C_SlaveRxCpltCallback  stm32f1xx_hal_i2c.o
    0x08001b66   0x08001b66   0x00000002   Code   RO         1785    i.HAL_I2C_SlaveTxCpltCallback  stm32f1xx_hal_i2c.o
    0x08001b68   0x08001b68   0x00000010   Code   RO          789    i.HAL_IncTick       stm32f1xx_hal.o
    0x08001b78   0x08001b78   0x00000024   Code   RO          790    i.HAL_Init          stm32f1xx_hal.o
    0x08001b9c   0x08001b9c   0x00000040   Code   RO          791    i.HAL_InitTick      stm32f1xx_hal.o
    0x08001bdc   0x08001bdc   0x0000003c   Code   RO          328    i.HAL_MspInit       stm32f1xx_hal_msp.o
    0x08001c18   0x08001c18   0x0000001a   Code   RO         1247    i.HAL_NVIC_EnableIRQ  stm32f1xx_hal_cortex.o
    0x08001c32   0x08001c32   0x00000002   PAD
    0x08001c34   0x08001c34   0x00000040   Code   RO         1253    i.HAL_NVIC_SetPriority  stm32f1xx_hal_cortex.o
    0x08001c74   0x08001c74   0x00000024   Code   RO         1254    i.HAL_NVIC_SetPriorityGrouping  stm32f1xx_hal_cortex.o
    0x08001c98   0x08001c98   0x000000ec   Code   RO         1050    i.HAL_RCCEx_PeriphCLKConfig  stm32f1xx_hal_rcc_ex.o
    0x08001d84   0x08001d84   0x0000012c   Code   RO          947    i.HAL_RCC_ClockConfig  stm32f1xx_hal_rcc.o
    0x08001eb0   0x08001eb0   0x00000020   Code   RO          954    i.HAL_RCC_GetPCLK1Freq  stm32f1xx_hal_rcc.o
    0x08001ed0   0x08001ed0   0x00000020   Code   RO          955    i.HAL_RCC_GetPCLK2Freq  stm32f1xx_hal_rcc.o
    0x08001ef0   0x08001ef0   0x0000006c   Code   RO          956    i.HAL_RCC_GetSysClockFreq  stm32f1xx_hal_rcc.o
    0x08001f5c   0x08001f5c   0x00000320   Code   RO          959    i.HAL_RCC_OscConfig  stm32f1xx_hal_rcc.o
    0x0800227c   0x0800227c   0x00000028   Code   RO         1258    i.HAL_SYSTICK_Config  stm32f1xx_hal_cortex.o
    0x080022a4   0x080022a4   0x00000002   Code   RO         2880    i.HAL_TIMEx_BreakCallback  stm32f1xx_hal_tim_ex.o
    0x080022a6   0x080022a6   0x00000002   Code   RO         2881    i.HAL_TIMEx_CommutCallback  stm32f1xx_hal_tim_ex.o
    0x080022a8   0x080022a8   0x00000068   Code   RO         2899    i.HAL_TIMEx_MasterConfigSynchronization  stm32f1xx_hal_tim_ex.o
    0x08002310   0x08002310   0x0000005a   Code   RO         2176    i.HAL_TIM_Base_Init  stm32f1xx_hal_tim.o
    0x0800236a   0x0800236a   0x00000002   PAD
    0x0800236c   0x0800236c   0x00000064   Code   RO          330    i.HAL_TIM_Base_MspInit  stm32f1xx_hal_msp.o
    0x080023d0   0x080023d0   0x00000058   Code   RO         2181    i.HAL_TIM_Base_Start_IT  stm32f1xx_hal_tim.o
    0x08002428   0x08002428   0x000000d6   Code   RO         2185    i.HAL_TIM_ConfigClockSource  stm32f1xx_hal_tim.o
    0x080024fe   0x080024fe   0x00000002   Code   RO         2210    i.HAL_TIM_IC_CaptureCallback  stm32f1xx_hal_tim.o
    0x08002500   0x08002500   0x00000166   Code   RO         2224    i.HAL_TIM_IRQHandler  stm32f1xx_hal_tim.o
    0x08002666   0x08002666   0x00000002   Code   RO         2227    i.HAL_TIM_OC_DelayElapsedCallback  stm32f1xx_hal_tim.o
    0x08002668   0x08002668   0x00000002   Code   RO         2254    i.HAL_TIM_PWM_PulseFinishedCallback  stm32f1xx_hal_tim.o
    0x0800266a   0x0800266a   0x00000002   Code   RO         2262    i.HAL_TIM_PeriodElapsedCallback  stm32f1xx_hal_tim.o
    0x0800266c   0x0800266c   0x00000002   Code   RO         2267    i.HAL_TIM_TriggerCallback  stm32f1xx_hal_tim.o
    0x0800266e   0x0800266e   0x00000002   Code   RO         3168    i.HAL_UART_ErrorCallback  stm32f1xx_hal_uart.o
    0x08002670   0x08002670   0x0000015c   Code   RO         3171    i.HAL_UART_IRQHandler  stm32f1xx_hal_uart.o
    0x080027cc   0x080027cc   0x00000062   Code   RO         3172    i.HAL_UART_Init     stm32f1xx_hal_uart.o
    0x0800282e   0x0800282e   0x00000002   PAD
    0x08002830   0x08002830   0x00000080   Code   RO          332    i.HAL_UART_MspInit  stm32f1xx_hal_msp.o
    0x080028b0   0x080028b0   0x00000002   Code   RO         3178    i.HAL_UART_RxCpltCallback  stm32f1xx_hal_uart.o
    0x080028b2   0x080028b2   0x0000003e   Code   RO         3182    i.HAL_UART_Transmit_IT  stm32f1xx_hal_uart.o
    0x080028f0   0x080028f0   0x00000002   Code   RO         3183    i.HAL_UART_TxCpltCallback  stm32f1xx_hal_uart.o
    0x080028f2   0x080028f2   0x00000002   Code   RO          181    i.HardFault_Handler  stm32f1xx_it.o
    0x080028f4   0x080028f4   0x0000000c   Code   RO          182    i.I2C2_EV_IRQHandler  stm32f1xx_it.o
    0x08002900   0x08002900   0x000000bc   Code   RO         1796    i.I2C_DMAAbort      stm32f1xx_hal_i2c.o
    0x080029bc   0x080029bc   0x00000158   Code   RO         1799    i.I2C_ITError       stm32f1xx_hal_i2c.o
    0x08002b14   0x08002b14   0x0000002e   Code   RO         1800    i.I2C_IsAcknowledgeFailed  stm32f1xx_hal_i2c.o
    0x08002b42   0x08002b42   0x000000d2   Code   RO         1801    i.I2C_MasterReceive_BTF  stm32f1xx_hal_i2c.o
    0x08002c14   0x08002c14   0x000000e8   Code   RO         1802    i.I2C_MasterReceive_RXNE  stm32f1xx_hal_i2c.o
    0x08002cfc   0x08002cfc   0x000000ec   Code   RO         1803    i.I2C_MasterRequestRead  stm32f1xx_hal_i2c.o
    0x08002de8   0x08002de8   0x0000009c   Code   RO         1804    i.I2C_MasterRequestWrite  stm32f1xx_hal_i2c.o
    0x08002e84   0x08002e84   0x00000074   Code   RO         1805    i.I2C_MasterTransmit_BTF  stm32f1xx_hal_i2c.o
    0x08002ef8   0x08002ef8   0x000000b6   Code   RO         1806    i.I2C_MasterTransmit_TXE  stm32f1xx_hal_i2c.o
    0x08002fae   0x08002fae   0x00000002   PAD
    0x08002fb0   0x08002fb0   0x00000158   Code   RO         1807    i.I2C_Master_ADDR   stm32f1xx_hal_i2c.o
    0x08003108   0x08003108   0x0000008c   Code   RO         1808    i.I2C_Master_SB     stm32f1xx_hal_i2c.o
    0x08003194   0x08003194   0x000000a0   Code   RO         1809    i.I2C_MemoryTransmit_TXE_BTF  stm32f1xx_hal_i2c.o
    0x08003234   0x08003234   0x000000fc   Code   RO         1810    i.I2C_RequestMemoryRead  stm32f1xx_hal_i2c.o
    0x08003330   0x08003330   0x000000a8   Code   RO         1811    i.I2C_RequestMemoryWrite  stm32f1xx_hal_i2c.o
    0x080033d8   0x080033d8   0x0000015c   Code   RO         1813    i.I2C_Slave_STOPF   stm32f1xx_hal_i2c.o
    0x08003534   0x08003534   0x0000004c   Code   RO         1814    i.I2C_WaitOnBTFFlagUntilTimeout  stm32f1xx_hal_i2c.o
    0x08003580   0x08003580   0x00000068   Code   RO         1815    i.I2C_WaitOnFlagUntilTimeout  stm32f1xx_hal_i2c.o
    0x080035e8   0x080035e8   0x00000096   Code   RO         1816    i.I2C_WaitOnMasterAddressFlagUntilTimeout  stm32f1xx_hal_i2c.o
    0x0800367e   0x0800367e   0x00000066   Code   RO         1817    i.I2C_WaitOnRXNEFlagUntilTimeout  stm32f1xx_hal_i2c.o
    0x080036e4   0x080036e4   0x0000004c   Code   RO         1818    i.I2C_WaitOnTXEFlagUntilTimeout  stm32f1xx_hal_i2c.o
    0x08003730   0x08003730   0x0000008c   Code   RO          183    i.MPU6050_Init      stm32f1xx_it.o
    0x080037bc   0x080037bc   0x00000080   Code   RO          184    i.MPU6050_Read_Accel  stm32f1xx_it.o
    0x0800383c   0x0800383c   0x00000088   Code   RO          185    i.MPU6050_Read_Gyro  stm32f1xx_it.o
    0x080038c4   0x080038c4   0x00000050   Code   RO           14    i.MX_ADC1_Init      main.o
    0x08003914   0x08003914   0x00000068   Code   RO           15    i.MX_TIM3_Init      main.o
    0x0800397c   0x0800397c   0x00000068   Code   RO           16    i.MX_TIM4_Init      main.o
    0x080039e4   0x080039e4   0x00000002   Code   RO          186    i.MemManage_Handler  stm32f1xx_it.o
    0x080039e6   0x080039e6   0x00000002   Code   RO          187    i.NMI_Handler       stm32f1xx_it.o
    0x080039e8   0x080039e8   0x00000002   Code   RO          188    i.PendSV_Handler    stm32f1xx_it.o
    0x080039ea   0x080039ea   0x00000002   Code   RO          189    i.SVC_Handler       stm32f1xx_it.o
    0x080039ec   0x080039ec   0x00000004   Code   RO          190    i.SysTick_Handler   stm32f1xx_it.o
    0x080039f0   0x080039f0   0x00000068   Code   RO           17    i.SystemClock_Config  main.o
    0x08003a58   0x08003a58   0x00000002   Code   RO         3469    i.SystemInit        system_stm32f1xx.o
    0x08003a5a   0x08003a5a   0x00000002   PAD
    0x08003a5c   0x08003a5c   0x00000084   Code   RO          191    i.TIM3_IRQHandler   stm32f1xx_it.o
    0x08003ae0   0x08003ae0   0x00000030   Code   RO          192    i.TIM4_IRQHandler   stm32f1xx_it.o
    0x08003b10   0x08003b10   0x0000006c   Code   RO         2269    i.TIM_Base_SetConfig  stm32f1xx_hal_tim.o
    0x08003b7c   0x08003b7c   0x00000014   Code   RO         2280    i.TIM_ETR_SetConfig  stm32f1xx_hal_tim.o
    0x08003b90   0x08003b90   0x00000010   Code   RO         2281    i.TIM_ITRx_SetConfig  stm32f1xx_hal_tim.o
    0x08003ba0   0x08003ba0   0x00000022   Code   RO         2287    i.TIM_TI1_ConfigInputStage  stm32f1xx_hal_tim.o
    0x08003bc2   0x08003bc2   0x00000024   Code   RO         2289    i.TIM_TI2_ConfigInputStage  stm32f1xx_hal_tim.o
    0x08003be6   0x08003be6   0x00000010   Code   RO         3185    i.UART_DMAAbortOnError  stm32f1xx_hal_uart.o
    0x08003bf6   0x08003bf6   0x0000001c   Code   RO         3195    i.UART_EndRxTransfer  stm32f1xx_hal_uart.o
    0x08003c12   0x08003c12   0x0000008c   Code   RO         3197    i.UART_Receive_IT   stm32f1xx_hal_uart.o
    0x08003c9e   0x08003c9e   0x00000002   PAD
    0x08003ca0   0x08003ca0   0x000000b8   Code   RO         3198    i.UART_SetConfig    stm32f1xx_hal_uart.o
    0x08003d58   0x08003d58   0x0000000c   Code   RO          193    i.USART2_IRQHandler  stm32f1xx_it.o
    0x08003d64   0x08003d64   0x00000002   Code   RO          194    i.UsageFault_Handler  stm32f1xx_it.o
    0x08003d66   0x08003d66   0x00000002   PAD
    0x08003d68   0x08003d68   0x00000034   Code   RO         3750    i.__0snprintf       mc_w.l(printfa.o)
    0x08003d9c   0x08003d9c   0x00000020   Code   RO         1260    i.__NVIC_SetPriority  stm32f1xx_hal_cortex.o
    0x08003dbc   0x08003dbc   0x0000000e   Code   RO         3837    i.__scatterload_copy  mc_w.l(handlers.o)
    0x08003dca   0x08003dca   0x00000002   Code   RO         3838    i.__scatterload_null  mc_w.l(handlers.o)
    0x08003dcc   0x08003dcc   0x0000000e   Code   RO         3839    i.__scatterload_zeroinit  mc_w.l(handlers.o)
    0x08003dda   0x08003dda   0x00000002   PAD
    0x08003ddc   0x08003ddc   0x00000184   Code   RO         3756    i._fp_digits        mc_w.l(printfa.o)
    0x08003f60   0x08003f60   0x000006b4   Code   RO         3757    i._printf_core      mc_w.l(printfa.o)
    0x08004614   0x08004614   0x00000024   Code   RO         3758    i._printf_post_padding  mc_w.l(printfa.o)
    0x08004638   0x08004638   0x0000002e   Code   RO         3759    i._printf_pre_padding  mc_w.l(printfa.o)
    0x08004666   0x08004666   0x00000002   PAD
    0x08004668   0x08004668   0x000000a8   Code   RO          399    i._readEEPROM       at24c256.o
    0x08004710   0x08004710   0x0000002a   Code   RO          400    i._readEEPROMString  at24c256.o
    0x0800473a   0x0800473a   0x00000016   Code   RO         3760    i._snputc           mc_w.l(printfa.o)
    0x08004750   0x08004750   0x00000040   Code   RO          195    i._writeEEPROMCustom  stm32f1xx_it.o
    0x08004790   0x08004790   0x00000078   Code   RO          196    i.concntWithTransmit  stm32f1xx_it.o
    0x08004808   0x08004808   0x000000e0   Code   RO           18    i.main              main.o
    0x080048e8   0x080048e8   0x00000010   Data   RO         3470    .constdata          system_stm32f1xx.o
    0x080048f8   0x080048f8   0x00000008   Data   RO         3471    .constdata          system_stm32f1xx.o
    0x08004900   0x08004900   0x00000020   Data   RO         3835    Region$$Table       anon$$obj.o


    Execution Region RW_IRAM1 (Exec base: 0x20000000, Load base: 0x08004920, Size: 0x000009f0, Max: 0x00005000, ABSOLUTE)

    Exec Addr    Load Addr    Size         Type   Attr      Idx    E Section Name        Object

    0x20000000   0x08004920   0x00000001   Data   RW           20    .data               main.o
    0x20000001   0x08004921   0x00000007   PAD
    0x20000008   0x08004928   0x00000038   Data   RW          199    .data               stm32f1xx_it.o
    0x20000040   0x08004960   0x0000000c   Data   RW          797    .data               stm32f1xx_hal.o
    0x2000004c   0x0800496c   0x00000004   Data   RW         3472    .data               system_stm32f1xx.o
    0x20000050        -       0x000001b8   Zero   RW           19    .bss                main.o
    0x20000208        -       0x000003e8   Zero   RW          197    .bss                stm32f1xx_it.o
    0x200005f0        -       0x00000400   Zero   RW            1    STACK               startup_stm32f103xb.o


==============================================================================

Image component sizes


      Code (inc. data)   RO Data    RW Data    ZI Data      Debug   Object Name

       210         60          0          0          0       1886   at24c256.o
       616         54          0          1        440     456880   main.o
        36          8        236          0       1024        792   startup_stm32f103xb.o
       164         28          0         12          0       5813   stm32f1xx_hal.o
      1168         42          0          0          0       7138   stm32f1xx_hal_adc.o
         2          0          0          0          0       1037   stm32f1xx_hal_adc_ex.o
       198         14          0          0          0      28875   stm32f1xx_hal_cortex.o
       158          4          0          0          0       1626   stm32f1xx_hal_dma.o
       480         34          0          0          0       2240   stm32f1xx_hal_gpio.o
      6432        126          0          0          0      33479   stm32f1xx_hal_i2c.o
       504         62          0          0          0       3540   stm32f1xx_hal_msp.o
      1272        100          0          0          0       5124   stm32f1xx_hal_rcc.o
       236         12          0          0          0       1364   stm32f1xx_hal_rcc_ex.o
       974         26          0          0          0      10005   stm32f1xx_hal_tim.o
       108         12          0          0          0       2325   stm32f1xx_hal_tim_ex.o
       882         10          0          0          0       7282   stm32f1xx_hal_uart.o
       848        124          0         56       1000      10739   stm32f1xx_it.o
         2          0         24          4          0       1083   system_stm32f1xx.o

    ----------------------------------------------------------------------
     14314        716        292         80       2464     581228   Object Totals
         0          0         32          0          0          0   (incl. Generated)
        24          0          0          7          0          0   (incl. Padding)

    ----------------------------------------------------------------------

      Code (inc. data)   RO Data    RW Data    ZI Data      Debug   Library Member Name

         0          0          0          0          0          0   entry.o
         0          0          0          0          0          0   entry10a.o
         0          0          0          0          0          0   entry11a.o
         4          0          0          0          0          0   entry12b.o
         8          4          0          0          0          0   entry2.o
         4          0          0          0          0          0   entry5.o
         0          0          0          0          0          0   entry7b.o
         0          0          0          0          0          0   entry8b.o
         8          4          0          0          0          0   entry9a.o
        30          0          0          0          0          0   handlers.o
        36          8          0          0          0         68   init.o
         0          0          0          0          0          0   iusefp.o
        30          0          0          0          0         68   llshl.o
        36          0          0          0          0         68   llsshr.o
        32          0          0          0          0         68   llushr.o
        36          0          0          0          0        108   memseta.o
      2260         84          0          0          0        536   printfa.o
        24          0          0          0          0         68   strcat.o
        18          0          0          0          0         68   strcpy.o
        14          0          0          0          0         68   strlen.o
        44          0          0          0          0         80   uidiv.o
        98          0          0          0          0         92   uldiv.o
        48          0          0          0          0         68   cdrcmple.o
        56          0          0          0          0         88   d2f.o
       334          0          0          0          0        148   dadd.o
       222          0          0          0          0        100   ddiv.o
       186          0          0          0          0        176   depilogue.o
        50          0          0          0          0         76   dfixui.o
        48          0          0          0          0         68   dfixul.o
        34          0          0          0          0         76   dflti.o
        26          0          0          0          0         76   dfltui.o
       228          0          0          0          0         96   dmul.o
        46          0          0          0          0         80   dscalb.o
        38          0          0          0          0         68   f2d.o
       110          0          0          0          0        168   fepilogue.o

    ----------------------------------------------------------------------
      4114        100          0          0          0       2580   Library Totals
         6          0          0          0          0          0   (incl. Padding)

    ----------------------------------------------------------------------

      Code (inc. data)   RO Data    RW Data    ZI Data      Debug   Library Name

      2682        100          0          0          0       1292   mc_w.l
      1426          0          0          0          0       1288   mf_w.l

    ----------------------------------------------------------------------
      4114        100          0          0          0       2580   Library Totals

    ----------------------------------------------------------------------

==============================================================================


      Code (inc. data)   RO Data    RW Data    ZI Data      Debug   

     18428        816        292         80       2464     576316   Grand Totals
     18428        816        292         80       2464     576316   ELF Image Totals
     18428        816        292         80          0          0   ROM Totals

==============================================================================

    Total RO  Size (Code + RO Data)                18720 (  18.28kB)
    Total RW  Size (RW Data + ZI Data)              2544 (   2.48kB)
    Total ROM Size (Code + RO Data + RW Data)      18800 (  18.36kB)

==============================================================================

