Component: ARM Compiler 5.06 update 7 (build 960) Tool: armlink [4d3601]

==============================================================================

Section Cross References

    startup_stm32f103xb.o(RESET) refers to startup_stm32f103xb.o(STACK) for __initial_sp
    startup_stm32f103xb.o(RESET) refers to startup_stm32f103xb.o(.text) for Reset_Handler
    startup_stm32f103xb.o(RESET) refers to stm32f1xx_it.o(i.NMI_Handler) for NMI_Handler
    startup_stm32f103xb.o(RESET) refers to stm32f1xx_it.o(i.HardFault_Handler) for HardFault_Handler
    startup_stm32f103xb.o(RESET) refers to stm32f1xx_it.o(i.MemManage_Handler) for MemManage_Handler
    startup_stm32f103xb.o(RESET) refers to stm32f1xx_it.o(i.BusFault_Handler) for BusFault_Handler
    startup_stm32f103xb.o(RESET) refers to stm32f1xx_it.o(i.UsageFault_Handler) for UsageFault_Handler
    startup_stm32f103xb.o(RESET) refers to stm32f1xx_it.o(i.SVC_Handler) for SVC_Handler
    startup_stm32f103xb.o(RESET) refers to stm32f1xx_it.o(i.DebugMon_Handler) for DebugMon_Handler
    startup_stm32f103xb.o(RESET) refers to stm32f1xx_it.o(i.PendSV_Handler) for PendSV_Handler
    startup_stm32f103xb.o(RESET) refers to stm32f1xx_it.o(i.SysTick_Handler) for SysTick_Handler
    startup_stm32f103xb.o(RESET) refers to stm32f1xx_it.o(i.ADC1_2_IRQHandler) for ADC1_2_IRQHandler
    startup_stm32f103xb.o(RESET) refers to stm32f1xx_it.o(i.TIM3_IRQHandler) for TIM3_IRQHandler
    startup_stm32f103xb.o(RESET) refers to stm32f1xx_it.o(i.TIM4_IRQHandler) for TIM4_IRQHandler
    startup_stm32f103xb.o(RESET) refers to stm32f1xx_it.o(i.I2C2_EV_IRQHandler) for I2C2_EV_IRQHandler
    startup_stm32f103xb.o(RESET) refers to stm32f1xx_it.o(i.USART1_IRQHandler) for USART1_IRQHandler
    startup_stm32f103xb.o(.text) refers to system_stm32f1xx.o(i.SystemInit) for SystemInit
    startup_stm32f103xb.o(.text) refers to entry.o(.ARM.Collect$$$$00000000) for __main
    main.o(i.MX_ADC1_Init) refers to stm32f1xx_hal_adc.o(i.HAL_ADC_Init) for HAL_ADC_Init
    main.o(i.MX_ADC1_Init) refers to stm32f1xx_hal_adc.o(i.HAL_ADC_ConfigChannel) for HAL_ADC_ConfigChannel
    main.o(i.MX_ADC1_Init) refers to main.o(.bss) for .bss
    main.o(i.MX_TIM3_Init) refers to stm32f1xx_hal_tim.o(i.HAL_TIM_Base_Init) for HAL_TIM_Base_Init
    main.o(i.MX_TIM3_Init) refers to stm32f1xx_hal_tim.o(i.HAL_TIM_ConfigClockSource) for HAL_TIM_ConfigClockSource
    main.o(i.MX_TIM3_Init) refers to stm32f1xx_hal_tim_ex.o(i.HAL_TIMEx_MasterConfigSynchronization) for HAL_TIMEx_MasterConfigSynchronization
    main.o(i.MX_TIM3_Init) refers to main.o(.bss) for .bss
    main.o(i.MX_TIM4_Init) refers to stm32f1xx_hal_tim.o(i.HAL_TIM_Base_Init) for HAL_TIM_Base_Init
    main.o(i.MX_TIM4_Init) refers to stm32f1xx_hal_tim.o(i.HAL_TIM_ConfigClockSource) for HAL_TIM_ConfigClockSource
    main.o(i.MX_TIM4_Init) refers to stm32f1xx_hal_tim_ex.o(i.HAL_TIMEx_MasterConfigSynchronization) for HAL_TIMEx_MasterConfigSynchronization
    main.o(i.MX_TIM4_Init) refers to main.o(.bss) for .bss
    main.o(i.SystemClock_Config) refers to memseta.o(.text) for __aeabi_memclr4
    main.o(i.SystemClock_Config) refers to stm32f1xx_hal_rcc.o(i.HAL_RCC_OscConfig) for HAL_RCC_OscConfig
    main.o(i.SystemClock_Config) refers to stm32f1xx_hal_rcc.o(i.HAL_RCC_ClockConfig) for HAL_RCC_ClockConfig
    main.o(i.SystemClock_Config) refers to stm32f1xx_hal_rcc_ex.o(i.HAL_RCCEx_PeriphCLKConfig) for HAL_RCCEx_PeriphCLKConfig
    main.o(i.main) refers to stm32f1xx_hal.o(i.HAL_Init) for HAL_Init
    main.o(i.main) refers to main.o(i.SystemClock_Config) for SystemClock_Config
    main.o(i.main) refers to stm32f1xx_hal_i2c.o(i.HAL_I2C_Init) for HAL_I2C_Init
    main.o(i.main) refers to main.o(i.MX_TIM3_Init) for MX_TIM3_Init
    main.o(i.main) refers to main.o(i.MX_ADC1_Init) for MX_ADC1_Init
    main.o(i.main) refers to main.o(i.MX_TIM4_Init) for MX_TIM4_Init
    main.o(i.main) refers to stm32f1xx_hal_uart.o(i.HAL_UART_Init) for HAL_UART_Init
    main.o(i.main) refers to stm32f1xx_hal_tim.o(i.HAL_TIM_Base_Start_IT) for HAL_TIM_Base_Start_IT
    main.o(i.main) refers to stm32f1xx_hal_adc.o(i.HAL_ADC_Start_IT) for HAL_ADC_Start_IT
    main.o(i.main) refers to stm32f1xx_hal_uart.o(i.HAL_UART_Transmit) for HAL_UART_Transmit
    main.o(i.main) refers to at24c256.o(i._readEEPROM) for _readEEPROM
    main.o(i.main) refers to printfa.o(i.__0snprintf) for __2snprintf
    main.o(i.main) refers to strcat.o(.text) for strcat
    main.o(i.main) refers to strlen.o(.text) for strlen
    main.o(i.main) refers to ctype_o.o(.text) for __rt_ctype_table
    main.o(i.main) refers to main.o(i.resultOfCalculation) for resultOfCalculation
    main.o(i.main) refers to printfa.o(i.__0sprintf) for __2sprintf
    main.o(i.main) refers to main.o(.bss) for .bss
    main.o(i.main) refers to main.o(.data) for .data
    main.o(i.resultOfCalculation) refers to ctype_o.o(.text) for __rt_ctype_table
    main.o(i.resultOfCalculation) refers to strlen.o(.text) for strlen
[...]
    ../clib/microlib/init/entry.s            0x00000000   Number         0  entry.o ABSOLUTE
    ../clib/microlib/init/entry.s            0x00000000   Number         0  entry12b.o ABSOLUTE
    ../clib/microlib/init/entry.s            0x00000000   Number         0  entry12a.o ABSOLUTE
    ../clib/microlib/init/entry.s            0x00000000   Number         0  entry11b.o ABSOLUTE
    ../clib/microlib/init/entry.s            0x00000000   Number         0  entry11a.o ABSOLUTE
    ../clib/microlib/init/entry.s            0x00000000   Number         0  entry10b.o ABSOLUTE
    ../clib/microlib/longlong.c              0x00000000   Number         0  llshl.o ABSOLUTE
    ../clib/microlib/longlong.c              0x00000000   Number         0  llsshr.o ABSOLUTE
    ../clib/microlib/longlong.c              0x00000000   Number         0  llushr.o ABSOLUTE
    ../clib/microlib/printf/printf.c         0x00000000   Number         0  printf2.o ABSOLUTE
    ../clib/microlib/printf/printf.c         0x00000000   Number         0  printfa.o ABSOLUTE
    ../clib/microlib/printf/printf.c         0x00000000   Number         0  printfb.o ABSOLUTE
    ../clib/microlib/printf/printf.c         0x00000000   Number         0  printf5.o ABSOLUTE
    ../clib/microlib/printf/printf.c         0x00000000   Number         0  printf7.o ABSOLUTE
    ../clib/microlib/printf/printf.c         0x00000000   Number         0  printf4.o ABSOLUTE
    ../clib/microlib/printf/printf.c         0x00000000   Number         0  printf0.o ABSOLUTE
    ../clib/microlib/printf/printf.c         0x00000000   Number         0  printf3.o ABSOLUTE
    ../clib/microlib/printf/printf.c         0x00000000   Number         0  printf6.o ABSOLUTE
    ../clib/microlib/printf/printf.c         0x00000000   Number         0  printf1.o ABSOLUTE
    ../clib/microlib/printf/printf.c         0x00000000   Number         0  printf8.o ABSOLUTE
    ../clib/microlib/printf/stubs.s          0x00000000   Number         0  stubs.o ABSOLUTE
    ../clib/microlib/stdio/fputc.c           0x00000000   Number         0  fputc.o ABSOLUTE
    ../clib/microlib/stdio/semi.s            0x00000000   Number         0  semi.o ABSOLUTE
    ../clib/microlib/stdio/streams.c         0x00000000   Number         0  stdout.o ABSOLUTE
    ../clib/microlib/string/memset.c         0x00000000   Number         0  memseta.o ABSOLUTE
    ../clib/microlib/string/strcat.c         0x00000000   Number         0  strcat.o ABSOLUTE
    ../clib/microlib/string/strcpy.c         0x00000000   Number         0  strcpy.o ABSOLUTE
    ../clib/microlib/string/strlen.c         0x00000000   Number         0  strlen.o ABSOLUTE
    ../clib/microlib/stubs.s                 0x00000000   Number         0  iusesemip.o ABSOLUTE
    ../clib/microlib/stubs.s                 0x00000000   Number         0  iusefp.o ABSOLUTE
    ../clib/scanf.c                          0x00000000   Number         0  _strtoul.o ABSOLUTE
    ../clib/scanf.c                          0x00000000   Number         0  _chval.o ABSOLUTE
    ../clib/scanf.c                          0x00000000   Number         0  strtol.o ABSOLUTE
    ../clib/scanf.c                          0x00000000   Number         0  atoi.o ABSOLUTE
    ../fplib/microlib/d2f.c                  0x00000000   Number         0  d2f.o ABSOLUTE
    ../fplib/microlib/f2d.c                  0x00000000   Number         0  f2d.o ABSOLUTE
    ../fplib/microlib/fpadd.c                0x00000000   Number         0  dadd.o ABSOLUTE
    ../fplib/microlib/fpdiv.c                0x00000000   Number         0  ddiv.o ABSOLUTE
    ../fplib/microlib/fpepilogue.c           0x00000000   Number         0  depilogue.o ABSOLUTE
    ../fplib/microlib/fpepilogue.c           0x00000000   Number         0  fepilogue.o ABSOLUTE
    ../fplib/microlib/fpfix.c                0x00000000   Number         0  dfixul.o ABSOLUTE
    ../fplib/microlib/fpfix.c                0x00000000   Number         0  dfixui.o ABSOLUTE
    ../fplib/microlib/fpflt.c                0x00000000   Number         0  dflti.o ABSOLUTE
    ../fplib/microlib/fpflt.c                0x00000000   Number         0  dfltui.o ABSOLUTE
    ../fplib/microlib/fpmul.c                0x00000000   Number         0  dmul.o ABSOLUTE
    ../fplib/microlib/fpscalb.c              0x00000000   Number         0  dscalb.o ABSOLUTE
    ..\Core\Src\main.c                       0x00000000   Number         0  main.o ABSOLUTE
    ..\Core\Src\stm32f1xx_hal_msp.c          0x00000000   Number         0  stm32f1xx_hal_msp.o ABSOLUTE
    ..\Core\Src\stm32f1xx_it.c               0x00000000   Number         0  stm32f1xx_it.o ABSOLUTE
    ..\Core\Src\system_stm32f1xx.c           0x00000000   Number         0  system_stm32f1xx.o ABSOLUTE
    ..\Drivers\STM32F1xx_HAL_Driver\Src\stm32f1xx_hal.c 0x00000000   Number         0  stm32f1xx_hal.o ABSOLUTE
    ..\Drivers\STM32F1xx_HAL_Driver\Src\stm32f1xx_hal_adc.c 0x00000000   Number         0  stm32f1xx_hal_adc.o ABSOLUTE
    ..\Drivers\STM32F1xx_HAL_Driver\Src\stm32f1xx_hal_adc_ex.c 0x00000000   Number         0  stm32f1xx_hal_adc_ex.o ABSOLUTE
    ..\Drivers\STM32F1xx_HAL_Driver\Src\stm32f1xx_hal_cortex.c 0x00000000   Number         0  stm32f1xx_hal_cortex.o ABSOLUTE
    ..\Drivers\STM32F1xx_HAL_Driver\Src\stm32f1xx_hal_dma.c 0x00000000   Number         0  stm32f1xx_hal_dma.o ABSOLUTE
    ..\Drivers\STM32F1xx_HAL_Driver\Src\stm32f1xx_hal_exti.c 0x00000000   Number         0  stm32f1xx_hal_exti.o ABSOLUTE
    ..\Drivers\STM32F1xx_HAL_Driver\Src\stm32f1xx_hal_flash.c 0x00000000   Number         0  stm32f1xx_hal_flash.o ABSOLUTE
    ..\Drivers\STM32F1xx_HAL_Driver\Src\stm32f1xx_hal_flash_ex.c 0x00000000   Number         0  stm32f1xx_hal_flash_ex.o ABSOLUTE
    ..\Drivers\STM32F1xx_HAL_Driver\Src\stm32f1xx_hal_gpio.c 0x00000000   Number         0  stm32f1xx_hal_gpio.o ABSOLUTE
    ..\Drivers\STM32F1xx_HAL_Driver\Src\stm32f1xx_hal_gpio_ex.c 0x00000000   Number         0  stm32f1xx_hal_gpio_ex.o ABSOLUTE
    ..\Drivers\STM32F1xx_HAL_Driver\Src\stm32f1xx_hal_i2c.c 0x00000000   Number         0  stm32f1xx_hal_i2c.o ABSOLUTE
    ..\Drivers\STM32F1xx_HAL_Driver\Src\stm32f1xx_hal_pwr.c 0x00000000   Number         0  stm32f1xx_hal_pwr.o ABSOLUTE
    ..\Drivers\STM32F1xx_HAL_Driver\Src\stm32f1xx_hal_rcc.c 0x00000000   Number         0  stm32f1xx_hal_rcc.o ABSOLUTE
    ..\Drivers\STM32F1xx_HAL_Driver\Src\stm32f1xx_hal_rcc_ex.c 0x00000000   Number         0  stm32f1xx_hal_rcc_ex.o ABSOLUTE
    ..\Drivers\STM32F1xx_HAL_Driver\Src\stm32f1xx_hal_tim.c 0x00000000   Number         0  stm32f1xx_hal_tim.o ABSOLUTE
    ..\Drivers\STM32F1xx_HAL_Driver\Src\stm32f1xx_hal_tim_ex.c 0x00000000   Number         0  stm32f1xx_hal_tim_ex.o ABSOLUTE
    ..\Drivers\STM32F1xx_HAL_Driver\Src\stm32f1xx_hal_uart.c 0x00000000   Number         0  stm32f1xx_hal_uart.o ABSOLUTE
    ..\\at24c256.c                           0x00000000   Number         0  at24c256.o ABSOLUTE
    ..\at24c256.c                            0x00000000   Number         0  at24c256.o ABSOLUTE
    cdrcmple.s                               0x00000000   Number         0  cdrcmple.o ABSOLUTE
    dc.s                                     0x00000000   Number         0  dc.o ABSOLUTE
    handlers.s                               0x00000000   Number         0  handlers.o ABSOLUTE
    init.s                                   0x00000000   Number         0  init.o ABSOLUTE
    startup_stm32f103xb.s                    0x00000000   Number         0  startup_stm32f103xb.o ABSOLUTE
    RESET                                    0x08000000   Section      236  startup_stm32f103xb.o(RESET)
    .ARM.Collect$$$$00000000                 0x080000ec   Section        0  entry.o(.ARM.Collect$$$$00000000)
    .ARM.Collect$$$$00000001                 0x080000ec   Section        4  entry2.o(.ARM.Collect$$$$00000001)
    .ARM.Collect$$$$00000004                 0x080000f0   Section        4  entry5.o(.ARM.Collect$$$$00000004)
    .ARM.Collect$$$$00000008                 0x080000f4   Section        0  entry7b.o(.ARM.Collect$$$$00000008)
    .ARM.Collect$$$$0000000A                 0x080000f4   Section        0  entry8b.o(.ARM.Collect$$$$0000000A)
    .ARM.Collect$$$$0000000B                 0x080000f4   Section        8  entry9a.o(.ARM.Collect$$$$0000000B)
    .ARM.Collect$$$$0000000E                 0x080000fc   Section        4  entry12b.o(.ARM.Collect$$$$0000000E)
    .ARM.Collect$$$$0000000F                 0x08000100   Section        0  entry10a.o(.ARM.Collect$$$$0000000F)
    .ARM.Collect$$$$00000011                 0x08000100   Section        0  entry11a.o(.ARM.Collect$$$$00000011)
    .ARM.Collect$$$$00002712                 0x08000100   Section        4  entry2.o(.ARM.Collect$$$$00002712)
    __lit__00000000                          0x08000100   Data           4  entry2.o(.ARM.Collect$$$$00002712)
    .text                                    0x08000104   Section       36  startup_stm32f103xb.o(.text)
    .text                                    0x08000128   Section        0  llushr.o(.text)
    .text                                    0x08000148   Section        0  ctype_o.o(.text)
    .text                                    0x08000150   Section        0  memseta.o(.text)
    .text                                    0x08000174   Section        0  strcat.o(.text)
    .text                                    0x0800018c   Section        0  strlen.o(.text)
    .text                                    0x0800019a   Section        0  strcpy.o(.text)
    .text                                    0x080001ac   Section        0  atoi.o(.text)
    .text                                    0x080001c6   Section        0  dmul.o(.text)
    .text                                    0x080002aa   Section        0  ddiv.o(.text)
    .text                                    0x08000388   Section        0  dscalb.o(.text)
    .text                                    0x080003b6   Section        0  dflti.o(.text)
    .text                                    0x080003d8   Section        0  dfltui.o(.text)
    .text                                    0x080003f2   Section        0  dfixui.o(.text)
    .text                                    0x08000424   Section        0  f2d.o(.text)
    .text                                    0x0800044a   Section        0  d2f.o(.text)
    .text                                    0x08000482   Section        0  uidiv.o(.text)
    .text                                    0x080004ae   Section        0  uldiv.o(.text)
    .text                                    0x08000510   Section        0  strtol.o(.text)
    .text                                    0x08000580   Section        0  fepilogue.o(.text)
    .text                                    0x08000580   Section        0  iusefp.o(.text)
    .text                                    0x080005ee   Section        0  depilogue.o(.text)
    .text                                    0x080006a8   Section        0  dadd.o(.text)
    .text                                    0x080007f6   Section        0  dfixul.o(.text)
    .text                                    0x08000828   Section       48  cdrcmple.o(.text)
    .text                                    0x08000858   Section       36  init.o(.text)
    .text                                    0x0800087c   Section        0  llshl.o(.text)
    .text                                    0x0800089a   Section        0  llsshr.o(.text)
    .text                                    0x080008be   Section        0  _strtoul.o(.text)
    .text                                    0x0800095c   Section        0  _chval.o(.text)
    i.ADC1_2_IRQHandler                      0x08000978   Section        0  stm32f1xx_it.o(i.ADC1_2_IRQHandler)
    i.ADC_ConversionStop_Disable             0x0800099c   Section        0  stm32f1xx_hal_adc.o(i.ADC_ConversionStop_Disable)
    i.ADC_Enable                             0x080009e8   Section        0  stm32f1xx_hal_adc.o(i.ADC_Enable)
    i.BusFault_Handler                       0x08000a58   Section        0  stm32f1xx_it.o(i.BusFault_Handler)
    i.DebugMon_Handler                       0x08000a5a   Section        0  stm32f1xx_it.o(i.DebugMon_Handler)
    i.HAL_ADCEx_InjectedConvCpltCallback     0x08000a5c   Section        0  stm32f1xx_hal_adc_ex.o(i.HAL_ADCEx_InjectedConvCpltCallback)
    i.HAL_ADC_ConfigChannel                  0x08000a60   Section        0  stm32f1xx_hal_adc.o(i.HAL_ADC_ConfigChannel)
    i.HAL_ADC_ConvCpltCallback               0x08000b5c   Section        0  stm32f1xx_hal_adc.o(i.HAL_ADC_ConvCpltCallback)
    i.HAL_ADC_GetValue                       0x08000b5e   Section        0  stm32f1xx_hal_adc.o(i.HAL_ADC_GetValue)
    i.HAL_ADC_IRQHandler                     0x08000b64   Section        0  stm32f1xx_hal_adc.o(i.HAL_ADC_IRQHandler)
    i.HAL_ADC_Init                           0x08000c4c   Section        0  stm32f1xx_hal_adc.o(i.HAL_ADC_Init)
    i.HAL_ADC_LevelOutOfWindowCallback       0x08000d68   Section        0  stm32f1xx_hal_adc.o(i.HAL_ADC_LevelOutOfWindowCallback)
    i.HAL_ADC_MspInit                        0x08000d6c   Section        0  stm32f1xx_hal_msp.o(i.HAL_ADC_MspInit)
    i.HAL_ADC_Start_IT                       0x08000dd4   Section        0  stm32f1xx_hal_adc.o(i.HAL_ADC_Start_IT)
    i.HAL_DMA_Abort_IT                       0x08000ea0   Section        0  stm32f1xx_hal_dma.o(i.HAL_DMA_Abort_IT)
    i.HAL_DMA_GetState                       0x08000f38   Section        0  stm32f1xx_hal_dma.o(i.HAL_DMA_GetState)
    i.HAL_Delay                              0x08000f40   Section        0  stm32f1xx_hal.o(i.HAL_Delay)
    i.HAL_GPIO_Init                          0x08000f64   Section        0  stm32f1xx_hal_gpio.o(i.HAL_GPIO_Init)
    i.HAL_GetTick                            0x08001144   Section        0  stm32f1xx_hal.o(i.HAL_GetTick)
    i.HAL_I2C_AbortCpltCallback              0x08001150   Section        0  stm32f1xx_hal_i2c.o(i.HAL_I2C_AbortCpltCallback)
    i.HAL_I2C_AddrCallback                   0x08001152   Section        0  stm32f1xx_hal_i2c.o(i.HAL_I2C_AddrCallback)
    i.HAL_I2C_EV_IRQHandler                  0x08001154   Section        0  stm32f1xx_hal_i2c.o(i.HAL_I2C_EV_IRQHandler)
    i.HAL_I2C_ErrorCallback                  0x080013ba   Section        0  stm32f1xx_hal_i2c.o(i.HAL_I2C_ErrorCallback)
    i.HAL_I2C_Init                           0x080013bc   Section        0  stm32f1xx_hal_i2c.o(i.HAL_I2C_Init)
    i.HAL_I2C_ListenCpltCallback             0x08001544   Section        0  stm32f1xx_hal_i2c.o(i.HAL_I2C_ListenCpltCallback)
    i.HAL_I2C_MasterRxCpltCallback           0x08001546   Section        0  stm32f1xx_hal_i2c.o(i.HAL_I2C_MasterRxCpltCallback)
    i.HAL_I2C_MasterTxCpltCallback           0x08001548   Section        0  stm32f1xx_hal_i2c.o(i.HAL_I2C_MasterTxCpltCallback)
    i.HAL_I2C_Master_Receive                 0x0800154c   Section        0  stm32f1xx_hal_i2c.o(i.HAL_I2C_Master_Receive)
    i.HAL_I2C_Master_Transmit                0x08001790   Section        0  stm32f1xx_hal_i2c.o(i.HAL_I2C_Master_Transmit)
    i.HAL_I2C_MemRxCpltCallback              0x080018bc   Section        0  stm32f1xx_hal_i2c.o(i.HAL_I2C_MemRxCpltCallback)
    i.HAL_I2C_MemTxCpltCallback              0x080018be   Section        0  stm32f1xx_hal_i2c.o(i.HAL_I2C_MemTxCpltCallback)
    i.HAL_I2C_Mem_Read                       0x080018c0   Section        0  stm32f1xx_hal_i2c.o(i.HAL_I2C_Mem_Read)
    i.HAL_I2C_Mem_Write                      0x08001b10   Section        0  stm32f1xx_hal_i2c.o(i.HAL_I2C_Mem_Write)
    i.HAL_I2C_MspInit                        0x08001c40   Section        0  stm32f1xx_hal_msp.o(i.HAL_I2C_MspInit)
    i.HAL_I2C_SlaveRxCpltCallback            0x08001cb0   Section        0  stm32f1xx_hal_i2c.o(i.HAL_I2C_SlaveRxCpltCallback)
    i.HAL_I2C_SlaveTxCpltCallback            0x08001cb2   Section        0  stm32f1xx_hal_i2c.o(i.HAL_I2C_SlaveTxCpltCallback)
    i.HAL_IncTick                            0x08001cb4   Section        0  stm32f1xx_hal.o(i.HAL_IncTick)
    i.HAL_Init                               0x08001cc4   Section        0  stm32f1xx_hal.o(i.HAL_Init)
    i.HAL_InitTick                           0x08001ce8   Section        0  stm32f1xx_hal.o(i.HAL_InitTick)
    i.HAL_MspInit                            0x08001d28   Section        0  stm32f1xx_hal_msp.o(i.HAL_MspInit)
    i.HAL_NVIC_EnableIRQ                     0x08001d64   Section        0  stm32f1xx_hal_cortex.o(i.HAL_NVIC_EnableIRQ)
    i.HAL_NVIC_SetPriority                   0x08001d80   Section        0  stm32f1xx_hal_cortex.o(i.HAL_NVIC_SetPriority)
    i.HAL_NVIC_SetPriorityGrouping           0x08001dc0   Section        0  stm32f1xx_hal_cortex.o(i.HAL_NVIC_SetPriorityGrouping)
    i.HAL_RCCEx_PeriphCLKConfig              0x08001de4   Section        0  stm32f1xx_hal_rcc_ex.o(i.HAL_RCCEx_PeriphCLKConfig)
    i.HAL_RCC_ClockConfig                    0x08001ed0   Section        0  stm32f1xx_hal_rcc.o(i.HAL_RCC_ClockConfig)
    i.HAL_RCC_GetPCLK1Freq                   0x08001ffc   Section        0  stm32f1xx_hal_rcc.o(i.HAL_RCC_GetPCLK1Freq)
    i.HAL_RCC_GetPCLK2Freq                   0x0800201c   Section        0  stm32f1xx_hal_rcc.o(i.HAL_RCC_GetPCLK2Freq)
    i.HAL_RCC_GetSysClockFreq                0x0800203c   Section        0  stm32f1xx_hal_rcc.o(i.HAL_RCC_GetSysClockFreq)
    i.HAL_RCC_OscConfig                      0x080020a8   Section        0  stm32f1xx_hal_rcc.o(i.HAL_RCC_OscConfig)
    i.HAL_SYSTICK_Config                     0x080023c8   Section        0  stm32f1xx_hal_cortex.o(i.HAL_SYSTICK_Config)
    i.HAL_TIMEx_BreakCallback                0x080023f0   Section        0  stm32f1xx_hal_tim_ex.o(i.HAL_TIMEx_BreakCallback)
    i.HAL_TIMEx_CommutCallback               0x080023f2   Section        0  stm32f1xx_hal_tim_ex.o(i.HAL_TIMEx_CommutCallback)
    i.HAL_TIMEx_MasterConfigSynchronization  0x080023f4   Section        0  stm32f1xx_hal_tim_ex.o(i.HAL_TIMEx_MasterConfigSynchronization)
    i.HAL_TIM_Base_Init                      0x0800245c   Section        0  stm32f1xx_hal_tim.o(i.HAL_TIM_Base_Init)
    i.HAL_TIM_Base_MspInit                   0x080024b8   Section        0  stm32f1xx_hal_msp.o(i.HAL_TIM_Base_MspInit)
    i.HAL_TIM_Base_Start_IT                  0x0800251c   Section        0  stm32f1xx_hal_tim.o(i.HAL_TIM_Base_Start_IT)
    i.HAL_TIM_ConfigClockSource              0x08002574   Section        0  stm32f1xx_hal_tim.o(i.HAL_TIM_ConfigClockSource)
    i.HAL_TIM_IC_CaptureCallback             0x0800264a   Section        0  stm32f1xx_hal_tim.o(i.HAL_TIM_IC_CaptureCallback)
    i.HAL_TIM_IRQHandler                     0x0800264c   Section        0  stm32f1xx_hal_tim.o(i.HAL_TIM_IRQHandler)
    i.HAL_TIM_OC_DelayElapsedCallback        0x080027b2   Section        0  stm32f1xx_hal_tim.o(i.HAL_TIM_OC_DelayElapsedCallback)
    i.HAL_TIM_PWM_PulseFinishedCallback      0x080027b4   Section        0  stm32f1xx_hal_tim.o(i.HAL_TIM_PWM_PulseFinishedCallback)
    i.HAL_TIM_PeriodElapsedCallback          0x080027b6   Section        0  stm32f1xx_hal_tim.o(i.HAL_TIM_PeriodElapsedCallback)
    i.HAL_TIM_TriggerCallback                0x080027b8   Section        0  stm32f1xx_hal_tim.o(i.HAL_TIM_TriggerCallback)
    i.HAL_UART_ErrorCallback                 0x080027ba   Section        0  stm32f1xx_hal_uart.o(i.HAL_UART_ErrorCallback)
    i.HAL_UART_IRQHandler                    0x080027bc   Section        0  stm32f1xx_hal_uart.o(i.HAL_UART_IRQHandler)
    i.HAL_UART_Init                          0x08002918   Section        0  stm32f1xx_hal_uart.o(i.HAL_UART_Init)
    i.HAL_UART_MspInit                       0x0800297c   Section        0  stm32f1xx_hal_msp.o(i.HAL_UART_MspInit)
    i.HAL_UART_Receive_IT                    0x080029fc   Section        0  stm32f1xx_hal_uart.o(i.HAL_UART_Receive_IT)
    i.HAL_UART_RxCpltCallback                0x08002a4e   Section        0  stm32f1xx_hal_uart.o(i.HAL_UART_RxCpltCallback)
    i.HAL_UART_Transmit                      0x08002a50   Section        0  stm32f1xx_hal_uart.o(i.HAL_UART_Transmit)
    i.HAL_UART_TxCpltCallback                0x08002b02   Section        0  stm32f1xx_hal_uart.o(i.HAL_UART_TxCpltCallback)
    i.HardFault_Handler                      0x08002b04   Section        0  stm32f1xx_it.o(i.HardFault_Handler)
    i.I2C2_EV_IRQHandler                     0x08002b08   Section        0  stm32f1xx_it.o(i.I2C2_EV_IRQHandler)
    i.I2C_DMAAbort                           0x08002b14   Section        0  stm32f1xx_hal_i2c.o(i.I2C_DMAAbort)
    I2C_DMAAbort                             0x08002b15   Thumb Code   182  stm32f1xx_hal_i2c.o(i.I2C_DMAAbort)
    i.I2C_ITError                            0x08002bd0   Section        0  stm32f1xx_hal_i2c.o(i.I2C_ITError)
    I2C_ITError                              0x08002bd1   Thumb Code   336  stm32f1xx_hal_i2c.o(i.I2C_ITError)
    i.I2C_IsAcknowledgeFailed                0x08002d28   Section        0  stm32f1xx_hal_i2c.o(i.I2C_IsAcknowledgeFailed)
    I2C_IsAcknowledgeFailed                  0x08002d29   Thumb Code    46  stm32f1xx_hal_i2c.o(i.I2C_IsAcknowledgeFailed)
    i.I2C_MasterReceive_BTF                  0x08002d56   Section        0  stm32f1xx_hal_i2c.o(i.I2C_MasterReceive_BTF)
    I2C_MasterReceive_BTF                    0x08002d57   Thumb Code   210  stm32f1xx_hal_i2c.o(i.I2C_MasterReceive_BTF)
    i.I2C_MasterReceive_RXNE                 0x08002e28   Section        0  stm32f1xx_hal_i2c.o(i.I2C_MasterReceive_RXNE)
    I2C_MasterReceive_RXNE                   0x08002e29   Thumb Code   228  stm32f1xx_hal_i2c.o(i.I2C_MasterReceive_RXNE)
    i.I2C_MasterRequestRead                  0x08002f10   Section        0  stm32f1xx_hal_i2c.o(i.I2C_MasterRequestRead)
    I2C_MasterRequestRead                    0x08002f11   Thumb Code   230  stm32f1xx_hal_i2c.o(i.I2C_MasterRequestRead)
    i.I2C_MasterRequestWrite                 0x08002ffc   Section        0  stm32f1xx_hal_i2c.o(i.I2C_MasterRequestWrite)
    I2C_MasterRequestWrite                   0x08002ffd   Thumb Code   150  stm32f1xx_hal_i2c.o(i.I2C_MasterRequestWrite)
    i.I2C_MasterTransmit_BTF                 0x08003098   Section        0  stm32f1xx_hal_i2c.o(i.I2C_MasterTransmit_BTF)
    I2C_MasterTransmit_BTF                   0x08003099   Thumb Code   116  stm32f1xx_hal_i2c.o(i.I2C_MasterTransmit_BTF)
    i.I2C_MasterTransmit_TXE                 0x0800310c   Section        0  stm32f1xx_hal_i2c.o(i.I2C_MasterTransmit_TXE)
    I2C_MasterTransmit_TXE                   0x0800310d   Thumb Code   182  stm32f1xx_hal_i2c.o(i.I2C_MasterTransmit_TXE)
    i.I2C_Master_ADDR                        0x080031c4   Section        0  stm32f1xx_hal_i2c.o(i.I2C_Master_ADDR)
    I2C_Master_ADDR                          0x080031c5   Thumb Code   340  stm32f1xx_hal_i2c.o(i.I2C_Master_ADDR)
    i.I2C_Master_SB                          0x0800331c   Section        0  stm32f1xx_hal_i2c.o(i.I2C_Master_SB)
    I2C_Master_SB                            0x0800331d   Thumb Code   140  stm32f1xx_hal_i2c.o(i.I2C_Master_SB)
    i.I2C_MemoryTransmit_TXE_BTF             0x080033a8   Section        0  stm32f1xx_hal_i2c.o(i.I2C_MemoryTransmit_TXE_BTF)
    I2C_MemoryTransmit_TXE_BTF               0x080033a9   Thumb Code   160  stm32f1xx_hal_i2c.o(i.I2C_MemoryTransmit_TXE_BTF)
    i.I2C_RequestMemoryRead                  0x08003448   Section        0  stm32f1xx_hal_i2c.o(i.I2C_RequestMemoryRead)
    I2C_RequestMemoryRead                    0x08003449   Thumb Code   246  stm32f1xx_hal_i2c.o(i.I2C_RequestMemoryRead)
    i.I2C_RequestMemoryWrite                 0x08003544   Section        0  stm32f1xx_hal_i2c.o(i.I2C_RequestMemoryWrite)
    I2C_RequestMemoryWrite                   0x08003545   Thumb Code   162  stm32f1xx_hal_i2c.o(i.I2C_RequestMemoryWrite)
    i.I2C_Slave_STOPF                        0x080035ec   Section        0  stm32f1xx_hal_i2c.o(i.I2C_Slave_STOPF)
    I2C_Slave_STOPF                          0x080035ed   Thumb Code   338  stm32f1xx_hal_i2c.o(i.I2C_Slave_STOPF)
    i.I2C_WaitOnBTFFlagUntilTimeout          0x08003748   Section        0  stm32f1xx_hal_i2c.o(i.I2C_WaitOnBTFFlagUntilTimeout)
    I2C_WaitOnBTFFlagUntilTimeout            0x08003749   Thumb Code    76  stm32f1xx_hal_i2c.o(i.I2C_WaitOnBTFFlagUntilTimeout)
    i.I2C_WaitOnFlagUntilTimeout             0x08003794   Section        0  stm32f1xx_hal_i2c.o(i.I2C_WaitOnFlagUntilTimeout)
    I2C_WaitOnFlagUntilTimeout               0x08003795   Thumb Code   104  stm32f1xx_hal_i2c.o(i.I2C_WaitOnFlagUntilTimeout)
    i.I2C_WaitOnMasterAddressFlagUntilTimeout 0x080037fc   Section        0  stm32f1xx_hal_i2c.o(i.I2C_WaitOnMasterAddressFlagUntilTimeout)
    I2C_WaitOnMasterAddressFlagUntilTimeout  0x080037fd   Thumb Code   150  stm32f1xx_hal_i2c.o(i.I2C_WaitOnMasterAddressFlagUntilTimeout)
    i.I2C_WaitOnRXNEFlagUntilTimeout         0x08003892   Section        0  stm32f1xx_hal_i2c.o(i.I2C_WaitOnRXNEFlagUntilTimeout)
    I2C_WaitOnRXNEFlagUntilTimeout           0x08003893   Thumb Code   102  stm32f1xx_hal_i2c.o(i.I2C_WaitOnRXNEFlagUntilTimeout)
    i.I2C_WaitOnTXEFlagUntilTimeout          0x080038f8   Section        0  stm32f1xx_hal_i2c.o(i.I2C_WaitOnTXEFlagUntilTimeout)
    I2C_WaitOnTXEFlagUntilTimeout            0x080038f9   Thumb Code    76  stm32f1xx_hal_i2c.o(i.I2C_WaitOnTXEFlagUntilTimeout)
    i.MPU6050_Init                           0x08003944   Section        0  stm32f1xx_it.o(i.MPU6050_Init)
    i.MPU6050_Read_Accel                     0x080039d0   Section        0  stm32f1xx_it.o(i.MPU6050_Read_Accel)
    i.MPU6050_Read_Gyro                      0x08003a50   Section        0  stm32f1xx_it.o(i.MPU6050_Read_Gyro)
    i.MX_ADC1_Init                           0x08003ad8   Section        0  main.o(i.MX_ADC1_Init)
    MX_ADC1_Init                             0x08003ad9   Thumb Code    70  main.o(i.MX_ADC1_Init)
    i.MX_TIM3_Init                           0x08003b28   Section        0  main.o(i.MX_TIM3_Init)
    MX_TIM3_Init                             0x08003b29   Thumb Code    96  main.o(i.MX_TIM3_Init)
    i.MX_TIM4_Init                           0x08003b90   Section        0  main.o(i.MX_TIM4_Init)
    MX_TIM4_Init                             0x08003b91   Thumb Code    94  main.o(i.MX_TIM4_Init)
    i.MemManage_Handler                      0x08003bf8   Section        0  stm32f1xx_it.o(i.MemManage_Handler)
    i.NMI_Handler                            0x08003bfa   Section        0  stm32f1xx_it.o(i.NMI_Handler)
    i.PendSV_Handler                         0x08003bfc   Section        0  stm32f1xx_it.o(i.PendSV_Handler)
    i.SVC_Handler                            0x08003bfe   Section        0  stm32f1xx_it.o(i.SVC_Handler)
    i.SysTick_Handler                        0x08003c00   Section        0  stm32f1xx_it.o(i.SysTick_Handler)
    i.SystemClock_Config                     0x08003c04   Section        0  main.o(i.SystemClock_Config)
    i.SystemInit                             0x08003c6c   Section        0  system_stm32f1xx.o(i.SystemInit)
    i.TIM3_IRQHandler                        0x08003c70   Section        0  stm32f1xx_it.o(i.TIM3_IRQHandler)
    i.TIM4_IRQHandler                        0x08003cf8   Section        0  stm32f1xx_it.o(i.TIM4_IRQHandler)
    i.TIM_Base_SetConfig                     0x08003d1c   Section        0  stm32f1xx_hal_tim.o(i.TIM_Base_SetConfig)
    i.TIM_ETR_SetConfig                      0x08003d88   Section        0  stm32f1xx_hal_tim.o(i.TIM_ETR_SetConfig)
    i.TIM_ITRx_SetConfig                     0x08003d9c   Section        0  stm32f1xx_hal_tim.o(i.TIM_ITRx_SetConfig)
    TIM_ITRx_SetConfig                       0x08003d9d   Thumb Code    16  stm32f1xx_hal_tim.o(i.TIM_ITRx_SetConfig)
    i.TIM_TI1_ConfigInputStage               0x08003dac   Section        0  stm32f1xx_hal_tim.o(i.TIM_TI1_ConfigInputStage)
    TIM_TI1_ConfigInputStage                 0x08003dad   Thumb Code    34  stm32f1xx_hal_tim.o(i.TIM_TI1_ConfigInputStage)
    i.TIM_TI2_ConfigInputStage               0x08003dce   Section        0  stm32f1xx_hal_tim.o(i.TIM_TI2_ConfigInputStage)
    TIM_TI2_ConfigInputStage                 0x08003dcf   Thumb Code    36  stm32f1xx_hal_tim.o(i.TIM_TI2_ConfigInputStage)
    i.UART_DMAAbortOnError                   0x08003df2   Section        0  stm32f1xx_hal_uart.o(i.UART_DMAAbortOnError)
    UART_DMAAbortOnError                     0x08003df3   Thumb Code    16  stm32f1xx_hal_uart.o(i.UART_DMAAbortOnError)
    i.UART_EndRxTransfer                     0x08003e02   Section        0  stm32f1xx_hal_uart.o(i.UART_EndRxTransfer)
    UART_EndRxTransfer                       0x08003e03   Thumb Code    28  stm32f1xx_hal_uart.o(i.UART_EndRxTransfer)
    i.UART_Receive_IT                        0x08003e1e   Section        0  stm32f1xx_hal_uart.o(i.UART_Receive_IT)
    UART_Receive_IT                          0x08003e1f   Thumb Code   140  stm32f1xx_hal_uart.o(i.UART_Receive_IT)
    i.UART_SetConfig                         0x08003eac   Section        0  stm32f1xx_hal_uart.o(i.UART_SetConfig)
    UART_SetConfig                           0x08003ead   Thumb Code   178  stm32f1xx_hal_uart.o(i.UART_SetConfig)
    i.UART_WaitOnFlagUntilTimeout            0x08003f64   Section        0  stm32f1xx_hal_uart.o(i.UART_WaitOnFlagUntilTimeout)
    UART_WaitOnFlagUntilTimeout              0x08003f65   Thumb Code   100  stm32f1xx_hal_uart.o(i.UART_WaitOnFlagUntilTimeout)
    i.USART1_IRQHandler                      0x08003fc8   Section        0  stm32f1xx_it.o(i.USART1_IRQHandler)
    i.UsageFault_Handler                     0x08003ff8   Section        0  stm32f1xx_it.o(i.UsageFault_Handler)
    i.__0snprintf                            0x08003ffc   Section        0  printfa.o(i.__0snprintf)
    i.__0sprintf                             0x08004030   Section        0  printfa.o(i.__0sprintf)
    i.__NVIC_SetPriority                     0x08004058   Section        0  stm32f1xx_hal_cortex.o(i.__NVIC_SetPriority)
    __NVIC_SetPriority                       0x08004059   Thumb Code    32  stm32f1xx_hal_cortex.o(i.__NVIC_SetPriority)
    i.__aeabi_errno_addr                     0x08004078   Section        0  errno.o(i.__aeabi_errno_addr)
    i.__scatterload_copy                     0x08004080   Section       14  handlers.o(i.__scatterload_copy)
    i.__scatterload_null                     0x0800408e   Section        2  handlers.o(i.__scatterload_null)
    i.__scatterload_zeroinit                 0x08004090   Section       14  handlers.o(i.__scatterload_zeroinit)
    i._fp_digits                             0x080040a0   Section        0  printfa.o(i._fp_digits)
    _fp_digits                               0x080040a1   Thumb Code   366  printfa.o(i._fp_digits)
    i._printf_core                           0x08004224   Section        0  printfa.o(i._printf_core)
    _printf_core                             0x08004225   Thumb Code  1704  printfa.o(i._printf_core)
    i._printf_post_padding                   0x080048d8   Section        0  printfa.o(i._printf_post_padding)
    _printf_post_padding                     0x080048d9   Thumb Code    36  printfa.o(i._printf_post_padding)
    i._printf_pre_padding                    0x080048fc   Section        0  printfa.o(i._printf_pre_padding)
    _printf_pre_padding                      0x080048fd   Thumb Code    46  printfa.o(i._printf_pre_padding)
    i._readEEPROM                            0x0800492c   Section        0  at24c256.o(i._readEEPROM)
    i._snputc                                0x080049d4   Section        0  printfa.o(i._snputc)
    _snputc                                  0x080049d5   Thumb Code    22  printfa.o(i._snputc)
    i._sputc                                 0x080049ea   Section        0  printfa.o(i._sputc)
    _sputc                                   0x080049eb   Thumb Code    10  printfa.o(i._sputc)
    i._writeEEPROMCustom                     0x080049f4   Section        0  stm32f1xx_it.o(i._writeEEPROMCustom)
    i.concntWithTransmit                     0x08004a20   Section        0  stm32f1xx_it.o(i.concntWithTransmit)
    i.flushUint                              0x08004a98   Section        0  stm32f1xx_it.o(i.flushUint)
    i.main                                   0x08004aa8   Section        0  main.o(i.main)
    i.orderData                              0x08004c38   Section        0  stm32f1xx_it.o(i.orderData)
    i.resultOfCalculation                    0x08004ca0   Section        0  main.o(i.resultOfCalculation)
    .constdata                               0x08004d50   Section       16  system_stm32f1xx.o(.constdata)
    .constdata                               0x08004d60   Section        8  system_stm32f1xx.o(.constdata)
    .constdata                               0x08004d68   Section      129  ctype_o.o(.constdata)
    .constdata                               0x08004dec   Section        4  ctype_o.o(.constdata)
    table                                    0x08004dec   Data           4  ctype_o.o(.constdata)
    .data                                    0x20000000   Section       12  main.o(.data)
    .data                                    0x2000000c   Section        1  main.o(.data)
    .data                                    0x20000010   Section       56  stm32f1xx_it.o(.data)
    .data                                    0x20000048   Section       12  stm32f1xx_hal.o(.data)
    .data                                    0x20000054   Section        4  system_stm32f1xx.o(.data)
    .data                                    0x20000058   Section        4  errno.o(.data)
    _errno                                   0x20000058   Data           4  errno.o(.data)
    .bss                                     0x2000005c   Section     2490  main.o(.bss)
    .bss                                     0x20000a16   Section      100  stm32f1xx_it.o(.bss)
    STACK                                    0x20000a80   Section     1024  startup_stm32f103xb.o(STACK)

    Global Symbols

    Symbol Name                              Value     Ov Type        Size  Object(Section)

    BuildAttributes$$THM_ISAv4$P$D$K$B$S$PE$A:L22UL41UL21$X:L11$S22US41US21$IEEE1$IW$USESV6$~STKCKD$USESV7$~SHL$OTIME$ROPI$EBA8$MICROLIB$REQ8$PRES8$EABIv2 0x00000000   Number         0  anon$$obj.o ABSOLUTE
    __ARM_use_no_argv                        0x00000000   Number         0  main.o ABSOLUTE
    _printf_a                                0x00000000   Number         0  stubs.o ABSOLUTE
    _printf_c                                0x00000000   Number         0  stubs.o ABSOLUTE
    _printf_charcount                        0x00000000   Number         0  stubs.o ABSOLUTE
    _printf_d                                0x00000000   Number         0  stubs.o ABSOLUTE
    _printf_e                                0x00000000   Number         0  stubs.o ABSOLUTE
    _printf_f                                0x00000000   Number         0  stubs.o ABSOLUTE
    _printf_flags                            0x00000000   Number         0  stubs.o ABSOLUTE
    _printf_fp_dec                           0x00000000   Number         0  stubs.o ABSOLUTE
    _printf_fp_hex                           0x00000000   Number         0  stubs.o ABSOLUTE
    _printf_g                                0x00000000   Number         0  stubs.o ABSOLUTE
    _printf_i                                0x00000000   Number         0  stubs.o ABSOLUTE
    _printf_int_dec                          0x00000000   Number         0  stubs.o ABSOLUTE
    _printf_l                                0x00000000   Number         0  stubs.o ABSOLUTE
    _printf_lc                               0x00000000   Number         0  stubs.o ABSOLUTE
    _printf_ll                               0x00000000   Number         0  stubs.o ABSOLUTE
    _printf_lld                              0x00000000   Number         0  stubs.o ABSOLUTE
    _printf_lli                              0x00000000   Number         0  stubs.o ABSOLUTE
    _printf_llo                              0x00000000   Number         0  stubs.o ABSOLUTE
    _printf_llu                              0x00000000   Number         0  stubs.o ABSOLUTE
    _printf_llx                              0x00000000   Number         0  stubs.o ABSOLUTE
    _printf_longlong_dec                     0x00000000   Number         0  stubs.o ABSOLUTE
    _printf_longlong_hex                     0x00000000   Number         0  stubs.o ABSOLUTE
    _printf_longlong_oct                     0x00000000   Number         0  stubs.o ABSOLUTE
    _printf_ls                               0x00000000   Number         0  stubs.o ABSOLUTE
    _printf_mbtowc                           0x00000000   Number         0  stubs.o ABSOLUTE
    _printf_n                                0x00000000   Number         0  stubs.o ABSOLUTE
    _printf_o                                0x00000000   Number         0  stubs.o ABSOLUTE
    _printf_p                                0x00000000   Number         0  stubs.o ABSOLUTE
    _printf_percent                          0x00000000   Number         0  stubs.o ABSOLUTE
    _printf_pre_padding                      0x00000000   Number         0  stubs.o ABSOLUTE
    _printf_return_value                     0x00000000   Number         0  stubs.o ABSOLUTE
    _printf_s                                0x00000000   Number         0  stubs.o ABSOLUTE
    _printf_sizespec                         0x00000000   Number         0  stubs.o ABSOLUTE
    _printf_str                              0x00000000   Number         0  stubs.o ABSOLUTE
    _printf_truncate_signed                  0x00000000   Number         0  stubs.o ABSOLUTE
    _printf_truncate_unsigned                0x00000000   Number         0  stubs.o ABSOLUTE
    _printf_u                                0x00000000   Number         0  stubs.o ABSOLUTE
    _printf_wc                               0x00000000   Number         0  stubs.o ABSOLUTE
    _printf_wctomb                           0x00000000   Number         0  stubs.o ABSOLUTE
    _printf_widthprec                        0x00000000   Number         0  stubs.o ABSOLUTE
    _printf_x                                0x00000000   Number         0  stubs.o ABSOLUTE
    __arm_fini_                               - Undefined Weak Reference
    __cpp_initialize__aeabi_                  - Undefined Weak Reference
    __cxa_finalize                            - Undefined Weak Reference
    __decompress                              - Undefined Weak Reference
    _clock_init                               - Undefined Weak Reference
    _microlib_exit                            - Undefined Weak Reference
    __Vectors_Size                           0x000000ec   Number         0  startup_stm32f103xb.o ABSOLUTE
    __Vectors                                0x08000000   Data           4  startup_stm32f103xb.o(RESET)
    __Vectors_End                            0x080000ec   Data           0  startup_stm32f103xb.o(RESET)
    __main                                   0x080000ed   Thumb Code     0  entry.o(.ARM.Collect$$$$00000000)
    _main_stk                                0x080000ed   Thumb Code     0  entry2.o(.ARM.Collect$$$$00000001)
    _main_scatterload                        0x080000f1   Thumb Code     0  entry5.o(.ARM.Collect$$$$00000004)
    __main_after_scatterload                 0x080000f5   Thumb Code     0  entry5.o(.ARM.Collect$$$$00000004)
    _main_clock                              0x080000f5   Thumb Code     0  entry7b.o(.ARM.Collect$$$$00000008)
    _main_cpp_init                           0x080000f5   Thumb Code     0  entry8b.o(.ARM.Collect$$$$0000000A)
    _main_init                               0x080000f5   Thumb Code     0  entry9a.o(.ARM.Collect$$$$0000000B)
    __rt_lib_shutdown_fini                   0x080000fd   Thumb Code     0  entry12b.o(.ARM.Collect$$$$0000000E)
    __rt_final_cpp                           0x08000101   Thumb Code     0  entry10a.o(.ARM.Collect$$$$0000000F)
    __rt_final_exit                          0x08000101   Thumb Code     0  entry11a.o(.ARM.Collect$$$$00000011)
    Reset_Handler                            0x08000105   Thumb Code     8  startup_stm32f103xb.o(.text)
    CAN1_RX1_IRQHandler                      0x0800011f   Thumb Code     0  startup_stm32f103xb.o(.text)
    CAN1_SCE_IRQHandler                      0x0800011f   Thumb Code     0  startup_stm32f103xb.o(.text)
    DMA1_Channel1_IRQHandler                 0x0800011f   Thumb Code     0  startup_stm32f103xb.o(.text)
    DMA1_Channel2_IRQHandler                 0x0800011f   Thumb Code     0  startup_stm32f103xb.o(.text)
    DMA1_Channel3_IRQHandler                 0x0800011f   Thumb Code     0  startup_stm32f103xb.o(.text)
    DMA1_Channel4_IRQHandler                 0x0800011f   Thumb Code     0  startup_stm32f103xb.o(.text)
    DMA1_Channel5_IRQHandler                 0x0800011f   Thumb Code     0  startup_stm32f103xb.o(.text)
    DMA1_Channel6_IRQHandler                 0x0800011f   Thumb Code     0  startup_stm32f103xb.o(.text)
    DMA1_Channel7_IRQHandler                 0x0800011f   Thumb Code     0  startup_stm32f103xb.o(.text)
    EXTI0_IRQHandler                         0x0800011f   Thumb Code     0  startup_stm32f103xb.o(.text)
    EXTI15_10_IRQHandler                     0x0800011f   Thumb Code     0  startup_stm32f103xb.o(.text)
    EXTI1_IRQHandler                         0x0800011f   Thumb Code     0  startup_stm32f103xb.o(.text)
    EXTI2_IRQHandler                         0x0800011f   Thumb Code     0  startup_stm32f103xb.o(.text)
    EXTI3_IRQHandler                         0x0800011f   Thumb Code     0  startup_stm32f103xb.o(.text)
    EXTI4_IRQHandler                         0x0800011f   Thumb Code     0  startup_stm32f103xb.o(.text)
    EXTI9_5_IRQHandler                       0x0800011f   Thumb Code     0  startup_stm32f103xb.o(.text)
    FLASH_IRQHandler                         0x0800011f   Thumb Code     0  startup_stm32f103xb.o(.text)
    I2C1_ER_IRQHandler                       0x0800011f   Thumb Code     0  startup_stm32f103xb.o(.text)
    I2C1_EV_IRQHandler                       0x0800011f   Thumb Code     0  startup_stm32f103xb.o(.text)
    I2C2_ER_IRQHandler                       0x0800011f   Thumb Code     0  startup_stm32f103xb.o(.text)
    PVD_IRQHandler                           0x0800011f   Thumb Code     0  startup_stm32f103xb.o(.text)
    RCC_IRQHandler                           0x0800011f   Thumb Code     0  startup_stm32f103xb.o(.text)
    RTC_Alarm_IRQHandler                     0x0800011f   Thumb Code     0  startup_stm32f103xb.o(.text)
    RTC_IRQHandler                           0x0800011f   Thumb Code     0  startup_stm32f103xb.o(.text)
    SPI1_IRQHandler                          0x0800011f   Thumb Code     0  startup_stm32f103xb.o(.text)
    SPI2_IRQHandler                          0x0800011f   Thumb Code     0  startup_stm32f103xb.o(.text)
    TAMPER_IRQHandler                        0x0800011f   Thumb Code     0  startup_stm32f103xb.o(.text)
    TIM1_BRK_IRQHandler                      0x0800011f   Thumb Code     0  startup_stm32f103xb.o(.text)
    TIM1_CC_IRQHandler                       0x0800011f   Thumb Code     0  startup_stm32f103xb.o(.text)
    TIM1_TRG_COM_IRQHandler                  0x0800011f   Thumb Code     0  startup_stm32f103xb.o(.text)
    TIM1_UP_IRQHandler                       0x0800011f   Thumb Code     0  startup_stm32f103xb.o(.text)
    TIM2_IRQHandler                          0x0800011f   Thumb Code     0  startup_stm32f103xb.o(.text)
    USART2_IRQHandler                        0x0800011f   Thumb Code     0  startup_stm32f103xb.o(.text)
    USART3_IRQHandler                        0x0800011f   Thumb Code     0  startup_stm32f103xb.o(.text)
    USBWakeUp_IRQHandler                     0x0800011f   Thumb Code     0  startup_stm32f103xb.o(.text)
    USB_HP_CAN1_TX_IRQHandler                0x0800011f   Thumb Code     0  startup_stm32f103xb.o(.text)
    USB_LP_CAN1_RX0_IRQHandler               0x0800011f   Thumb Code     0  startup_stm32f103xb.o(.text)
    WWDG_IRQHandler                          0x0800011f   Thumb Code     0  startup_stm32f103xb.o(.text)
    __aeabi_llsr                             0x08000129   Thumb Code    32  llushr.o(.text)
    _ll_ushift_r                             0x08000129   Thumb Code     0  llushr.o(.text)
    __rt_ctype_table                         0x08000149   Thumb Code     4  ctype_o.o(.text)
    __aeabi_memset                           0x08000151   Thumb Code    14  memseta.o(.text)
    __aeabi_memset4                          0x08000151   Thumb Code     0  memseta.o(.text)
    __aeabi_memset8                          0x08000151   Thumb Code     0  memseta.o(.text)
    __aeabi_memclr                           0x0800015f   Thumb Code     4  memseta.o(.text)
    __aeabi_memclr4                          0x0800015f   Thumb Code     0  memseta.o(.text)
    __aeabi_memclr8                          0x0800015f   Thumb Code     0  memseta.o(.text)
    _memset$wrapper                          0x08000163   Thumb Code    18  memseta.o(.text)
    strcat                                   0x08000175   Thumb Code    24  strcat.o(.text)
    strlen                                   0x0800018d   Thumb Code    14  strlen.o(.text)
    strcpy                                   0x0800019b   Thumb Code    18  strcpy.o(.text)
    atoi                                     0x080001ad   Thumb Code    26  atoi.o(.text)
    __aeabi_dmul                             0x080001c7   Thumb Code   228  dmul.o(.text)
    __aeabi_ddiv                             0x080002ab   Thumb Code   222  ddiv.o(.text)
    __ARM_scalbn                             0x08000389   Thumb Code    46  dscalb.o(.text)
    scalbn                                   0x08000389   Thumb Code     0  dscalb.o(.text)
    __aeabi_i2d                              0x080003b7   Thumb Code    34  dflti.o(.text)
    __aeabi_ui2d                             0x080003d9   Thumb Code    26  dfltui.o(.text)
    __aeabi_d2uiz                            0x080003f3   Thumb Code    50  dfixui.o(.text)
    __aeabi_f2d                              0x08000425   Thumb Code    38  f2d.o(.text)
    __aeabi_d2f                              0x0800044b   Thumb Code    56  d2f.o(.text)
    __aeabi_uidiv                            0x08000483   Thumb Code     0  uidiv.o(.text)
    __aeabi_uidivmod                         0x08000483   Thumb Code    44  uidiv.o(.text)
    __aeabi_uldivmod                         0x080004af   Thumb Code    98  uldiv.o(.text)
    strtol                                   0x08000511   Thumb Code   112  strtol.o(.text)
    __I$use$fp                               0x08000581   Thumb Code     0  iusefp.o(.text)
    _float_round                             0x08000581   Thumb Code    18  fepilogue.o(.text)
    _float_epilogue                          0x08000593   Thumb Code    92  fepilogue.o(.text)
    _double_round                            0x080005ef   Thumb Code    30  depilogue.o(.text)
    _double_epilogue                         0x0800060d   Thumb Code   156  depilogue.o(.text)
    __aeabi_dadd                             0x080006a9   Thumb Code   322  dadd.o(.text)
    __aeabi_dsub                             0x080007eb   Thumb Code     6  dadd.o(.text)
    __aeabi_drsub                            0x080007f1   Thumb Code     6  dadd.o(.text)
    __aeabi_d2ulz                            0x080007f7   Thumb Code    48  dfixul.o(.text)
    __aeabi_cdrcmple                         0x08000829   Thumb Code    48  cdrcmple.o(.text)
    __scatterload                            0x08000859   Thumb Code    28  init.o(.text)
    __scatterload_rt2                        0x08000859   Thumb Code     0  init.o(.text)
    __aeabi_llsl                             0x0800087d   Thumb Code    30  llshl.o(.text)
    _ll_shift_l                              0x0800087d   Thumb Code     0  llshl.o(.text)
    __aeabi_lasr                             0x0800089b   Thumb Code    36  llsshr.o(.text)
    _ll_sshift_r                             0x0800089b   Thumb Code     0  llsshr.o(.text)
    _strtoul                                 0x080008bf   Thumb Code   158  _strtoul.o(.text)
    _chval                                   0x0800095d   Thumb Code    28  _chval.o(.text)
    ADC1_2_IRQHandler                        0x08000979   Thumb Code    28  stm32f1xx_it.o(i.ADC1_2_IRQHandler)
    ADC_ConversionStop_Disable               0x0800099d   Thumb Code    76  stm32f1xx_hal_adc.o(i.ADC_ConversionStop_Disable)
    ADC_Enable                               0x080009e9   Thumb Code   104  stm32f1xx_hal_adc.o(i.ADC_Enable)
    BusFault_Handler                         0x08000a59   Thumb Code     2  stm32f1xx_it.o(i.BusFault_Handler)
    DebugMon_Handler                         0x08000a5b   Thumb Code     2  stm32f1xx_it.o(i.DebugMon_Handler)
    HAL_ADCEx_InjectedConvCpltCallback       0x08000a5d   Thumb Code     2  stm32f1xx_hal_adc_ex.o(i.HAL_ADCEx_InjectedConvCpltCallback)
    HAL_ADC_ConfigChannel                    0x08000a61   Thumb Code   240  stm32f1xx_hal_adc.o(i.HAL_ADC_ConfigChannel)
    HAL_ADC_ConvCpltCallback                 0x08000b5d   Thumb Code     2  stm32f1xx_hal_adc.o(i.HAL_ADC_ConvCpltCallback)
    HAL_ADC_GetValue                         0x08000b5f   Thumb Code     6  stm32f1xx_hal_adc.o(i.HAL_ADC_GetValue)
    HAL_ADC_IRQHandler                       0x08000b65   Thumb Code   230  stm32f1xx_hal_adc.o(i.HAL_ADC_IRQHandler)
    HAL_ADC_Init                             0x08000c4d   Thumb Code   272  stm32f1xx_hal_adc.o(i.HAL_ADC_Init)
    HAL_ADC_LevelOutOfWindowCallback         0x08000d69   Thumb Code     2  stm32f1xx_hal_adc.o(i.HAL_ADC_LevelOutOfWindowCallback)
    HAL_ADC_MspInit                          0x08000d6d   Thumb Code    92  stm32f1xx_hal_msp.o(i.HAL_ADC_MspInit)
    HAL_ADC_Start_IT                         0x08000dd5   Thumb Code   194  stm32f1xx_hal_adc.o(i.HAL_ADC_Start_IT)
    HAL_DMA_Abort_IT                         0x08000ea1   Thumb Code   148  stm32f1xx_hal_dma.o(i.HAL_DMA_Abort_IT)
    HAL_DMA_GetState                         0x08000f39   Thumb Code     6  stm32f1xx_hal_dma.o(i.HAL_DMA_GetState)
    HAL_Delay                                0x08000f41   Thumb Code    32  stm32f1xx_hal.o(i.HAL_Delay)
    HAL_GPIO_Init                            0x08000f65   Thumb Code   446  stm32f1xx_hal_gpio.o(i.HAL_GPIO_Init)
    HAL_GetTick                              0x08001145   Thumb Code     6  stm32f1xx_hal.o(i.HAL_GetTick)
    HAL_I2C_AbortCpltCallback                0x08001151   Thumb Code     2  stm32f1xx_hal_i2c.o(i.HAL_I2C_AbortCpltCallback)
    HAL_I2C_AddrCallback                     0x08001153   Thumb Code     2  stm32f1xx_hal_i2c.o(i.HAL_I2C_AddrCallback)
    HAL_I2C_EV_IRQHandler                    0x08001155   Thumb Code   614  stm32f1xx_hal_i2c.o(i.HAL_I2C_EV_IRQHandler)
    HAL_I2C_ErrorCallback                    0x080013bb   Thumb Code     2  stm32f1xx_hal_i2c.o(i.HAL_I2C_ErrorCallback)
    HAL_I2C_Init                             0x080013bd   Thumb Code   376  stm32f1xx_hal_i2c.o(i.HAL_I2C_Init)
    HAL_I2C_ListenCpltCallback               0x08001545   Thumb Code     2  stm32f1xx_hal_i2c.o(i.HAL_I2C_ListenCpltCallback)
    HAL_I2C_MasterRxCpltCallback             0x08001547   Thumb Code     2  stm32f1xx_hal_i2c.o(i.HAL_I2C_MasterRxCpltCallback)
    HAL_I2C_MasterTxCpltCallback             0x08001549   Thumb Code     2  stm32f1xx_hal_i2c.o(i.HAL_I2C_MasterTxCpltCallback)
    HAL_I2C_Master_Receive                   0x0800154d   Thumb Code   564  stm32f1xx_hal_i2c.o(i.HAL_I2C_Master_Receive)
    HAL_I2C_Master_Transmit                  0x08001791   Thumb Code   290  stm32f1xx_hal_i2c.o(i.HAL_I2C_Master_Transmit)
    HAL_I2C_MemRxCpltCallback                0x080018bd   Thumb Code     2  stm32f1xx_hal_i2c.o(i.HAL_I2C_MemRxCpltCallback)
    HAL_I2C_MemTxCpltCallback                0x080018bf   Thumb Code     2  stm32f1xx_hal_i2c.o(i.HAL_I2C_MemTxCpltCallback)
    HAL_I2C_Mem_Read                         0x080018c1   Thumb Code   574  stm32f1xx_hal_i2c.o(i.HAL_I2C_Mem_Read)
    HAL_I2C_Mem_Write                        0x08001b11   Thumb Code   294  stm32f1xx_hal_i2c.o(i.HAL_I2C_Mem_Write)
    HAL_I2C_MspInit                          0x08001c41   Thumb Code    98  stm32f1xx_hal_msp.o(i.HAL_I2C_MspInit)
    HAL_I2C_SlaveRxCpltCallback              0x08001cb1   Thumb Code     2  stm32f1xx_hal_i2c.o(i.HAL_I2C_SlaveRxCpltCallback)
    HAL_I2C_SlaveTxCpltCallback              0x08001cb3   Thumb Code     2  stm32f1xx_hal_i2c.o(i.HAL_I2C_SlaveTxCpltCallback)
    HAL_IncTick                              0x08001cb5   Thumb Code    12  stm32f1xx_hal.o(i.HAL_IncTick)
    HAL_Init                                 0x08001cc5   Thumb Code    32  stm32f1xx_hal.o(i.HAL_Init)
    HAL_InitTick                             0x08001ce9   Thumb Code    54  stm32f1xx_hal.o(i.HAL_InitTick)
    HAL_MspInit                              0x08001d29   Thumb Code    52  stm32f1xx_hal_msp.o(i.HAL_MspInit)
    HAL_NVIC_EnableIRQ                       0x08001d65   Thumb Code    26  stm32f1xx_hal_cortex.o(i.HAL_NVIC_EnableIRQ)
    HAL_NVIC_SetPriority                     0x08001d81   Thumb Code    60  stm32f1xx_hal_cortex.o(i.HAL_NVIC_SetPriority)
    HAL_NVIC_SetPriorityGrouping             0x08001dc1   Thumb Code    26  stm32f1xx_hal_cortex.o(i.HAL_NVIC_SetPriorityGrouping)
    HAL_RCCEx_PeriphCLKConfig                0x08001de5   Thumb Code   224  stm32f1xx_hal_rcc_ex.o(i.HAL_RCCEx_PeriphCLKConfig)
    HAL_RCC_ClockConfig                      0x08001ed1   Thumb Code   280  stm32f1xx_hal_rcc.o(i.HAL_RCC_ClockConfig)
    HAL_RCC_GetPCLK1Freq                     0x08001ffd   Thumb Code    20  stm32f1xx_hal_rcc.o(i.HAL_RCC_GetPCLK1Freq)
    HAL_RCC_GetPCLK2Freq                     0x0800201d   Thumb Code    20  stm32f1xx_hal_rcc.o(i.HAL_RCC_GetPCLK2Freq)
    HAL_RCC_GetSysClockFreq                  0x0800203d   Thumb Code    74  stm32f1xx_hal_rcc.o(i.HAL_RCC_GetSysClockFreq)
    HAL_RCC_OscConfig                        0x080020a9   Thumb Code   778  stm32f1xx_hal_rcc.o(i.HAL_RCC_OscConfig)
    HAL_SYSTICK_Config                       0x080023c9   Thumb Code    40  stm32f1xx_hal_cortex.o(i.HAL_SYSTICK_Config)
    HAL_TIMEx_BreakCallback                  0x080023f1   Thumb Code     2  stm32f1xx_hal_tim_ex.o(i.HAL_TIMEx_BreakCallback)
    HAL_TIMEx_CommutCallback                 0x080023f3   Thumb Code     2  stm32f1xx_hal_tim_ex.o(i.HAL_TIMEx_CommutCallback)
    HAL_TIMEx_MasterConfigSynchronization    0x080023f5   Thumb Code    92  stm32f1xx_hal_tim_ex.o(i.HAL_TIMEx_MasterConfigSynchronization)
    HAL_TIM_Base_Init                        0x0800245d   Thumb Code    90  stm32f1xx_hal_tim.o(i.HAL_TIM_Base_Init)
    HAL_TIM_Base_MspInit                     0x080024b9   Thumb Code    86  stm32f1xx_hal_msp.o(i.HAL_TIM_Base_MspInit)
    HAL_TIM_Base_Start_IT                    0x0800251d   Thumb Code    76  stm32f1xx_hal_tim.o(i.HAL_TIM_Base_Start_IT)
    HAL_TIM_ConfigClockSource                0x08002575   Thumb Code   214  stm32f1xx_hal_tim.o(i.HAL_TIM_ConfigClockSource)
    HAL_TIM_IC_CaptureCallback               0x0800264b   Thumb Code     2  stm32f1xx_hal_tim.o(i.HAL_TIM_IC_CaptureCallback)
    HAL_TIM_IRQHandler                       0x0800264d   Thumb Code   358  stm32f1xx_hal_tim.o(i.HAL_TIM_IRQHandler)
    HAL_TIM_OC_DelayElapsedCallback          0x080027b3   Thumb Code     2  stm32f1xx_hal_tim.o(i.HAL_TIM_OC_DelayElapsedCallback)
    HAL_TIM_PWM_PulseFinishedCallback        0x080027b5   Thumb Code     2  stm32f1xx_hal_tim.o(i.HAL_TIM_PWM_PulseFinishedCallback)
    HAL_TIM_PeriodElapsedCallback            0x080027b7   Thumb Code     2  stm32f1xx_hal_tim.o(i.HAL_TIM_PeriodElapsedCallback)
    HAL_TIM_TriggerCallback                  0x080027b9   Thumb Code     2  stm32f1xx_hal_tim.o(i.HAL_TIM_TriggerCallback)
    HAL_UART_ErrorCallback                   0x080027bb   Thumb Code     2  stm32f1xx_hal_uart.o(i.HAL_UART_ErrorCallback)
    HAL_UART_IRQHandler                      0x080027bd   Thumb Code   344  stm32f1xx_hal_uart.o(i.HAL_UART_IRQHandler)
    HAL_UART_Init                            0x08002919   Thumb Code    98  stm32f1xx_hal_uart.o(i.HAL_UART_Init)
    HAL_UART_MspInit                         0x0800297d   Thumb Code   116  stm32f1xx_hal_msp.o(i.HAL_UART_MspInit)
    HAL_UART_Receive_IT                      0x080029fd   Thumb Code    82  stm32f1xx_hal_uart.o(i.HAL_UART_Receive_IT)
    HAL_UART_RxCpltCallback                  0x08002a4f   Thumb Code     2  stm32f1xx_hal_uart.o(i.HAL_UART_RxCpltCallback)
    HAL_UART_Transmit                        0x08002a51   Thumb Code   178  stm32f1xx_hal_uart.o(i.HAL_UART_Transmit)
    HAL_UART_TxCpltCallback                  0x08002b03   Thumb Code     2  stm32f1xx_hal_uart.o(i.HAL_UART_TxCpltCallback)
    HardFault_Handler                        0x08002b05   Thumb Code     2  stm32f1xx_it.o(i.HardFault_Handler)
    I2C2_EV_IRQHandler                       0x08002b09   Thumb Code     6  stm32f1xx_it.o(i.I2C2_EV_IRQHandler)
    MPU6050_Init                             0x08003945   Thumb Code   136  stm32f1xx_it.o(i.MPU6050_Init)
    MPU6050_Read_Accel                       0x080039d1   Thumb Code   120  stm32f1xx_it.o(i.MPU6050_Read_Accel)
    MPU6050_Read_Gyro                        0x08003a51   Thumb Code   124  stm32f1xx_it.o(i.MPU6050_Read_Gyro)
    MemManage_Handler                        0x08003bf9   Thumb Code     2  stm32f1xx_it.o(i.MemManage_Handler)
    NMI_Handler                              0x08003bfb   Thumb Code     2  stm32f1xx_it.o(i.NMI_Handler)
    PendSV_Handler                           0x08003bfd   Thumb Code     2  stm32f1xx_it.o(i.PendSV_Handler)
    SVC_Handler                              0x08003bff   Thumb Code     2  stm32f1xx_it.o(i.SVC_Handler)
    SysTick_Handler                          0x08003c01   Thumb Code     4  stm32f1xx_it.o(i.SysTick_Handler)
    SystemClock_Config                       0x08003c05   Thumb Code   104  main.o(i.SystemClock_Config)
    SystemInit                               0x08003c6d   Thumb Code     2  system_stm32f1xx.o(i.SystemInit)
    TIM3_IRQHandler                          0x08003c71   Thumb Code   112  stm32f1xx_it.o(i.TIM3_IRQHandler)
    TIM4_IRQHandler                          0x08003cf9   Thumb Code    22  stm32f1xx_it.o(i.TIM4_IRQHandler)
    TIM_Base_SetConfig                       0x08003d1d   Thumb Code    94  stm32f1xx_hal_tim.o(i.TIM_Base_SetConfig)
    TIM_ETR_SetConfig                        0x08003d89   Thumb Code    20  stm32f1xx_hal_tim.o(i.TIM_ETR_SetConfig)
    USART1_IRQHandler                        0x08003fc9   Thumb Code    38  stm32f1xx_it.o(i.USART1_IRQHandler)
    UsageFault_Handler                       0x08003ff9   Thumb Code     2  stm32f1xx_it.o(i.UsageFault_Handler)
    __0snprintf                              0x08003ffd   Thumb Code    48  printfa.o(i.__0snprintf)
    __1snprintf                              0x08003ffd   Thumb Code     0  printfa.o(i.__0snprintf)
    __2snprintf                              0x08003ffd   Thumb Code     0  printfa.o(i.__0snprintf)
    __c89snprintf                            0x08003ffd   Thumb Code     0  printfa.o(i.__0snprintf)
    snprintf                                 0x08003ffd   Thumb Code     0  printfa.o(i.__0snprintf)
    __0sprintf                               0x08004031   Thumb Code    34  printfa.o(i.__0sprintf)
    __1sprintf                               0x08004031   Thumb Code     0  printfa.o(i.__0sprintf)
    __2sprintf                               0x08004031   Thumb Code     0  printfa.o(i.__0sprintf)
    __c89sprintf                             0x08004031   Thumb Code     0  printfa.o(i.__0sprintf)
    sprintf                                  0x08004031   Thumb Code     0  printfa.o(i.__0sprintf)
    __aeabi_errno_addr                       0x08004079   Thumb Code     4  errno.o(i.__aeabi_errno_addr)
    __rt_errno_addr                          0x08004079   Thumb Code     0  errno.o(i.__aeabi_errno_addr)
    __scatterload_copy                       0x08004081   Thumb Code    14  handlers.o(i.__scatterload_copy)
    __scatterload_null                       0x0800408f   Thumb Code     2  handlers.o(i.__scatterload_null)
    __scatterload_zeroinit                   0x08004091   Thumb Code    14  handlers.o(i.__scatterload_zeroinit)
    _readEEPROM                              0x0800492d   Thumb Code   108  at24c256.o(i._readEEPROM)
    _writeEEPROMCustom                       0x080049f5   Thumb Code    38  stm32f1xx_it.o(i._writeEEPROMCustom)
    concntWithTransmit                       0x08004a21   Thumb Code    82  stm32f1xx_it.o(i.concntWithTransmit)
    flushUint                                0x08004a99   Thumb Code    16  stm32f1xx_it.o(i.flushUint)
    main                                     0x08004aa9   Thumb Code   344  main.o(i.main)
    orderData                                0x08004c39   Thumb Code    90  stm32f1xx_it.o(i.orderData)
    resultOfCalculation                      0x08004ca1   Thumb Code   176  main.o(i.resultOfCalculation)
    AHBPrescTable                            0x08004d50   Data          16  system_stm32f1xx.o(.constdata)
    APBPrescTable                            0x08004d60   Data           8  system_stm32f1xx.o(.constdata)
    __ctype_table                            0x08004d68   Data         129  ctype_o.o(.constdata)
    Region$$Table$$Base                      0x08004df0   Number         0  anon$$obj.o(Region$$Table)
    Region$$Table$$Limit                     0x08004e10   Number         0  anon$$obj.o(Region$$Table)
    pointerOfEeprom                          0x20000000   Data           2  main.o(.data)
    lenStr                                   0x20000004   Data           4  main.o(.data)
    res                                      0x20000008   Data           4  main.o(.data)
    ret                                      0x2000000c   Data           1  main.o(.data)
    MPUtest                                  0x20000010   Data           1  stm32f1xx_it.o(.data)
    normalized_adc_value                     0x20000011   Data           1  stm32f1xx_it.o(.data)
    Accel_X_RAW                              0x20000012   Data           2  stm32f1xx_it.o(.data)
    Accel_Y_RAW                              0x20000014   Data           2  stm32f1xx_it.o(.data)
    Accel_Z_RAW                              0x20000016   Data           2  stm32f1xx_it.o(.data)
    Gyro_X_RAW                               0x20000018   Data           2  stm32f1xx_it.o(.data)
    Gyro_Y_RAW                               0x2000001a   Data           2  stm32f1xx_it.o(.data)
    Gyro_Z_RAW                               0x2000001c   Data           2  stm32f1xx_it.o(.data)
    counter                                  0x20000020   Data           4  stm32f1xx_it.o(.data)
    count                                    0x20000024   Data           4  stm32f1xx_it.o(.data)
    Ax                                       0x20000028   Data           4  stm32f1xx_it.o(.data)
    Ay                                       0x2000002c   Data           4  stm32f1xx_it.o(.data)
    Az                                       0x20000030   Data           4  stm32f1xx_it.o(.data)
    Gx                                       0x20000034   Data           4  stm32f1xx_it.o(.data)
    Gy                                       0x20000038   Data           4  stm32f1xx_it.o(.data)
    Gz                                       0x2000003c   Data           4  stm32f1xx_it.o(.data)
    adc_value                                0x20000040   Data           8  stm32f1xx_it.o(.data)
    uwTickFreq                               0x20000048   Data           1  stm32f1xx_hal.o(.data)
    uwTickPrio                               0x2000004c   Data           4  stm32f1xx_hal.o(.data)
    uwTick                                   0x20000050   Data           4  stm32f1xx_hal.o(.data)
    SystemCoreClock                          0x20000054   Data           4  system_stm32f1xx.o(.data)
    hadc1                                    0x2000005c   Data          48  main.o(.bss)
    hi2c2                                    0x2000008c   Data          84  main.o(.bss)
    htim3                                    0x200000e0   Data          72  main.o(.bss)
    htim4                                    0x20000128   Data          72  main.o(.bss)
    huart1                                   0x20000170   Data          64  main.o(.bss)
    seriData                                 0x200001b0   Data         100  main.o(.bss)
    eepromTransmit                           0x20000214   Data        1000  main.o(.bss)
    transmitData                             0x200005fc   Data        1000  main.o(.bss)
    resCalculation                           0x200009e4   Data          50  main.o(.bss)
    receivedDataUART                         0x20000a16   Data         100  stm32f1xx_it.o(.bss)
    __initial_sp                             0x20000e80   Data           0  startup_stm32f103xb.o(STACK)



==============================================================================

Memory Map of the image

  Image Entry point : 0x080000ed

  Load Region LR_IROM1 (Base: 0x08000000, Size: 0x00004e6c, Max: 0x00010000, ABSOLUTE)

    Execution Region ER_IROM1 (Exec base: 0x08000000, Load base: 0x08000000, Size: 0x00004e10, Max: 0x00010000, ABSOLUTE)

    Exec Addr    Load Addr    Size         Type   Attr      Idx    E Section Name        Object

    0x08000000   0x08000000   0x000000ec   Data   RO            3    RESET               startup_stm32f103xb.o
    0x080000ec   0x080000ec   0x00000000   Code   RO         3536  * .ARM.Collect$$$$00000000  mc_w.l(entry.o)
    0x080000ec   0x080000ec   0x00000004   Code   RO         3856    .ARM.Collect$$$$00000001  mc_w.l(entry2.o)
    0x080000f0   0x080000f0   0x00000004   Code   RO         3859    .ARM.Collect$$$$00000004  mc_w.l(entry5.o)
    0x080000f4   0x080000f4   0x00000000   Code   RO         3861    .ARM.Collect$$$$00000008  mc_w.l(entry7b.o)
    0x080000f4   0x080000f4   0x00000000   Code   RO         3863    .ARM.Collect$$$$0000000A  mc_w.l(entry8b.o)
    0x080000f4   0x080000f4   0x00000008   Code   RO         3864    .ARM.Collect$$$$0000000B  mc_w.l(entry9a.o)
    0x080000fc   0x080000fc   0x00000004   Code   RO         3871    .ARM.Collect$$$$0000000E  mc_w.l(entry12b.o)
    0x08000100   0x08000100   0x00000000   Code   RO         3866    .ARM.Collect$$$$0000000F  mc_w.l(entry10a.o)
    0x08000100   0x08000100   0x00000000   Code   RO         3868    .ARM.Collect$$$$00000011  mc_w.l(entry11a.o)
    0x08000100   0x08000100   0x00000004   Code   RO         3857    .ARM.Collect$$$$00002712  mc_w.l(entry2.o)
    0x08000104   0x08000104   0x00000024   Code   RO            4    .text               startup_stm32f103xb.o
    0x08000128   0x08000128   0x00000020   Code   RO         3539    .text               mc_w.l(llushr.o)
    0x08000148   0x08000148   0x00000008   Code   RO         3541    .text               mc_w.l(ctype_o.o)
    0x08000150   0x08000150   0x00000024   Code   RO         3569    .text               mc_w.l(memseta.o)
    0x08000174   0x08000174   0x00000018   Code   RO         3571    .text               mc_w.l(strcat.o)
    0x0800018c   0x0800018c   0x0000000e   Code   RO         3573    .text               mc_w.l(strlen.o)
    0x0800019a   0x0800019a   0x00000012   Code   RO         3575    .text               mc_w.l(strcpy.o)
    0x080001ac   0x080001ac   0x0000001a   Code   RO         3838    .text               mc_w.l(atoi.o)
    0x080001c6   0x080001c6   0x000000e4   Code   RO         3840    .text               mf_w.l(dmul.o)
    0x080002aa   0x080002aa   0x000000de   Code   RO         3842    .text               mf_w.l(ddiv.o)
    0x08000388   0x08000388   0x0000002e   Code   RO         3844    .text               mf_w.l(dscalb.o)
    0x080003b6   0x080003b6   0x00000022   Code   RO         3846    .text               mf_w.l(dflti.o)
    0x080003d8   0x080003d8   0x0000001a   Code   RO         3848    .text               mf_w.l(dfltui.o)
    0x080003f2   0x080003f2   0x00000032   Code   RO         3850    .text               mf_w.l(dfixui.o)
    0x08000424   0x08000424   0x00000026   Code   RO         3852    .text               mf_w.l(f2d.o)
    0x0800044a   0x0800044a   0x00000038   Code   RO         3854    .text               mf_w.l(d2f.o)
    0x08000482   0x08000482   0x0000002c   Code   RO         3875    .text               mc_w.l(uidiv.o)
    0x080004ae   0x080004ae   0x00000062   Code   RO         3877    .text               mc_w.l(uldiv.o)
    0x08000510   0x08000510   0x00000070   Code   RO         3886    .text               mc_w.l(strtol.o)
    0x08000580   0x08000580   0x00000000   Code   RO         3888    .text               mc_w.l(iusefp.o)
    0x08000580   0x08000580   0x0000006e   Code   RO         3889    .text               mf_w.l(fepilogue.o)
    0x080005ee   0x080005ee   0x000000ba   Code   RO         3891    .text               mf_w.l(depilogue.o)
    0x080006a8   0x080006a8   0x0000014e   Code   RO         3893    .text               mf_w.l(dadd.o)
    0x080007f6   0x080007f6   0x00000030   Code   RO         3895    .text               mf_w.l(dfixul.o)
    0x08000826   0x08000826   0x00000002   PAD
    0x08000828   0x08000828   0x00000030   Code   RO         3897    .text               mf_w.l(cdrcmple.o)
    0x08000858   0x08000858   0x00000024   Code   RO         3899    .text               mc_w.l(init.o)
    0x0800087c   0x0800087c   0x0000001e   Code   RO         3902    .text               mc_w.l(llshl.o)
    0x0800089a   0x0800089a   0x00000024   Code   RO         3904    .text               mc_w.l(llsshr.o)
    0x080008be   0x080008be   0x0000009e   Code   RO         3906    .text               mc_w.l(_strtoul.o)
    0x0800095c   0x0800095c   0x0000001c   Code   RO         3909    .text               mc_w.l(_chval.o)
    0x08000978   0x08000978   0x00000024   Code   RO          195    i.ADC1_2_IRQHandler  stm32f1xx_it.o
    0x0800099c   0x0800099c   0x0000004c   Code   RO          529    i.ADC_ConversionStop_Disable  stm32f1xx_hal_adc.o
    0x080009e8   0x080009e8   0x00000070   Code   RO          533    i.ADC_Enable        stm32f1xx_hal_adc.o
    0x08000a58   0x08000a58   0x00000002   Code   RO          196    i.BusFault_Handler  stm32f1xx_it.o
    0x08000a5a   0x08000a5a   0x00000002   Code   RO          197    i.DebugMon_Handler  stm32f1xx_it.o
    0x08000a5c   0x08000a5c   0x00000002   Code   RO          711    i.HAL_ADCEx_InjectedConvCpltCallback  stm32f1xx_hal_adc_ex.o
    0x08000a5e   0x08000a5e   0x00000002   PAD
    0x08000a60   0x08000a60   0x000000fc   Code   RO          535    i.HAL_ADC_ConfigChannel  stm32f1xx_hal_adc.o
    0x08000b5c   0x08000b5c   0x00000002   Code   RO          536    i.HAL_ADC_ConvCpltCallback  stm32f1xx_hal_adc.o
    0x08000b5e   0x08000b5e   0x00000006   Code   RO          542    i.HAL_ADC_GetValue  stm32f1xx_hal_adc.o
    0x08000b64   0x08000b64   0x000000e6   Code   RO          543    i.HAL_ADC_IRQHandler  stm32f1xx_hal_adc.o
    0x08000c4a   0x08000c4a   0x00000002   PAD
    0x08000c4c   0x08000c4c   0x0000011c   Code   RO          544    i.HAL_ADC_Init      stm32f1xx_hal_adc.o
    0x08000d68   0x08000d68   0x00000002   Code   RO          545    i.HAL_ADC_LevelOutOfWindowCallback  stm32f1xx_hal_adc.o
    0x08000d6a   0x08000d6a   0x00000002   PAD
    0x08000d6c   0x08000d6c   0x00000068   Code   RO          358    i.HAL_ADC_MspInit   stm32f1xx_hal_msp.o
    0x08000dd4   0x08000dd4   0x000000cc   Code   RO          552    i.HAL_ADC_Start_IT  stm32f1xx_hal_adc.o
    0x08000ea0   0x08000ea0   0x00000098   Code   RO         1185    i.HAL_DMA_Abort_IT  stm32f1xx_hal_dma.o
    0x08000f38   0x08000f38   0x00000006   Code   RO         1188    i.HAL_DMA_GetState  stm32f1xx_hal_dma.o
    0x08000f3e   0x08000f3e   0x00000002   PAD
    0x08000f40   0x08000f40   0x00000024   Code   RO          812    i.HAL_Delay         stm32f1xx_hal.o
    0x08000f64   0x08000f64   0x000001e0   Code   RO         1120    i.HAL_GPIO_Init     stm32f1xx_hal_gpio.o
    0x08001144   0x08001144   0x0000000c   Code   RO          816    i.HAL_GetTick       stm32f1xx_hal.o
    0x08001150   0x08001150   0x00000002   Code   RO         1780    i.HAL_I2C_AbortCpltCallback  stm32f1xx_hal_i2c.o
    0x08001152   0x08001152   0x00000002   Code   RO         1781    i.HAL_I2C_AddrCallback  stm32f1xx_hal_i2c.o
    0x08001154   0x08001154   0x00000266   Code   RO         1785    i.HAL_I2C_EV_IRQHandler  stm32f1xx_hal_i2c.o
    0x080013ba   0x080013ba   0x00000002   Code   RO         1787    i.HAL_I2C_ErrorCallback  stm32f1xx_hal_i2c.o
    0x080013bc   0x080013bc   0x00000188   Code   RO         1791    i.HAL_I2C_Init      stm32f1xx_hal_i2c.o
    0x08001544   0x08001544   0x00000002   Code   RO         1793    i.HAL_I2C_ListenCpltCallback  stm32f1xx_hal_i2c.o
    0x08001546   0x08001546   0x00000002   Code   RO         1794    i.HAL_I2C_MasterRxCpltCallback  stm32f1xx_hal_i2c.o
    0x08001548   0x08001548   0x00000002   Code   RO         1795    i.HAL_I2C_MasterTxCpltCallback  stm32f1xx_hal_i2c.o
    0x0800154a   0x0800154a   0x00000002   PAD
    0x0800154c   0x0800154c   0x00000244   Code   RO         1797    i.HAL_I2C_Master_Receive  stm32f1xx_hal_i2c.o
    0x08001790   0x08001790   0x0000012c   Code   RO         1804    i.HAL_I2C_Master_Transmit  stm32f1xx_hal_i2c.o
    0x080018bc   0x080018bc   0x00000002   Code   RO         1807    i.HAL_I2C_MemRxCpltCallback  stm32f1xx_hal_i2c.o
    0x080018be   0x080018be   0x00000002   Code   RO         1808    i.HAL_I2C_MemTxCpltCallback  stm32f1xx_hal_i2c.o
    0x080018c0   0x080018c0   0x00000250   Code   RO         1809    i.HAL_I2C_Mem_Read  stm32f1xx_hal_i2c.o
    0x08001b10   0x08001b10   0x00000130   Code   RO         1812    i.HAL_I2C_Mem_Write  stm32f1xx_hal_i2c.o
    0x08001c40   0x08001c40   0x00000070   Code   RO          360    i.HAL_I2C_MspInit   stm32f1xx_hal_msp.o
    0x08001cb0   0x08001cb0   0x00000002   Code   RO         1817    i.HAL_I2C_SlaveRxCpltCallback  stm32f1xx_hal_i2c.o
    0x08001cb2   0x08001cb2   0x00000002   Code   RO         1818    i.HAL_I2C_SlaveTxCpltCallback  stm32f1xx_hal_i2c.o
    0x08001cb4   0x08001cb4   0x00000010   Code   RO          822    i.HAL_IncTick       stm32f1xx_hal.o
    0x08001cc4   0x08001cc4   0x00000024   Code   RO          823    i.HAL_Init          stm32f1xx_hal.o
    0x08001ce8   0x08001ce8   0x00000040   Code   RO          824    i.HAL_InitTick      stm32f1xx_hal.o
    0x08001d28   0x08001d28   0x0000003c   Code   RO          361    i.HAL_MspInit       stm32f1xx_hal_msp.o
    0x08001d64   0x08001d64   0x0000001a   Code   RO         1280    i.HAL_NVIC_EnableIRQ  stm32f1xx_hal_cortex.o
    0x08001d7e   0x08001d7e   0x00000002   PAD
    0x08001d80   0x08001d80   0x00000040   Code   RO         1286    i.HAL_NVIC_SetPriority  stm32f1xx_hal_cortex.o
    0x08001dc0   0x08001dc0   0x00000024   Code   RO         1287    i.HAL_NVIC_SetPriorityGrouping  stm32f1xx_hal_cortex.o
    0x08001de4   0x08001de4   0x000000ec   Code   RO         1083    i.HAL_RCCEx_PeriphCLKConfig  stm32f1xx_hal_rcc_ex.o
    0x08001ed0   0x08001ed0   0x0000012c   Code   RO          980    i.HAL_RCC_ClockConfig  stm32f1xx_hal_rcc.o
    0x08001ffc   0x08001ffc   0x00000020   Code   RO          987    i.HAL_RCC_GetPCLK1Freq  stm32f1xx_hal_rcc.o
    0x0800201c   0x0800201c   0x00000020   Code   RO          988    i.HAL_RCC_GetPCLK2Freq  stm32f1xx_hal_rcc.o
    0x0800203c   0x0800203c   0x0000006c   Code   RO          989    i.HAL_RCC_GetSysClockFreq  stm32f1xx_hal_rcc.o
    0x080020a8   0x080020a8   0x00000320   Code   RO          992    i.HAL_RCC_OscConfig  stm32f1xx_hal_rcc.o
    0x080023c8   0x080023c8   0x00000028   Code   RO         1291    i.HAL_SYSTICK_Config  stm32f1xx_hal_cortex.o
    0x080023f0   0x080023f0   0x00000002   Code   RO         2913    i.HAL_TIMEx_BreakCallback  stm32f1xx_hal_tim_ex.o
    0x080023f2   0x080023f2   0x00000002   Code   RO         2914    i.HAL_TIMEx_CommutCallback  stm32f1xx_hal_tim_ex.o
    0x080023f4   0x080023f4   0x00000068   Code   RO         2932    i.HAL_TIMEx_MasterConfigSynchronization  stm32f1xx_hal_tim_ex.o
    0x0800245c   0x0800245c   0x0000005a   Code   RO         2209    i.HAL_TIM_Base_Init  stm32f1xx_hal_tim.o
    0x080024b6   0x080024b6   0x00000002   PAD
    0x080024b8   0x080024b8   0x00000064   Code   RO          363    i.HAL_TIM_Base_MspInit  stm32f1xx_hal_msp.o
    0x0800251c   0x0800251c   0x00000058   Code   RO         2214    i.HAL_TIM_Base_Start_IT  stm32f1xx_hal_tim.o
    0x08002574   0x08002574   0x000000d6   Code   RO         2218    i.HAL_TIM_ConfigClockSource  stm32f1xx_hal_tim.o
    0x0800264a   0x0800264a   0x00000002   Code   RO         2243    i.HAL_TIM_IC_CaptureCallback  stm32f1xx_hal_tim.o
    0x0800264c   0x0800264c   0x00000166   Code   RO         2257    i.HAL_TIM_IRQHandler  stm32f1xx_hal_tim.o
    0x080027b2   0x080027b2   0x00000002   Code   RO         2260    i.HAL_TIM_OC_DelayElapsedCallback  stm32f1xx_hal_tim.o
    0x080027b4   0x080027b4   0x00000002   Code   RO         2287    i.HAL_TIM_PWM_PulseFinishedCallback  stm32f1xx_hal_tim.o
    0x080027b6   0x080027b6   0x00000002   Code   RO         2295    i.HAL_TIM_PeriodElapsedCallback  stm32f1xx_hal_tim.o
    0x080027b8   0x080027b8   0x00000002   Code   RO         2300    i.HAL_TIM_TriggerCallback  stm32f1xx_hal_tim.o
    0x080027ba   0x080027ba   0x00000002   Code   RO         3201    i.HAL_UART_ErrorCallback  stm32f1xx_hal_uart.o
    0x080027bc   0x080027bc   0x0000015c   Code   RO         3204    i.HAL_UART_IRQHandler  stm32f1xx_hal_uart.o
    0x08002918   0x08002918   0x00000062   Code   RO         3205    i.HAL_UART_Init     stm32f1xx_hal_uart.o
    0x0800297a   0x0800297a   0x00000002   PAD
    0x0800297c   0x0800297c   0x00000080   Code   RO          365    i.HAL_UART_MspInit  stm32f1xx_hal_msp.o
    0x080029fc   0x080029fc   0x00000052   Code   RO         3210    i.HAL_UART_Receive_IT  stm32f1xx_hal_uart.o
    0x08002a4e   0x08002a4e   0x00000002   Code   RO         3211    i.HAL_UART_RxCpltCallback  stm32f1xx_hal_uart.o
    0x08002a50   0x08002a50   0x000000b2   Code   RO         3213    i.HAL_UART_Transmit  stm32f1xx_hal_uart.o
    0x08002b02   0x08002b02   0x00000002   Code   RO         3216    i.HAL_UART_TxCpltCallback  stm32f1xx_hal_uart.o
    0x08002b04   0x08002b04   0x00000002   Code   RO          198    i.HardFault_Handler  stm32f1xx_it.o
    0x08002b06   0x08002b06   0x00000002   PAD
    0x08002b08   0x08002b08   0x0000000c   Code   RO          199    i.I2C2_EV_IRQHandler  stm32f1xx_it.o
    0x08002b14   0x08002b14   0x000000bc   Code   RO         1829    i.I2C_DMAAbort      stm32f1xx_hal_i2c.o
    0x08002bd0   0x08002bd0   0x00000158   Code   RO         1832    i.I2C_ITError       stm32f1xx_hal_i2c.o
    0x08002d28   0x08002d28   0x0000002e   Code   RO         1833    i.I2C_IsAcknowledgeFailed  stm32f1xx_hal_i2c.o
    0x08002d56   0x08002d56   0x000000d2   Code   RO         1834    i.I2C_MasterReceive_BTF  stm32f1xx_hal_i2c.o
    0x08002e28   0x08002e28   0x000000e8   Code   RO         1835    i.I2C_MasterReceive_RXNE  stm32f1xx_hal_i2c.o
    0x08002f10   0x08002f10   0x000000ec   Code   RO         1836    i.I2C_MasterRequestRead  stm32f1xx_hal_i2c.o
    0x08002ffc   0x08002ffc   0x0000009c   Code   RO         1837    i.I2C_MasterRequestWrite  stm32f1xx_hal_i2c.o
    0x08003098   0x08003098   0x00000074   Code   RO         1838    i.I2C_MasterTransmit_BTF  stm32f1xx_hal_i2c.o
    0x0800310c   0x0800310c   0x000000b6   Code   RO         1839    i.I2C_MasterTransmit_TXE  stm32f1xx_hal_i2c.o
    0x080031c2   0x080031c2   0x00000002   PAD
    0x080031c4   0x080031c4   0x00000158   Code   RO         1840    i.I2C_Master_ADDR   stm32f1xx_hal_i2c.o
    0x0800331c   0x0800331c   0x0000008c   Code   RO         1841    i.I2C_Master_SB     stm32f1xx_hal_i2c.o
    0x080033a8   0x080033a8   0x000000a0   Code   RO         1842    i.I2C_MemoryTransmit_TXE_BTF  stm32f1xx_hal_i2c.o
    0x08003448   0x08003448   0x000000fc   Code   RO         1843    i.I2C_RequestMemoryRead  stm32f1xx_hal_i2c.o
    0x08003544   0x08003544   0x000000a8   Code   RO         1844    i.I2C_RequestMemoryWrite  stm32f1xx_hal_i2c.o
    0x080035ec   0x080035ec   0x0000015c   Code   RO         1846    i.I2C_Slave_STOPF   stm32f1xx_hal_i2c.o
    0x08003748   0x08003748   0x0000004c   Code   RO         1847    i.I2C_WaitOnBTFFlagUntilTimeout  stm32f1xx_hal_i2c.o
    0x08003794   0x08003794   0x00000068   Code   RO         1848    i.I2C_WaitOnFlagUntilTimeout  stm32f1xx_hal_i2c.o
    0x080037fc   0x080037fc   0x00000096   Code   RO         1849    i.I2C_WaitOnMasterAddressFlagUntilTimeout  stm32f1xx_hal_i2c.o
    0x08003892   0x08003892   0x00000066   Code   RO         1850    i.I2C_WaitOnRXNEFlagUntilTimeout  stm32f1xx_hal_i2c.o
    0x080038f8   0x080038f8   0x0000004c   Code   RO         1851    i.I2C_WaitOnTXEFlagUntilTimeout  stm32f1xx_hal_i2c.o
    0x08003944   0x08003944   0x0000008c   Code   RO          200    i.MPU6050_Init      stm32f1xx_it.o
    0x080039d0   0x080039d0   0x00000080   Code   RO          201    i.MPU6050_Read_Accel  stm32f1xx_it.o
    0x08003a50   0x08003a50   0x00000088   Code   RO          202    i.MPU6050_Read_Gyro  stm32f1xx_it.o
    0x08003ad8   0x08003ad8   0x00000050   Code   RO           14    i.MX_ADC1_Init      main.o
    0x08003b28   0x08003b28   0x00000068   Code   RO           15    i.MX_TIM3_Init      main.o
    0x08003b90   0x08003b90   0x00000068   Code   RO           16    i.MX_TIM4_Init      main.o
    0x08003bf8   0x08003bf8   0x00000002   Code   RO          203    i.MemManage_Handler  stm32f1xx_it.o
    0x08003bfa   0x08003bfa   0x00000002   Code   RO          204    i.NMI_Handler       stm32f1xx_it.o
    0x08003bfc   0x08003bfc   0x00000002   Code   RO          205    i.PendSV_Handler    stm32f1xx_it.o
    0x08003bfe   0x08003bfe   0x00000002   Code   RO          206    i.SVC_Handler       stm32f1xx_it.o
    0x08003c00   0x08003c00   0x00000004   Code   RO          207    i.SysTick_Handler   stm32f1xx_it.o
    0x08003c04   0x08003c04   0x00000068   Code   RO           17    i.SystemClock_Config  main.o
    0x08003c6c   0x08003c6c   0x00000002   Code   RO         3502    i.SystemInit        system_stm32f1xx.o
    0x08003c6e   0x08003c6e   0x00000002   PAD
    0x08003c70   0x08003c70   0x00000088   Code   RO          208    i.TIM3_IRQHandler   stm32f1xx_it.o
    0x08003cf8   0x08003cf8   0x00000024   Code   RO          209    i.TIM4_IRQHandler   stm32f1xx_it.o
    0x08003d1c   0x08003d1c   0x0000006c   Code   RO         2302    i.TIM_Base_SetConfig  stm32f1xx_hal_tim.o
    0x08003d88   0x08003d88   0x00000014   Code   RO         2313    i.TIM_ETR_SetConfig  stm32f1xx_hal_tim.o
    0x08003d9c   0x08003d9c   0x00000010   Code   RO         2314    i.TIM_ITRx_SetConfig  stm32f1xx_hal_tim.o
    0x08003dac   0x08003dac   0x00000022   Code   RO         2320    i.TIM_TI1_ConfigInputStage  stm32f1xx_hal_tim.o
    0x08003dce   0x08003dce   0x00000024   Code   RO         2322    i.TIM_TI2_ConfigInputStage  stm32f1xx_hal_tim.o
    0x08003df2   0x08003df2   0x00000010   Code   RO         3218    i.UART_DMAAbortOnError  stm32f1xx_hal_uart.o
    0x08003e02   0x08003e02   0x0000001c   Code   RO         3228    i.UART_EndRxTransfer  stm32f1xx_hal_uart.o
    0x08003e1e   0x08003e1e   0x0000008c   Code   RO         3230    i.UART_Receive_IT   stm32f1xx_hal_uart.o
    0x08003eaa   0x08003eaa   0x00000002   PAD
    0x08003eac   0x08003eac   0x000000b8   Code   RO         3231    i.UART_SetConfig    stm32f1xx_hal_uart.o
    0x08003f64   0x08003f64   0x00000064   Code   RO         3232    i.UART_WaitOnFlagUntilTimeout  stm32f1xx_hal_uart.o
    0x08003fc8   0x08003fc8   0x00000030   Code   RO          210    i.USART1_IRQHandler  stm32f1xx_it.o
    0x08003ff8   0x08003ff8   0x00000002   Code   RO          211    i.UsageFault_Handler  stm32f1xx_it.o
    0x08003ffa   0x08003ffa   0x00000002   PAD
    0x08003ffc   0x08003ffc   0x00000034   Code   RO         3811    i.__0snprintf       mc_w.l(printfa.o)
    0x08004030   0x08004030   0x00000028   Code   RO         3812    i.__0sprintf        mc_w.l(printfa.o)
    0x08004058   0x08004058   0x00000020   Code   RO         1293    i.__NVIC_SetPriority  stm32f1xx_hal_cortex.o
    0x08004078   0x08004078   0x00000008   Code   RO         3879    i.__aeabi_errno_addr  mc_w.l(errno.o)
    0x08004080   0x08004080   0x0000000e   Code   RO         3913    i.__scatterload_copy  mc_w.l(handlers.o)
    0x0800408e   0x0800408e   0x00000002   Code   RO         3914    i.__scatterload_null  mc_w.l(handlers.o)
    0x08004090   0x08004090   0x0000000e   Code   RO         3915    i.__scatterload_zeroinit  mc_w.l(handlers.o)
    0x0800409e   0x0800409e   0x00000002   PAD
    0x080040a0   0x080040a0   0x00000184   Code   RO         3817    i._fp_digits        mc_w.l(printfa.o)
    0x08004224   0x08004224   0x000006b4   Code   RO         3818    i._printf_core      mc_w.l(printfa.o)
    0x080048d8   0x080048d8   0x00000024   Code   RO         3819    i._printf_post_padding  mc_w.l(printfa.o)
    0x080048fc   0x080048fc   0x0000002e   Code   RO         3820    i._printf_pre_padding  mc_w.l(printfa.o)
    0x0800492a   0x0800492a   0x00000002   PAD
    0x0800492c   0x0800492c   0x000000a8   Code   RO          432    i._readEEPROM       at24c256.o
    0x080049d4   0x080049d4   0x00000016   Code   RO         3821    i._snputc           mc_w.l(printfa.o)
    0x080049ea   0x080049ea   0x0000000a   Code   RO         3822    i._sputc            mc_w.l(printfa.o)
    0x080049f4   0x080049f4   0x0000002c   Code   RO          213    i._writeEEPROMCustom  stm32f1xx_it.o
    0x08004a20   0x08004a20   0x00000078   Code   RO          214    i.concntWithTransmit  stm32f1xx_it.o
    0x08004a98   0x08004a98   0x00000010   Code   RO          215    i.flushUint         stm32f1xx_it.o
    0x08004aa8   0x08004aa8   0x00000190   Code   RO           19    i.main              main.o
    0x08004c38   0x08004c38   0x00000068   Code   RO          216    i.orderData         stm32f1xx_it.o
    0x08004ca0   0x08004ca0   0x000000b0   Code   RO           20    i.resultOfCalculation  main.o
    0x08004d50   0x08004d50   0x00000010   Data   RO         3503    .constdata          system_stm32f1xx.o
    0x08004d60   0x08004d60   0x00000008   Data   RO         3504    .constdata          system_stm32f1xx.o
    0x08004d68   0x08004d68   0x00000081   Data   RO         3542    .constdata          mc_w.l(ctype_o.o)
    0x08004de9   0x08004de9   0x00000003   PAD
    0x08004dec   0x08004dec   0x00000004   Data   RO         3543    .constdata          mc_w.l(ctype_o.o)
    0x08004df0   0x08004df0   0x00000020   Data   RO         3911    Region$$Table       anon$$obj.o


    Execution Region RW_IRAM1 (Exec base: 0x20000000, Load base: 0x08004e10, Size: 0x00000e80, Max: 0x00005000, ABSOLUTE)

    Exec Addr    Load Addr    Size         Type   Attr      Idx    E Section Name        Object

    0x20000000   0x08004e10   0x0000000c   Data   RW           23    .data               main.o
    0x2000000c   0x08004e1c   0x00000001   Data   RW           24    .data               main.o
    0x2000000d   0x08004e1d   0x00000003   PAD
    0x20000010   0x08004e20   0x00000038   Data   RW          219    .data               stm32f1xx_it.o
    0x20000048   0x08004e58   0x0000000c   Data   RW          830    .data               stm32f1xx_hal.o
    0x20000054   0x08004e64   0x00000004   Data   RW         3505    .data               system_stm32f1xx.o
    0x20000058   0x08004e68   0x00000004   Data   RW         3882    .data               mc_w.l(errno.o)
    0x2000005c        -       0x000009ba   Zero   RW           21    .bss                main.o
    0x20000a16        -       0x00000064   Zero   RW          218    .bss                stm32f1xx_it.o
    0x20000a7a   0x08004e6c   0x00000006   PAD
    0x20000a80        -       0x00000400   Zero   RW            1    STACK               startup_stm32f103xb.o


==============================================================================

Image component sizes


      Code (inc. data)   RO Data    RW Data    ZI Data      Debug   Object Name

       168         60          0          0          0       1146   at24c256.o
       968         84          0         13       2490     458681   main.o
        36          8        236          0       1024        792   startup_stm32f103xb.o
       164         28          0         12          0       5813   stm32f1xx_hal.o
      1168         42          0          0          0       7138   stm32f1xx_hal_adc.o
         2          0          0          0          0       1037   stm32f1xx_hal_adc_ex.o
       198         14          0          0          0      28875   stm32f1xx_hal_cortex.o
       158          4          0          0          0       1626   stm32f1xx_hal_dma.o
       480         34          0          0          0       2240   stm32f1xx_hal_gpio.o
      6432        126          0          0          0      33479   stm32f1xx_hal_i2c.o
       504         60          0          0          0       3540   stm32f1xx_hal_msp.o
      1272        100          0          0          0       5124   stm32f1xx_hal_rcc.o
       236         12          0          0          0       1364   stm32f1xx_hal_rcc_ex.o
       974         26          0          0          0      10005   stm32f1xx_hal_tim.o
       108         12          0          0          0       2325   stm32f1xx_hal_tim_ex.o
      1180         10          0          0          0       9337   stm32f1xx_hal_uart.o
       976        144          0         56        100      12086   stm32f1xx_it.o
         2          0         24          4          0       1083   system_stm32f1xx.o

    ----------------------------------------------------------------------
     15052        764        292         88       3620     585691   Object Totals
         0          0         32          0          0          0   (incl. Generated)
        26          0          0          3          6          0   (incl. Padding)

    ----------------------------------------------------------------------

      Code (inc. data)   RO Data    RW Data    ZI Data      Debug   Library Member Name

        28          0          0          0          0         68   _chval.o
       158          0          0          0          0         92   _strtoul.o
        26          0          0          0          0         80   atoi.o
         8          4        133          0          0         68   ctype_o.o
         0          0          0          0          0          0   entry.o
         0          0          0          0          0          0   entry10a.o
         0          0          0          0          0          0   entry11a.o
         4          0          0          0          0          0   entry12b.o
         8          4          0          0          0          0   entry2.o
         4          0          0          0          0          0   entry5.o
         0          0          0          0          0          0   entry7b.o
         0          0          0          0          0          0   entry8b.o
         8          4          0          0          0          0   entry9a.o
         8          4          0          4          0         68   errno.o
        30          0          0          0          0          0   handlers.o
        36          8          0          0          0         68   init.o
         0          0          0          0          0          0   iusefp.o
        30          0          0          0          0         68   llshl.o
        36          0          0          0          0         68   llsshr.o
        32          0          0          0          0         68   llushr.o
        36          0          0          0          0        108   memseta.o
      2310         90          0          0          0        688   printfa.o
        24          0          0          0          0         68   strcat.o
        18          0          0          0          0         68   strcpy.o
        14          0          0          0          0         68   strlen.o
       112          0          0          0          0         88   strtol.o
        44          0          0          0          0         80   uidiv.o
        98          0          0          0          0         92   uldiv.o
        48          0          0          0          0         68   cdrcmple.o
        56          0          0          0          0         88   d2f.o
       334          0          0          0          0        148   dadd.o
       222          0          0          0          0        100   ddiv.o
       186          0          0          0          0        176   depilogue.o
        50          0          0          0          0         76   dfixui.o
        48          0          0          0          0         68   dfixul.o
        34          0          0          0          0         76   dflti.o
        26          0          0          0          0         76   dfltui.o
       228          0          0          0          0         96   dmul.o
        46          0          0          0          0         80   dscalb.o
        38          0          0          0          0         68   f2d.o
       110          0          0          0          0        168   fepilogue.o

    ----------------------------------------------------------------------
      4504        114        136          4          0       3196   Library Totals
         6          0          3          0          0          0   (incl. Padding)

    ----------------------------------------------------------------------

      Code (inc. data)   RO Data    RW Data    ZI Data      Debug   Library Name

      3072        114        133          4          0       1908   mc_w.l
      1426          0          0          0          0       1288   mf_w.l

    ----------------------------------------------------------------------
      4504        114        136          4          0       3196   Library Totals

    ----------------------------------------------------------------------

==============================================================================


      Code (inc. data)   RO Data    RW Data    ZI Data      Debug   

     19556        878        428         92       3620     580771   Grand Totals
     19556        878        428         92       3620     580771   ELF Image Totals
     19556        878        428         92          0          0   ROM Totals

==============================================================================

    Total RO  Size (Code + RO Data)                19984 (  19.52kB)
    Total RW  Size (RW Data + ZI Data)              3712 (   3.63kB)
    Total ROM Size (Code + RO Data + RW Data)      20076 (  19.61kB)

==============================================================================

